Modules list:
-------------
main.o:
    CODE              Offs=000000  Size=00026F  Align=00001  Fill=0000
    RODATA            Offs=000000  Size=00008B  Align=00001  Fill=0000
menu.o:
    CODE              Offs=00026F  Size=000144  Align=00001  Fill=0000
/Users/rje/git/cc65/lib/cx16.lib(_sys.o):
    CODE              Offs=0003B3  Size=000044  Align=00001  Fill=0000
/Users/rje/git/cc65/lib/cx16.lib(addeqsp.o):
    CODE              Offs=0003F7  Size=000011  Align=00001  Fill=0000
/Users/rje/git/cc65/lib/cx16.lib(addysp.o):
    CODE              Offs=000408  Size=00000E  Align=00001  Fill=0000
/Users/rje/git/cc65/lib/cx16.lib(aslax1.o):
    CODE              Offs=000416  Size=000008  Align=00001  Fill=0000
/Users/rje/git/cc65/lib/cx16.lib(aslax4.o):
    CODE              Offs=00041E  Size=000011  Align=00001  Fill=0000
/Users/rje/git/cc65/lib/cx16.lib(callmain.o):
    CODE              Offs=00042F  Size=000017  Align=00001  Fill=0000
    DATA              Offs=000000  Size=000004  Align=00001  Fill=0000
/Users/rje/git/cc65/lib/cx16.lib(color.o):
    CODE              Offs=000446  Size=00002A  Align=00001  Fill=0000
/Users/rje/git/cc65/lib/cx16.lib(condes.o):
    CODE              Offs=000470  Size=00000C  Align=00001  Fill=0000
    DATA              Offs=000004  Size=000025  Align=00001  Fill=0000
    ONCE              Offs=000000  Size=00000C  Align=00001  Fill=0000
/Users/rje/git/cc65/lib/cx16.lib(cputc.o):
    CODE              Offs=00047C  Size=000062  Align=00001  Fill=0000
    RODATA            Offs=00008B  Size=000008  Align=00001  Fill=0000
/Users/rje/git/cc65/lib/cx16.lib(cputs.o):
    CODE              Offs=0004DE  Size=000023  Align=00001  Fill=0000
/Users/rje/git/cc65/lib/cx16.lib(crt0.o):
    STARTUP           Offs=000000  Size=000021  Align=00001  Fill=0000
    ONCE              Offs=00000C  Size=00001B  Align=00001  Fill=0000
    INIT              Offs=000000  Size=000002  Align=00001  Fill=0000
/Users/rje/git/cc65/lib/cx16.lib(decsp2.o):
    CODE              Offs=000501  Size=00000D  Align=00001  Fill=0000
/Users/rje/git/cc65/lib/cx16.lib(decsp4.o):
    CODE              Offs=00050E  Size=00000D  Align=00001  Fill=0000
/Users/rje/git/cc65/lib/cx16.lib(decsp6.o):
    CODE              Offs=00051B  Size=00000D  Align=00001  Fill=0000
/Users/rje/git/cc65/lib/cx16.lib(exehdr.o):
    EXEHDR            Offs=000000  Size=00000C  Align=00001  Fill=0000
/Users/rje/git/cc65/lib/cx16.lib(gotoxy.o):
    CODE              Offs=000528  Size=00000F  Align=00001  Fill=0000
/Users/rje/git/cc65/lib/cx16.lib(icmp.o):
    CODE              Offs=000537  Size=00002E  Align=00001  Fill=0000
/Users/rje/git/cc65/lib/cx16.lib(incax2.o):
    CODE              Offs=000565  Size=000007  Align=00001  Fill=0000
/Users/rje/git/cc65/lib/cx16.lib(incax6.o):
    CODE              Offs=00056C  Size=000005  Align=00001  Fill=0000
/Users/rje/git/cc65/lib/cx16.lib(incaxy.o):
    CODE              Offs=000571  Size=00000B  Align=00001  Fill=0000
/Users/rje/git/cc65/lib/cx16.lib(incsp2.o):
    CODE              Offs=00057C  Size=000015  Align=00001  Fill=0000
/Users/rje/git/cc65/lib/cx16.lib(incsp6.o):
    CODE              Offs=000591  Size=000005  Align=00001  Fill=0000
/Users/rje/git/cc65/lib/cx16.lib(jmpvec.o):
    DATA              Offs=000029  Size=000003  Align=00001  Fill=0000
/Users/rje/git/cc65/lib/cx16.lib(kernal.o):
/Users/rje/git/cc65/lib/cx16.lib(ldaxsp.o):
    CODE              Offs=000596  Size=000009  Align=00001  Fill=0000
/Users/rje/git/cc65/lib/cx16.lib(leaaxsp.o):
    CODE              Offs=00059F  Size=00000C  Align=00001  Fill=0000
/Users/rje/git/cc65/lib/cx16.lib(loadaddr.o):
    LOADADDR          Offs=000000  Size=000002  Align=00001  Fill=0000
/Users/rje/git/cc65/lib/cx16.lib(popa.o):
    CODE              Offs=0005AB  Size=00000A  Align=00001  Fill=0000
/Users/rje/git/cc65/lib/cx16.lib(popptr1.o):
    CODE              Offs=0005B5  Size=00000E  Align=00001  Fill=0000
/Users/rje/git/cc65/lib/cx16.lib(pusha.o):
    CODE              Offs=0005C3  Size=000016  Align=00001  Fill=0000
/Users/rje/git/cc65/lib/cx16.lib(pushax.o):
    CODE              Offs=0005D9  Size=00001A  Align=00001  Fill=0000
/Users/rje/git/cc65/lib/cx16.lib(pushwsp.o):
    CODE              Offs=0005F3  Size=00001C  Align=00001  Fill=0000
/Users/rje/git/cc65/lib/cx16.lib(staxsp.o):
    CODE              Offs=00060F  Size=00000B  Align=00001  Fill=0000
/Users/rje/git/cc65/lib/cx16.lib(strcmp.o):
    CODE              Offs=00061A  Size=000021  Align=00001  Fill=0000
/Users/rje/git/cc65/lib/cx16.lib(strncpy.o):
    CODE              Offs=00063B  Size=000042  Align=00001  Fill=0000
/Users/rje/git/cc65/lib/cx16.lib(subysp.o):
    CODE              Offs=00067D  Size=00000D  Align=00001  Fill=0000
/Users/rje/git/cc65/lib/cx16.lib(wherex.o):
    CODE              Offs=00068A  Size=000006  Align=00001  Fill=0000
/Users/rje/git/cc65/lib/cx16.lib(wherey.o):
    CODE              Offs=000690  Size=000006  Align=00001  Fill=0000
/Users/rje/git/cc65/lib/cx16.lib(zerobss.o):
    CODE              Offs=000696  Size=000023  Align=00001  Fill=0000
/Users/rje/git/cc65/lib/cx16.lib(zeropage.o):
    ZEROPAGE          Offs=000000  Size=00001A  Align=00001  Fill=0000


Segment list:
-------------
Name                   Start     End    Size  Align
----------------------------------------------------
ZEROPAGE              000022  00003B  00001A  00001
LOADADDR              0007FF  000800  000002  00001
EXEHDR                000801  00080C  00000C  00001
STARTUP               00080D  00082D  000021  00001
CODE                  00082E  000EE6  0006B9  00001
RODATA                000EE7  000F79  000093  00001
DATA                  000F7A  000FA5  00002C  00001
INIT                  000FA6  000FA7  000002  00001
ONCE                  000FA8  000FCE  000027  00001


Exports list by name:
---------------------
CHROUT                    00FFD2 RLA    PLOT                      00FFF0 RLA    
__BSS_RUN__               000FA8 RLA    __BSS_SIZE__              000000 REA    
__CONSTRUCTOR_COUNT__     000000 REA    __CONSTRUCTOR_TABLE__     000FCF RLA    
__DESTRUCTOR_COUNT__      000000 REA    __DESTRUCTOR_TABLE__      000F7A RLA    
__EXEHDR__                000001 REA    __HEADER_LAST__           00080D RLA    
__HIMEM__                 009F00 REA    __LOADADDR__              000001 REA    
__MAIN_SIZE__             0096F3 REA    __MAIN_START__            00080D RLA    
__ONCE_RUN__              000FA8 RLA    __STACKSIZE__             000800 REA    
__STARTUP__               000001 REA    __sys                     000BE1 RLA    
_cputc                    000CAF RLA    _cputcxy                  000CAA RLA    
_cputsxy                  000D0C RLA    _gotoxy                   000D59 RLA    
_main                     000A7C RLA    _menu_draw                000A9D RLA    
_strcmp                   000E48 RLA    _strncpy                  000E69 RLA    
_textcolor                000C74 RLA    _wherex                   000EB8 RLA    
_wherey                   000EBE RLA    addeqysp                  000C27 RLA    
addysp                    000C37 RLA    aslax1                    000C44 RLA    
aslax4                    000C4C RLA    callmain                  000C5D RLA    
decsp2                    000D2F RLA    decsp4                    000D3C RLA    
decsp6                    000D49 RLA    donelib                   000C9E RLA    
gotoxy                    000D56 RLA    incax2                    000D93 RLA    
incax6                    000D9A RLA    incaxy                    000DA1 RLA    
incsp2                    000DB1 RLA    incsp6                    000DBF RLA    
initlib                   000FA8 RLA    jmpvec                    000FA3 RLA    
ldax0sp                   000DC4 RLA    ldaxysp                   000DC6 RLA    
leaa0sp                   000DCD RLA    plot                      000CDB RLA    
popa                      000DD9 RLA    popax                     000DAA RLA    
popptr1                   000DE3 RLA    ptr1                      00002A RLZ    
ptr2                      00002C RLZ    push0                     000E07 RLA    
pusha                     000DF5 RLA    pusha0                    000E09 RLA    
pushax                    000E0B RLA    pushwysp                  000E23 RLA    
sp                        000022 RLZ    sreg                      000024 RLZ    
staxysp                   000E3F RLA    subysp                    000EAB RLA    
tmp1                      000032 RLZ    tmp2                      000033 RLZ    
tmp3                      000034 RLZ    tosicmp                   000D67 RLA    
zerobss                   000EC4 RLA    


Exports list by value:
----------------------
__BSS_SIZE__              000000 REA    __DESTRUCTOR_COUNT__      000000 REA    
__CONSTRUCTOR_COUNT__     000000 REA    __STARTUP__               000001 REA    
__EXEHDR__                000001 REA    __LOADADDR__              000001 REA    
sp                        000022 RLZ    sreg                      000024 RLZ    
ptr1                      00002A RLZ    ptr2                      00002C RLZ    
tmp1                      000032 RLZ    tmp2                      000033 RLZ    
tmp3                      000034 RLZ    __STACKSIZE__             000800 REA    
__MAIN_START__            00080D RLA    __HEADER_LAST__           00080D RLA    
_main                     000A7C RLA    _menu_draw                000A9D RLA    
__sys                     000BE1 RLA    addeqysp                  000C27 RLA    
addysp                    000C37 RLA    aslax1                    000C44 RLA    
aslax4                    000C4C RLA    callmain                  000C5D RLA    
_textcolor                000C74 RLA    donelib                   000C9E RLA    
_cputcxy                  000CAA RLA    _cputc                    000CAF RLA    
plot                      000CDB RLA    _cputsxy                  000D0C RLA    
decsp2                    000D2F RLA    decsp4                    000D3C RLA    
decsp6                    000D49 RLA    gotoxy                    000D56 RLA    
_gotoxy                   000D59 RLA    tosicmp                   000D67 RLA    
incax2                    000D93 RLA    incax6                    000D9A RLA    
incaxy                    000DA1 RLA    popax                     000DAA RLA    
incsp2                    000DB1 RLA    incsp6                    000DBF RLA    
ldax0sp                   000DC4 RLA    ldaxysp                   000DC6 RLA    
leaa0sp                   000DCD RLA    popa                      000DD9 RLA    
popptr1                   000DE3 RLA    pusha                     000DF5 RLA    
push0                     000E07 RLA    pusha0                    000E09 RLA    
pushax                    000E0B RLA    pushwysp                  000E23 RLA    
staxysp                   000E3F RLA    _strcmp                   000E48 RLA    
_strncpy                  000E69 RLA    subysp                    000EAB RLA    
_wherex                   000EB8 RLA    _wherey                   000EBE RLA    
zerobss                   000EC4 RLA    __DESTRUCTOR_TABLE__      000F7A RLA    
jmpvec                    000FA3 RLA    __ONCE_RUN__              000FA8 RLA    
initlib                   000FA8 RLA    __BSS_RUN__               000FA8 RLA    
__CONSTRUCTOR_TABLE__     000FCF RLA    __MAIN_SIZE__             0096F3 REA    
__HIMEM__                 009F00 REA    CHROUT                    00FFD2 RLA    
PLOT                      00FFF0 RLA    


Imports list:
-------------
CHROUT (kernal.o):
    crt0.o                    cx16/crt0.s:10
PLOT (kernal.o):
    cputc.o                   cx16/cputc.s:11
__BSS_RUN__ ([linker generated]):
    zerobss.o                 common/zerobss.s:8
__BSS_SIZE__ ([linker generated]):
    zerobss.o                 common/zerobss.s:8
__CONSTRUCTOR_COUNT__ ([linker generated]):
    condes.o                  runtime/condes.s:18
__CONSTRUCTOR_TABLE__ ([linker generated]):
    condes.o                  runtime/condes.s:18
__DESTRUCTOR_COUNT__ ([linker generated]):
    condes.o                  runtime/condes.s:19
__DESTRUCTOR_TABLE__ ([linker generated]):
    condes.o                  runtime/condes.s:19
__EXEHDR__ (exehdr.o):
    [linker generated]        /Users/rje/git/cc65/cfg/cx16.cfg:6
__HEADER_LAST__ ([linker generated]):
    [linker generated]        /Users/rje/git/cc65/cfg/cx16.cfg:14
    [linker generated]        /Users/rje/git/cc65/cfg/cx16.cfg:14
__HIMEM__ ([linker generated]):
    [linker generated]        /Users/rje/git/cc65/cfg/cx16.cfg:15
    [linker generated]        /Users/rje/git/cc65/cfg/cx16.cfg:14
__LOADADDR__ (loadaddr.o):
    [linker generated]        /Users/rje/git/cc65/cfg/cx16.cfg:5
__MAIN_SIZE__ ([linker generated]):
    crt0.o                    cx16/crt0.s:11
__MAIN_START__ ([linker generated]):
    crt0.o                    cx16/crt0.s:11
__ONCE_RUN__ ([linker generated]):
    [linker generated]        /Users/rje/git/cc65/cfg/cx16.cfg:15
    [linker generated]        /Users/rje/git/cc65/cfg/cx16.cfg:15
__STACKSIZE__ ([linker generated]):
    [linker generated]        /Users/rje/git/cc65/cfg/cx16.cfg:15
__STARTUP__ (crt0.o):
    main.o                    main.s:13
__sys (_sys.o):
    main.o                    main.s:14
_cputc (cputc.o):
    cputs.o                   conio/cputs.s:9
_cputcxy (cputc.o):
    menu.o                    menu.s:15
_cputsxy (cputs.o):
    menu.o                    menu.s:16
    main.o                    main.s:16
_gotoxy (gotoxy.o):
    main.o                    main.s:15
_main (main.o):
    callmain.o                runtime/callmain.s:11
_menu_draw (menu.o):
    main.o                    main.s:20
_strcmp (strcmp.o):
    main.o                    main.s:18
_strncpy (strncpy.o):
    main.o                    main.s:19
_textcolor (color.o):
    main.o                    main.s:17
_wherex (wherex.o):
    menu.o                    menu.s:13
_wherey (wherey.o):
    menu.o                    menu.s:14
addeqysp (addeqsp.o):
    menu.o                    menu.s:179
    main.o                    main.s:386
addysp (addysp.o):
    incsp6.o                  runtime/incsp6.s:8
    menu.o                    menu.s:179
    main.o                    main.s:386
aslax1 (aslax1.o):
    main.o                    main.s:386
aslax4 (aslax4.o):
    main.o                    main.s:386
callmain (callmain.o):
    crt0.o                    cx16/crt0.s:9
decsp2 (decsp2.o):
    main.o                    main.s:386
decsp4 (decsp4.o):
    menu.o                    menu.s:179
decsp6 (decsp6.o):
    main.o                    main.s:386
donelib (condes.o):
    crt0.o                    cx16/crt0.s:8
gotoxy (gotoxy.o):
    cputs.o                   conio/cputs.s:9
    cputc.o                   cx16/cputc.s:11
incax2 (incax2.o):
    main.o                    main.s:386
incax6 (incax6.o):
    main.o                    main.s:386
incaxy (incaxy.o):
    incax6.o                  runtime/incax6.s:8
incsp2 (incsp2.o):
    popptr1.o                 runtime/popptr1.s:8
    main.o                    main.s:386
incsp6 (incsp6.o):
    main.o                    main.s:386
initlib (condes.o):
    crt0.o                    cx16/crt0.s:8
jmpvec (jmpvec.o):
    _sys.o                    common/_sys.s:8
ldax0sp (ldaxsp.o):
    menu.o                    menu.s:179
    main.o                    main.s:386
ldaxysp (ldaxsp.o):
    menu.o                    menu.s:179
    main.o                    main.s:386
leaa0sp (leaaxsp.o):
    main.o                    main.s:386
plot (cputc.o):
    gotoxy.o                  cx16/gotoxy.s:9
popa (popa.o):
    gotoxy.o                  cx16/gotoxy.s:9
popax (incsp2.o):
    strncpy.o                 common/strncpy.s:8
popptr1 (popptr1.o):
    strncpy.o                 common/strncpy.s:8
    strcmp.o                  common/strcmp.s:8
ptr1 (zeropage.o):
    popptr1.o                 runtime/popptr1.s:9
    zerobss.o                 common/zerobss.s:9
    strncpy.o                 common/strncpy.s:9
    strcmp.o                  common/strcmp.s:9
    cputs.o                   conio/cputs.s:10
    _sys.o                    common/_sys.s:9
    main.o                    main.s:11
ptr2 (zeropage.o):
    strncpy.o                 common/strncpy.s:9
    strcmp.o                  common/strcmp.s:9
push0 (pushax.o):
    main.o                    main.s:386
pusha (pusha.o):
    menu.o                    menu.s:179
    main.o                    main.s:386
    main.o                    main.s:386
    main.o                    main.s:386
pusha0 (pushax.o):
    main.o                    main.s:386
pushax (pushax.o):
    callmain.o                runtime/callmain.s:11
    menu.o                    menu.s:179
    main.o                    main.s:386
pushwysp (pushwsp.o):
    menu.o                    menu.s:179
sp (zeropage.o):
    popptr1.o                 runtime/popptr1.s:9
    subysp.o                  runtime/subysp.s:9
    staxsp.o                  runtime/staxsp.s:8
    pushwsp.o                 runtime/pushwsp.s:8
    pushax.o                  runtime/pushax.s:8
    pusha.o                   runtime/pusha.s:8
    popa.o                    runtime/popa.s:8
    leaaxsp.o                 runtime/leaaxsp.s:8
    ldaxsp.o                  runtime/ldaxsp.s:8
    incsp2.o                  runtime/incsp2.s:8
    icmp.o                    runtime/icmp.s:9
    decsp6.o                  runtime/decsp6.s:8
    decsp4.o                  runtime/decsp4.s:8
    decsp2.o                  runtime/decsp2.s:8
    crt0.o                    /Users/rje/git/cc65/asminc/zeropage.inc:11
    addysp.o                  runtime/addysp.s:8
    addeqsp.o                 runtime/addeqsp.s:8
    menu.o                    menu.s:10
    main.o                    main.s:10
sreg (zeropage.o):
    icmp.o                    runtime/icmp.s:9
staxysp (staxsp.o):
    menu.o                    menu.s:179
    main.o                    main.s:386
    main.o                    main.s:386
subysp (subysp.o):
    main.o                    main.s:386
tmp1 (zeropage.o):
    strncpy.o                 common/strncpy.s:9
    incaxy.o                  runtime/incaxy.s:8
    cputs.o                   conio/cputs.s:10
    color.o                   cx16/color.s:11
    aslax4.o                  runtime/aslax4.s:8
    aslax1.o                  runtime/aslax1.s:8
    main.o                    main.s:11
tmp2 (zeropage.o):
    strncpy.o                 common/strncpy.s:9
tmp3 (zeropage.o):
    strncpy.o                 common/strncpy.s:9
tosicmp (icmp.o):
    menu.o                    menu.s:179
zerobss (zerobss.o):
    crt0.o                    cx16/crt0.s:9

