Modules list:
-------------
main.o:
    CODE              Offs=000000  Size=00003C  Align=00001  Fill=0000
    RODATA            Offs=000000  Size=00000A  Align=00001  Fill=0000
    BSS               Offs=000000  Size=00005E  Align=00001  Fill=0000
astrogation.o:
    CODE              Offs=00003C  Size=0004B8  Align=00001  Fill=0000
    RODATA            Offs=00000A  Size=000094  Align=00001  Fill=0000
command_menu.o:
    CODE              Offs=0004F4  Size=000116  Align=00001  Fill=0000
    RODATA            Offs=00009E  Size=0000CC  Align=00001  Fill=0000
common.o:
    CODE              Offs=00060A  Size=00004B  Align=00001  Fill=0000
emplacement.o:
gamestate.o:
    CODE              Offs=000655  Size=000074  Align=00001  Fill=0000
    RODATA            Offs=00016A  Size=00000F  Align=00001  Fill=0000
    BSS               Offs=00005E  Size=000002  Align=00001  Fill=0000
map.o:
menu.o:
    CODE              Offs=0006C9  Size=000144  Align=00001  Fill=0000
missions.o:
    CODE              Offs=00080D  Size=000004  Align=00001  Fill=0000
player.o:
    CODE              Offs=000811  Size=00006A  Align=00001  Fill=0000
    RODATA            Offs=000179  Size=000011  Align=00001  Fill=0000
ship.o:
    CODE              Offs=00087B  Size=000003  Align=00001  Fill=0000
shipyard.o:
    CODE              Offs=00087E  Size=000004  Align=00001  Fill=0000
starport.o:
    CODE              Offs=000882  Size=000004  Align=00001  Fill=0000
/Users/rje/git/cc65/lib/cx16.lib(_cursor.o):
    BSS               Offs=000060  Size=000001  Align=00001  Fill=0000
/Users/rje/git/cc65/lib/cx16.lib(_directerrno.o):
    CODE              Offs=000886  Size=000009  Align=00001  Fill=0000
/Users/rje/git/cc65/lib/cx16.lib(_fdesc.o):
    CODE              Offs=00088F  Size=00001D  Align=00001  Fill=0000
/Users/rje/git/cc65/lib/cx16.lib(_file.o):
    DATA              Offs=000000  Size=00001E  Align=00001  Fill=0000
/Users/rje/git/cc65/lib/cx16.lib(_fopen.o):
    CODE              Offs=0008AC  Size=00007B  Align=00001  Fill=0000
    BSS               Offs=000061  Size=000002  Align=00001  Fill=0000
/Users/rje/git/cc65/lib/cx16.lib(_heap.o):
    DATA              Offs=00001E  Size=00000A  Align=00001  Fill=0000
    ONCE              Offs=000000  Size=000010  Align=00001  Fill=0000
/Users/rje/git/cc65/lib/cx16.lib(_heapmemavail.o):
    CODE              Offs=000927  Size=00004E  Align=00001  Fill=0000
/Users/rje/git/cc65/lib/cx16.lib(_hextab.o):
    RODATA            Offs=00018A  Size=000010  Align=00001  Fill=0000
/Users/rje/git/cc65/lib/cx16.lib(_longminstr.o):
    RODATA            Offs=00019A  Size=00000C  Align=00001  Fill=0000
/Users/rje/git/cc65/lib/cx16.lib(_mappederrno.o):
    CODE              Offs=000975  Size=00000F  Align=00001  Fill=0000
/Users/rje/git/cc65/lib/cx16.lib(_oserror.o):
    BSS               Offs=000063  Size=000001  Align=00001  Fill=0000
/Users/rje/git/cc65/lib/cx16.lib(_printf.o):
    CODE              Offs=000984  Size=0003A5  Align=00001  Fill=0000
    BSS               Offs=000064  Size=00002B  Align=00001  Fill=0000
    DATA              Offs=000028  Size=000003  Align=00001  Fill=0000
/Users/rje/git/cc65/lib/cx16.lib(_scanf.o):
    CODE              Offs=000D29  Size=00075C  Align=00001  Fill=0000
    RODATA            Offs=0001A6  Size=000010  Align=00001  Fill=0000
    BSS               Offs=00008F  Size=000042  Align=00001  Fill=0000
/Users/rje/git/cc65/lib/cx16.lib(_seterrno.o):
    CODE              Offs=001485  Size=000009  Align=00001  Fill=0000
/Users/rje/git/cc65/lib/cx16.lib(_sys.o):
    CODE              Offs=00148E  Size=000044  Align=00001  Fill=0000
/Users/rje/git/cc65/lib/cx16.lib(add.o):
    CODE              Offs=0014D2  Size=000018  Align=00001  Fill=0000
/Users/rje/git/cc65/lib/cx16.lib(addeqsp.o):
    CODE              Offs=0014EA  Size=000011  Align=00001  Fill=0000
/Users/rje/git/cc65/lib/cx16.lib(addysp.o):
    CODE              Offs=0014FB  Size=00000E  Align=00001  Fill=0000
/Users/rje/git/cc65/lib/cx16.lib(aslax4.o):
    CODE              Offs=001509  Size=000011  Align=00001  Fill=0000
/Users/rje/git/cc65/lib/cx16.lib(axlong.o):
    CODE              Offs=00151A  Size=00000D  Align=00001  Fill=0000
/Users/rje/git/cc65/lib/cx16.lib(c_bsout.o):
/Users/rje/git/cc65/lib/cx16.lib(callmain.o):
    CODE              Offs=001527  Size=000017  Align=00001  Fill=0000
    DATA              Offs=00002B  Size=000004  Align=00001  Fill=0000
/Users/rje/git/cc65/lib/cx16.lib(cgetc.o):
    CODE              Offs=00153E  Size=000067  Align=00001  Fill=0000
/Users/rje/git/cc65/lib/cx16.lib(close.o):
    CODE              Offs=0015A5  Size=000038  Align=00001  Fill=0000
/Users/rje/git/cc65/lib/cx16.lib(clrscr.o):
    CODE              Offs=0015DD  Size=000011  Align=00001  Fill=0000
/Users/rje/git/cc65/lib/cx16.lib(color.o):
    CODE              Offs=0015EE  Size=00002A  Align=00001  Fill=0000
/Users/rje/git/cc65/lib/cx16.lib(compl.o):
    CODE              Offs=001618  Size=000009  Align=00001  Fill=0000
/Users/rje/git/cc65/lib/cx16.lib(condes.o):
    CODE              Offs=001621  Size=00000C  Align=00001  Fill=0000
    DATA              Offs=00002F  Size=000025  Align=00001  Fill=0000
    ONCE              Offs=000010  Size=00000C  Align=00001  Fill=0000
/Users/rje/git/cc65/lib/cx16.lib(cprintf.o):
    CODE              Offs=00162D  Size=00002A  Align=00001  Fill=0000
    BSS               Offs=0000D1  Size=000001  Align=00001  Fill=0000
/Users/rje/git/cc65/lib/cx16.lib(cputc.o):
    CODE              Offs=001657  Size=000062  Align=00001  Fill=0000
    RODATA            Offs=0001B6  Size=000008  Align=00001  Fill=0000
/Users/rje/git/cc65/lib/cx16.lib(cputs.o):
    CODE              Offs=0016B9  Size=000023  Align=00001  Fill=0000
/Users/rje/git/cc65/lib/cx16.lib(crt0.o):
    STARTUP           Offs=000000  Size=000021  Align=00001  Fill=0000
    ONCE              Offs=00001C  Size=00001B  Align=00001  Fill=0000
    INIT              Offs=000000  Size=000002  Align=00001  Fill=0000
/Users/rje/git/cc65/lib/cx16.lib(ctype.o):
    RODATA            Offs=0001BE  Size=00008B  Align=00001  Fill=0000
/Users/rje/git/cc65/lib/cx16.lib(ctypemask.o):
    CODE              Offs=0016DC  Size=00001E  Align=00001  Fill=0000
/Users/rje/git/cc65/lib/cx16.lib(decaxy.o):
    CODE              Offs=0016FA  Size=000009  Align=00001  Fill=0000
/Users/rje/git/cc65/lib/cx16.lib(decsp1.o):
    CODE              Offs=001703  Size=000009  Align=00001  Fill=0000
/Users/rje/git/cc65/lib/cx16.lib(decsp4.o):
    CODE              Offs=00170C  Size=00000D  Align=00001  Fill=0000
/Users/rje/git/cc65/lib/cx16.lib(decsp6.o):
    CODE              Offs=001719  Size=00000D  Align=00001  Fill=0000
/Users/rje/git/cc65/lib/cx16.lib(diskcmd.o):
    CODE              Offs=001726  Size=0000C4  Align=00001  Fill=0000
    BSS               Offs=0000D2  Size=000017  Align=00001  Fill=0000
/Users/rje/git/cc65/lib/cx16.lib(div.o):
    CODE              Offs=0017EA  Size=000015  Align=00001  Fill=0000
/Users/rje/git/cc65/lib/cx16.lib(errno.o):
    BSS               Offs=0000E9  Size=000002  Align=00001  Fill=0000
/Users/rje/git/cc65/lib/cx16.lib(exehdr.o):
    EXEHDR            Offs=000000  Size=00000C  Align=00001  Fill=0000
/Users/rje/git/cc65/lib/cx16.lib(fclose.o):
    CODE              Offs=0017FF  Size=000022  Align=00001  Fill=0000
/Users/rje/git/cc65/lib/cx16.lib(fgetc.o):
    CODE              Offs=001821  Size=000084  Align=00001  Fill=0000
/Users/rje/git/cc65/lib/cx16.lib(filedes.o):
    CODE              Offs=0018A5  Size=00000E  Align=00001  Fill=0000
    DATA              Offs=000054  Size=000010  Align=00001  Fill=0000
/Users/rje/git/cc65/lib/cx16.lib(filename.o):
    CODE              Offs=0018B3  Size=0000A0  Align=00001  Fill=0000
    BSS               Offs=0000EB  Size=000003  Align=00001  Fill=0000
    DATA              Offs=000064  Size=000024  Align=00001  Fill=0000
/Users/rje/git/cc65/lib/cx16.lib(filetype.o):
    DATA              Offs=000088  Size=000001  Align=00001  Fill=0000
/Users/rje/git/cc65/lib/cx16.lib(filevars.o):
    CODE              Offs=001953  Size=000007  Align=00001  Fill=0000
    INIT              Offs=000002  Size=000001  Align=00001  Fill=0000
    ONCE              Offs=000037  Size=00000E  Align=00001  Fill=0000
/Users/rje/git/cc65/lib/cx16.lib(fmisc.o):
    CODE              Offs=00195A  Size=000044  Align=00001  Fill=0000
/Users/rje/git/cc65/lib/cx16.lib(fopen.o):
    CODE              Offs=00199E  Size=000018  Align=00001  Fill=0000
/Users/rje/git/cc65/lib/cx16.lib(fread.o):
    CODE              Offs=0019B6  Size=0000D3  Align=00001  Fill=0000
    BSS               Offs=0000EE  Size=000003  Align=00001  Fill=0000
/Users/rje/git/cc65/lib/cx16.lib(fscanf.o):
    CODE              Offs=001A89  Size=00002B  Align=00001  Fill=0000
    BSS               Offs=0000F1  Size=000001  Align=00001  Fill=0000
/Users/rje/git/cc65/lib/cx16.lib(fwrite.o):
    CODE              Offs=001AB4  Size=00007B  Align=00001  Fill=0000
    BSS               Offs=0000F2  Size=000002  Align=00001  Fill=0000
/Users/rje/git/cc65/lib/cx16.lib(gotox.o):
    CODE              Offs=001B2F  Size=000006  Align=00001  Fill=0000
/Users/rje/git/cc65/lib/cx16.lib(gotoxy.o):
    CODE              Offs=001B35  Size=00000F  Align=00001  Fill=0000
/Users/rje/git/cc65/lib/cx16.lib(gotoy.o):
    CODE              Offs=001B44  Size=000006  Align=00001  Fill=0000
/Users/rje/git/cc65/lib/cx16.lib(icmp.o):
    CODE              Offs=001B4A  Size=00002E  Align=00001  Fill=0000
/Users/rje/git/cc65/lib/cx16.lib(incsp1.o):
    CODE              Offs=001B78  Size=000007  Align=00001  Fill=0000
/Users/rje/git/cc65/lib/cx16.lib(incsp2.o):
    CODE              Offs=001B7F  Size=000015  Align=00001  Fill=0000
/Users/rje/git/cc65/lib/cx16.lib(incsp3.o):
    CODE              Offs=001B94  Size=000005  Align=00001  Fill=0000
/Users/rje/git/cc65/lib/cx16.lib(incsp4.o):
    CODE              Offs=001B99  Size=000005  Align=00001  Fill=0000
/Users/rje/git/cc65/lib/cx16.lib(incsp6.o):
    CODE              Offs=001B9E  Size=000005  Align=00001  Fill=0000
/Users/rje/git/cc65/lib/cx16.lib(incsp8.o):
    CODE              Offs=001BA3  Size=000005  Align=00001  Fill=0000
/Users/rje/git/cc65/lib/cx16.lib(isdigit.o):
    CODE              Offs=001BA8  Size=000008  Align=00001  Fill=0000
/Users/rje/git/cc65/lib/cx16.lib(isspace.o):
    CODE              Offs=001BB0  Size=000008  Align=00001  Fill=0000
/Users/rje/git/cc65/lib/cx16.lib(isxdigit.o):
    CODE              Offs=001BB8  Size=000008  Align=00001  Fill=0000
/Users/rje/git/cc65/lib/cx16.lib(jmpvec.o):
    DATA              Offs=000089  Size=000003  Align=00001  Fill=0000
/Users/rje/git/cc65/lib/cx16.lib(kbhit.o):
    CODE              Offs=001BC0  Size=000005  Align=00001  Fill=0000
/Users/rje/git/cc65/lib/cx16.lib(kernal.o):
/Users/rje/git/cc65/lib/cx16.lib(ladd.o):
    CODE              Offs=001BC5  Size=000024  Align=00001  Fill=0000
/Users/rje/git/cc65/lib/cx16.lib(ldaxi.o):
    CODE              Offs=001BE9  Size=00000D  Align=00001  Fill=0000
/Users/rje/git/cc65/lib/cx16.lib(ldaxsp.o):
    CODE              Offs=001BF6  Size=000009  Align=00001  Fill=0000
/Users/rje/git/cc65/lib/cx16.lib(leaaxsp.o):
    CODE              Offs=001BFF  Size=00000C  Align=00001  Fill=0000
/Users/rje/git/cc65/lib/cx16.lib(lmul.o):
    CODE              Offs=001C0B  Size=000059  Align=00001  Fill=0000
/Users/rje/git/cc65/lib/cx16.lib(lneg.o):
    CODE              Offs=001C64  Size=00001E  Align=00001  Fill=0000
/Users/rje/git/cc65/lib/cx16.lib(loadaddr.o):
    LOADADDR          Offs=000000  Size=000002  Align=00001  Fill=0000
/Users/rje/git/cc65/lib/cx16.lib(longjmp.o):
    CODE              Offs=001C82  Size=000028  Align=00001  Fill=0000
/Users/rje/git/cc65/lib/cx16.lib(lpush.o):
    CODE              Offs=001CAA  Size=00001E  Align=00001  Fill=0000
/Users/rje/git/cc65/lib/cx16.lib(ltoa.o):
    CODE              Offs=001CC8  Size=000093  Align=00001  Fill=0000
/Users/rje/git/cc65/lib/cx16.lib(makebool.o):
    CODE              Offs=001D5B  Size=00002C  Align=00001  Fill=0000
/Users/rje/git/cc65/lib/cx16.lib(memcpy.o):
    CODE              Offs=001D87  Size=00003C  Align=00001  Fill=0000
/Users/rje/git/cc65/lib/cx16.lib(mod.o):
    CODE              Offs=001DC3  Size=000011  Align=00001  Fill=0000
/Users/rje/git/cc65/lib/cx16.lib(mul.o):
    CODE              Offs=001DD4  Size=000045  Align=00001  Fill=0000
/Users/rje/git/cc65/lib/cx16.lib(mul8.o):
    CODE              Offs=001E19  Size=00003A  Align=00001  Fill=0000
/Users/rje/git/cc65/lib/cx16.lib(mulax10.o):
    CODE              Offs=001E53  Size=000019  Align=00001  Fill=0000
/Users/rje/git/cc65/lib/cx16.lib(negabs.o):
    CODE              Offs=001E6C  Size=000012  Align=00001  Fill=0000
/Users/rje/git/cc65/lib/cx16.lib(open.o):
    CODE              Offs=001E7E  Size=0000BE  Align=00001  Fill=0000
/Users/rje/git/cc65/lib/cx16.lib(oserror.o):
    CODE              Offs=001F3C  Size=000016  Align=00001  Fill=0000
    RODATA            Offs=000249  Size=00005A  Align=00001  Fill=0000
/Users/rje/git/cc65/lib/cx16.lib(popa.o):
    CODE              Offs=001F52  Size=00000A  Align=00001  Fill=0000
/Users/rje/git/cc65/lib/cx16.lib(popptr1.o):
    CODE              Offs=001F5C  Size=00000E  Align=00001  Fill=0000
/Users/rje/git/cc65/lib/cx16.lib(printf.o):
    CODE              Offs=001F6A  Size=000033  Align=00001  Fill=0000
    BSS               Offs=0000F4  Size=000001  Align=00001  Fill=0000
/Users/rje/git/cc65/lib/cx16.lib(push1.o):
    CODE              Offs=001F9D  Size=000005  Align=00001  Fill=0000
/Users/rje/git/cc65/lib/cx16.lib(pusha.o):
    CODE              Offs=001FA2  Size=000016  Align=00001  Fill=0000
/Users/rje/git/cc65/lib/cx16.lib(pushax.o):
    CODE              Offs=001FB8  Size=00001A  Align=00001  Fill=0000
/Users/rje/git/cc65/lib/cx16.lib(pushwsp.o):
    CODE              Offs=001FD2  Size=00001C  Align=00001  Fill=0000
/Users/rje/git/cc65/lib/cx16.lib(read.o):
    CODE              Offs=001FEE  Size=00007C  Align=00001  Fill=0000
    BSS               Offs=0000F5  Size=000001  Align=00001  Fill=0000
    ONCE              Offs=000045  Size=00000C  Align=00001  Fill=0000
/Users/rje/git/cc65/lib/cx16.lib(regswap2.o):
    CODE              Offs=00206A  Size=000016  Align=00001  Fill=0000
/Users/rje/git/cc65/lib/cx16.lib(return0.o):
    CODE              Offs=002080  Size=000004  Align=00001  Fill=0000
/Users/rje/git/cc65/lib/cx16.lib(rwcommon.o):
    CODE              Offs=002084  Size=00001A  Align=00001  Fill=0000
/Users/rje/git/cc65/lib/cx16.lib(scanf.o):
    CODE              Offs=00209E  Size=000033  Align=00001  Fill=0000
    BSS               Offs=0000F6  Size=000001  Align=00001  Fill=0000
/Users/rje/git/cc65/lib/cx16.lib(scratch.o):
    CODE              Offs=0020D1  Size=000019  Align=00001  Fill=0000
/Users/rje/git/cc65/lib/cx16.lib(setjmp.o):
    CODE              Offs=0020EA  Size=000025  Align=00001  Fill=0000
/Users/rje/git/cc65/lib/cx16.lib(shelp.o):
    CODE              Offs=00210F  Size=000020  Align=00001  Fill=0000
/Users/rje/git/cc65/lib/cx16.lib(staxsp.o):
    CODE              Offs=00212F  Size=00000B  Align=00001  Fill=0000
/Users/rje/git/cc65/lib/cx16.lib(strlen.o):
    CODE              Offs=00213A  Size=000016  Align=00001  Fill=0000
/Users/rje/git/cc65/lib/cx16.lib(strlower.o):
    CODE              Offs=002150  Size=000027  Align=00001  Fill=0000
/Users/rje/git/cc65/lib/cx16.lib(sub.o):
    CODE              Offs=002177  Size=000014  Align=00001  Fill=0000
/Users/rje/git/cc65/lib/cx16.lib(subysp.o):
    CODE              Offs=00218B  Size=00000D  Align=00001  Fill=0000
/Users/rje/git/cc65/lib/cx16.lib(tolower.o):
    CODE              Offs=002198  Size=000012  Align=00001  Fill=0000
/Users/rje/git/cc65/lib/cx16.lib(udiv.o):
    CODE              Offs=0021AA  Size=00004F  Align=00001  Fill=0000
/Users/rje/git/cc65/lib/cx16.lib(ungetc.o):
    CODE              Offs=0021F9  Size=00002E  Align=00001  Fill=0000
/Users/rje/git/cc65/lib/cx16.lib(vcprintf.o):
    CODE              Offs=002227  Size=000078  Align=00001  Fill=0000
    DATA              Offs=00008C  Size=000008  Align=00001  Fill=0000
/Users/rje/git/cc65/lib/cx16.lib(vfprintf.o):
    CODE              Offs=00229F  Size=000060  Align=00001  Fill=0000
    DATA              Offs=000094  Size=000008  Align=00001  Fill=0000
/Users/rje/git/cc65/lib/cx16.lib(vfscanf.o):
    CODE              Offs=0022FF  Size=000033  Align=00001  Fill=0000
    DATA              Offs=00009C  Size=000006  Align=00001  Fill=0000
/Users/rje/git/cc65/lib/cx16.lib(wherex.o):
    CODE              Offs=002332  Size=000006  Align=00001  Fill=0000
/Users/rje/git/cc65/lib/cx16.lib(wherey.o):
    CODE              Offs=002338  Size=000006  Align=00001  Fill=0000
/Users/rje/git/cc65/lib/cx16.lib(write.o):
    CODE              Offs=00233E  Size=000052  Align=00001  Fill=0000
    ONCE              Offs=000051  Size=000011  Align=00001  Fill=0000
/Users/rje/git/cc65/lib/cx16.lib(zerobss.o):
    CODE              Offs=002390  Size=000023  Align=00001  Fill=0000
/Users/rje/git/cc65/lib/cx16.lib(zeropage.o):
    ZEROPAGE          Offs=000000  Size=00001A  Align=00001  Fill=0000


Segment list:
-------------
Name                   Start     End    Size  Align
----------------------------------------------------
ZEROPAGE              000022  00003B  00001A  00001
LOADADDR              0007FF  000800  000002  00001
EXEHDR                000801  00080C  00000C  00001
STARTUP               00080D  00082D  000021  00001
CODE                  00082E  002BE0  0023B3  00001
RODATA                002BE1  002E87  0002A7  00001
DATA                  002E88  002F29  0000A2  00001
INIT                  002F2A  002F2C  000003  00001
BSS                   002F2D  003023  0000F7  00001
ONCE                  002F2D  002F96  00006A  00001


Exports list by name:
---------------------
BASIN                     00FFCF RLA    BSOUT                     00FFD2 RLA    
CHKIN                     00FFC6 RLA    CHROUT                    00FFD2 RLA    
CKOUT                     00FFC9 RLA    CLOSE                     00FFC3 RLA    
CLRCH                     00FFCC RLA    GETIN                     00FFE4 RLA    
KBDBUF_PEEK               00FEBD RLA    OPEN                      00FFC0 RLA    
PLOT                      00FFF0 RLA    READST                    00FFB7 RLA    
SETLFS                    00FFBA RLA    SETNAM                    00FFBD RLA    
__BSS_RUN__               002F2D RLA    __BSS_SIZE__              0000F7 REA    
__CONSTRUCTOR_COUNT__     000004 REA    __CONSTRUCTOR_TABLE__     002F8F RLA    
__DESTRUCTOR_COUNT__      000002 REA    __DESTRUCTOR_TABLE__      002E84 RLA    
__EXEHDR__                000001 REA    __HEADER_LAST__           00080D RLA    
__HIMEM__                 009F00 REA    __LOADADDR__              000001 REA    
__MAIN_SIZE__             0096F3 REA    __MAIN_START__            00080D RLA    
__ONCE_RUN__              002F2D RLA    __STACKSIZE__             000800 REA    
__STARTUP__               000001 REA    __ctype                   002D9F RLA    
__ctypeidx                002DAA RLA    __directerrno             0010B4 RLA    
__errno                   003016 RLA    __fdesc                   0010BD RLA    
__filetab                 002E88 RLA    __filetype                002F10 RLA    
__fopen                   0010DA RLA    __heapend                 002EAA RLA    
__heapfirst               002EAC RLA    __heapmemavail            001155 RLA    
__heapptr                 002EA8 RLA    __hextab                  002D6B RLA    
__longminstr              002D7B RLA    __mappederrno             0011A3 RLA    
__oserror                 002F90 RLA    __osmaperrno              00276A RLA    
__printf                  0012A5 RLA    __scanf                   001557 RLA    
__seterrno                001CB3 RLA    __setjmp                  002918 RLA    
__sys                     001CBC RLA    _abs                      00269A RLA    
_astrogation_menu         00097B RLA    _astrogation_print_current 000CE5 RLA    
_cbm_k_bsout              00FFD2 RLA    _cgetc                    001D6C RLA    
_close                    001DD3 RLA    _clrscr                   001E0B RLA    
_command_menu             000D22 RLA    _cprintf                  001E5B RLA    
_cputc                    001E8A RLA    _cputcxy                  001E85 RLA    
_cputsxy                  001EE7 RLA    _fclose                   00202D RLA    
_ferror                   0021AB RLA    _fgetc                    00204F RLA    
_fopen                    0021CC RLA    _fread                    0021E4 RLA    
_fscanf                   0022B7 RLA    _fwrite                   0022E2 RLA    
_gamestate_load           000EC0 RLA    _gamestate_nextTurn       000E83 RLA    
_gamestate_save           000E8E RLA    _gotox                    00235D RLA    
_gotoxy                   002366 RLA    _gotoy                    002372 RLA    
_isdigit                  0023D6 RLA    _isspace                  0023DE RLA    
_isxdigit                 0023E6 RLA    _kbhit                    0023EE RLA    
_longjmp                  0024B0 RLA    _ltoa                     00250E RLA    
_main                     00082E RLA    _memcpy                   0025B5 RLA    
_menu_draw                000EF7 RLA    _missions_view            00103B RLA    
_open                     0026C0 RLA    _player                   002F2D RLA    
_player_loadActive        00103F RLA    _printf                   002798 RLA    
_read                     00281C RLA    _scanf                    0028CC RLA    
_set_PET_font             000E38 RLA    _ship_travel              0010A9 RLA    
_shipyard_upgrade         0010AC RLA    _starport_trade           0010B0 RLA    
_stdin                    002EA0 RLA    _stdout                   002EA2 RLA    
_strlen                   002968 RLA    _strlower                 00297E RLA    
_textcolor                001E1C RLA    _tolower                  0029C6 RLA    
_ultoa                    00254D RLA    _ungetc                   002A27 RLA    
_vcprintf                 002A9D RLA    _vfprintf                 002B04 RLA    
_vfscanf                  002B2D RLA    _wherex                   002B60 RLA    
_wherey                   002B66 RLA    _write                    002B6C RLA    
addeqysp                  001D1A RLA    addysp                    001D2A RLA    
addysp1                   001D29 RLA    aslax4                    001D37 RLA    
axlong                    001D48 RLA    axulong                   001D4E RLA    
booleq                    00258F RLA    callmain                  001D55 RLA    
closeallfiles             0026AC  LAI   closecmdchannel           001F8A RLA    
complax                   001E46 RLA    ctypemask                 001F0A RLA    
ctypemaskdirect           001F0E RLA    cursor                    002F8D RLA    
curunit                   002F2C RLA    decaxy                    001F28 RLA    
decsp1                    001F31 RLA    decsp4                    001F3A RLA    
decsp6                    001F47 RLA    donelib                   001E4F RLA    
fdtab                     002EDC RLA    fnaddmode                 002170 RLA    
fncmd                     002EEC RLA    fncomplete                002168 RLA    
fnisfile                  00301A RLA    fnlen                     003019 RLA    
fnparse                   0020FC RLA    fnset                     00215E RLA    
fnunit                    003018 RLA    freefd                    0020D3 RLA    
gotoxy                    002363 RLA    incsp1                    0023A6 RLA    
incsp2                    0023B4 RLA    incsp3                    0023C2 RLA    
incsp4                    0023C7 RLA    incsp6                    0023CC RLA    
incsp8                    0023D1 RLA    initcurunit               002F64  LAI   
initheap                  002F2D  LAI   initlib                   002F3D RLA    
initstdin                 002F72  LAI   initstdout                002F7E  LAI   
jmpvec                    002F11 RLA    ldax0sp                   002424 RLA    
ldaxi                     002417 RLA    ldaxysp                   002426 RLA    
leaa0sp                   00242D RLA    mul8x16                   002649 RLA    
mul8x16a                  002653 RLA    mulax10                   002681 RLA    
negax                     00269E RLA    negeax                    002492 RLA    
opencmdchannel            001F5D RLA    plot                      001EB6 RLA    
popa                      002780 RLA    popax                     0023AD RLA    
popptr1                   00278A RLA    popsargsudiv16            00293D RLA    
ptr1                      00002A RLZ    ptr2                      00002C RLZ    
ptr3                      00002E RLZ    ptr4                      000030 RLZ    
push1                     0027CB RLA    pusha                     0027D4 RLA    
pusha0                    0027E8 RLA    pushax                    0027EA RLA    
pusheax                   0024DF RLA    pushw0sp                  002800 RLA    
pushwysp                  002802 RLA    readdiskerror             001FA5 RLA    
regbank                   000036 RLZ    regsave                   000026 RLZ    
regswap2                  002898 RLA    return0                   0028AE RLA    
rwcommon                  0028B2 RLA    scratch                   0028FF RLA    
sp                        000022 RLZ    sreg                      000024 RLZ    
stax0sp                   00295D RLA    staxysp                   00295F RLA    
subysp                    0029B9 RLA    tmp1                      000032 RLZ    
tmp2                      000033 RLZ    tmp3                      000034 RLZ    
tmp4                      000035 RLZ    tosaddax                  001D02 RLA    
tosaddeax                 0023F9 RLA    tosdiva0                  002018 RLA    
tosicmp                   00237A RLA    tosmoda0                  0025F1 RLA    
tosmula0                  002647 RLA    tosmuleax                 00243D RLA    
tossuba0                  0029A5 RLA    tosudivax                 0029DA RLA    
tosumulax                 002602 RLA    udiv16                    0029E9 RLA    
unittab                   002EE4 RLA    updatedevnum              002181  LAI   
writefndiskcmd            001FDD RLA    zerobss                   002BBE RLA    



Exports list by value:
----------------------
__LOADADDR__              000001 REA    __STARTUP__               000001 REA    
__EXEHDR__                000001 REA    __DESTRUCTOR_COUNT__      000002 REA    
__CONSTRUCTOR_COUNT__     000004 REA    sp                        000022 RLZ    
sreg                      000024 RLZ    regsave                   000026 RLZ    
ptr1                      00002A RLZ    ptr2                      00002C RLZ    
ptr3                      00002E RLZ    ptr4                      000030 RLZ    
tmp1                      000032 RLZ    tmp2                      000033 RLZ    
tmp3                      000034 RLZ    tmp4                      000035 RLZ    
regbank                   000036 RLZ    __BSS_SIZE__              0000F7 REA    
__STACKSIZE__             000800 REA    __HEADER_LAST__           00080D RLA    
__MAIN_START__            00080D RLA    _main                     00082E RLA    
_astrogation_menu         00097B RLA    _astrogation_print_current 000CE5 RLA    
_command_menu             000D22 RLA    _set_PET_font             000E38 RLA    
_gamestate_nextTurn       000E83 RLA    _gamestate_save           000E8E RLA    
_gamestate_load           000EC0 RLA    _menu_draw                000EF7 RLA    
_missions_view            00103B RLA    _player_loadActive        00103F RLA    
_ship_travel              0010A9 RLA    _shipyard_upgrade         0010AC RLA    
_starport_trade           0010B0 RLA    __directerrno             0010B4 RLA    
__fdesc                   0010BD RLA    __fopen                   0010DA RLA    
__heapmemavail            001155 RLA    __mappederrno             0011A3 RLA    
__printf                  0012A5 RLA    __scanf                   001557 RLA    
__seterrno                001CB3 RLA    __sys                     001CBC RLA    
tosaddax                  001D02 RLA    addeqysp                  001D1A RLA    
addysp1                   001D29 RLA    addysp                    001D2A RLA    
aslax4                    001D37 RLA    axlong                    001D48 RLA    
axulong                   001D4E RLA    callmain                  001D55 RLA    
_cgetc                    001D6C RLA    _close                    001DD3 RLA    
_clrscr                   001E0B RLA    _textcolor                001E1C RLA    
complax                   001E46 RLA    donelib                   001E4F RLA    
_cprintf                  001E5B RLA    _cputcxy                  001E85 RLA    
_cputc                    001E8A RLA    plot                      001EB6 RLA    
_cputsxy                  001EE7 RLA    ctypemask                 001F0A RLA    
ctypemaskdirect           001F0E RLA    decaxy                    001F28 RLA    
decsp1                    001F31 RLA    decsp4                    001F3A RLA    
decsp6                    001F47 RLA    opencmdchannel            001F5D RLA    
closecmdchannel           001F8A RLA    readdiskerror             001FA5 RLA    
writefndiskcmd            001FDD RLA    tosdiva0                  002018 RLA    
_fclose                   00202D RLA    _fgetc                    00204F RLA    
freefd                    0020D3 RLA    fnparse                   0020FC RLA    
fnset                     00215E RLA    fncomplete                002168 RLA    
fnaddmode                 002170 RLA    updatedevnum              002181  LAI   
_ferror                   0021AB RLA    _fopen                    0021CC RLA    
_fread                    0021E4 RLA    _fscanf                   0022B7 RLA    
_fwrite                   0022E2 RLA    _gotox                    00235D RLA    
gotoxy                    002363 RLA    _gotoxy                   002366 RLA    
_gotoy                    002372 RLA    tosicmp                   00237A RLA    
incsp1                    0023A6 RLA    popax                     0023AD RLA    
incsp2                    0023B4 RLA    incsp3                    0023C2 RLA    
incsp4                    0023C7 RLA    incsp6                    0023CC RLA    
incsp8                    0023D1 RLA    _isdigit                  0023D6 RLA    
_isspace                  0023DE RLA    _isxdigit                 0023E6 RLA    
_kbhit                    0023EE RLA    tosaddeax                 0023F9 RLA    
ldaxi                     002417 RLA    ldax0sp                   002424 RLA    
ldaxysp                   002426 RLA    leaa0sp                   00242D RLA    
tosmuleax                 00243D RLA    negeax                    002492 RLA    
_longjmp                  0024B0 RLA    pusheax                   0024DF RLA    
_ltoa                     00250E RLA    _ultoa                    00254D RLA    
booleq                    00258F RLA    _memcpy                   0025B5 RLA    
tosmoda0                  0025F1 RLA    tosumulax                 002602 RLA    
tosmula0                  002647 RLA    mul8x16                   002649 RLA    
mul8x16a                  002653 RLA    mulax10                   002681 RLA    
_abs                      00269A RLA    negax                     00269E RLA    
closeallfiles             0026AC  LAI   _open                     0026C0 RLA    
__osmaperrno              00276A RLA    popa                      002780 RLA    
popptr1                   00278A RLA    _printf                   002798 RLA    
push1                     0027CB RLA    pusha                     0027D4 RLA    
pusha0                    0027E8 RLA    pushax                    0027EA RLA    
pushw0sp                  002800 RLA    pushwysp                  002802 RLA    
_read                     00281C RLA    regswap2                  002898 RLA    
return0                   0028AE RLA    rwcommon                  0028B2 RLA    
_scanf                    0028CC RLA    scratch                   0028FF RLA    
__setjmp                  002918 RLA    popsargsudiv16            00293D RLA    
stax0sp                   00295D RLA    staxysp                   00295F RLA    
_strlen                   002968 RLA    _strlower                 00297E RLA    
tossuba0                  0029A5 RLA    subysp                    0029B9 RLA    
_tolower                  0029C6 RLA    tosudivax                 0029DA RLA    
udiv16                    0029E9 RLA    _ungetc                   002A27 RLA    
_vcprintf                 002A9D RLA    _vfprintf                 002B04 RLA    
_vfscanf                  002B2D RLA    _wherex                   002B60 RLA    
_wherey                   002B66 RLA    _write                    002B6C RLA    
zerobss                   002BBE RLA    __hextab                  002D6B RLA    
__longminstr              002D7B RLA    __ctype                   002D9F RLA    
__ctypeidx                002DAA RLA    __DESTRUCTOR_TABLE__      002E84 RLA    
__filetab                 002E88 RLA    _stdin                    002EA0 RLA    
_stdout                   002EA2 RLA    __heapptr                 002EA8 RLA    
__heapend                 002EAA RLA    __heapfirst               002EAC RLA    
fdtab                     002EDC RLA    unittab                   002EE4 RLA    
fncmd                     002EEC RLA    __filetype                002F10 RLA    
jmpvec                    002F11 RLA    curunit                   002F2C RLA    
_player                   002F2D RLA    __ONCE_RUN__              002F2D RLA    
initheap                  002F2D  LAI   __BSS_RUN__               002F2D RLA    
initlib                   002F3D RLA    initcurunit               002F64  LAI   
initstdin                 002F72  LAI   initstdout                002F7E  LAI   
cursor                    002F8D RLA    __CONSTRUCTOR_TABLE__     002F8F RLA    
__oserror                 002F90 RLA    __errno                   003016 RLA    
fnunit                    003018 RLA    fnlen                     003019 RLA    
fnisfile                  00301A RLA    __MAIN_SIZE__             0096F3 REA    
__HIMEM__                 009F00 REA    KBDBUF_PEEK               00FEBD RLA    
READST                    00FFB7 RLA    SETLFS                    00FFBA RLA    
SETNAM                    00FFBD RLA    OPEN                      00FFC0 RLA    
CLOSE                     00FFC3 RLA    CHKIN                     00FFC6 RLA    
CKOUT                     00FFC9 RLA    CLRCH                     00FFCC RLA    
BASIN                     00FFCF RLA    CHROUT                    00FFD2 RLA    
BSOUT                     00FFD2 RLA    _cbm_k_bsout              00FFD2 RLA    
GETIN                     00FFE4 RLA    PLOT                      00FFF0 RLA    



Imports list:
-------------
BASIN (kernal.o):
    diskcmd.o                 cbm/cbm.inc:47
    read.o                    cbm/cbm.inc:47
BSOUT (kernal.o):
    diskcmd.o                 cbm/cbm.inc:49
    write.o                   cbm/cbm.inc:49
    read.o                    cbm/cbm.inc:49
    c_bsout.o                 cbm/cbm.inc:49
CHKIN (kernal.o):
    diskcmd.o                 cbm/cbm.inc:44
    read.o                    cbm/cbm.inc:44
CHROUT (kernal.o):
    crt0.o                    cx16/crt0.s:10
    clrscr.o                  cx16/clrscr.s:10
    c_bsout.o                 cbm/cbm.inc:50
CKOUT (kernal.o):
    diskcmd.o                 cbm/cbm.inc:45
    write.o                   cbm/cbm.inc:45
CLOSE (kernal.o):
    open.o                    cbm/cbm.inc:36
    diskcmd.o                 cbm/cbm.inc:36
    close.o                   cbm/cbm.inc:36
CLRCH (kernal.o):
    diskcmd.o                 cbm/cbm.inc:46
    write.o                   cbm/cbm.inc:46
    read.o                    cbm/cbm.inc:46
GETIN (kernal.o):
    cgetc.o                   cx16/cgetc.s:10
KBDBUF_PEEK (kernal.o):
    kbhit.o                   cx16/kbhit.s:10
OPEN (kernal.o):
    open.o                    cbm/cbm.inc:35
    diskcmd.o                 cbm/cbm.inc:35
    write.o                   cbm/cbm.inc:35
    read.o                    cbm/cbm.inc:35
PLOT (kernal.o):
    cputc.o                   cx16/cputc.s:11
READST (kernal.o):
    write.o                   cbm/cbm.inc:32
    read.o                    cbm/cbm.inc:32
SETLFS (kernal.o):
    open.o                    cbm/cbm.inc:33
    diskcmd.o                 cbm/cbm.inc:33
    write.o                   cbm/cbm.inc:33
    read.o                    cbm/cbm.inc:33
SETNAM (kernal.o):
    filename.o                cbm/cbm.inc:34
    diskcmd.o                 cbm/cbm.inc:34
__BSS_RUN__ ([linker generated]):
    _heap.o                   common/_heap.s:8
    zerobss.o                 common/zerobss.s:8
__BSS_SIZE__ ([linker generated]):
    _heap.o                   common/_heap.s:8
    zerobss.o                 common/zerobss.s:8
__CONSTRUCTOR_COUNT__ ([linker generated]):
    condes.o                  runtime/condes.s:18
__CONSTRUCTOR_TABLE__ ([linker generated]):
    condes.o                  runtime/condes.s:18
__DESTRUCTOR_COUNT__ ([linker generated]):
    condes.o                  runtime/condes.s:19
__DESTRUCTOR_TABLE__ ([linker generated]):
    condes.o                  runtime/condes.s:19
__EXEHDR__ (exehdr.o):
    [linker generated]        /Users/rje/git/cc65/cfg/cx16.cfg:6
__HEADER_LAST__ ([linker generated]):
    [linker generated]        /Users/rje/git/cc65/cfg/cx16.cfg:14
    [linker generated]        /Users/rje/git/cc65/cfg/cx16.cfg:14
__HIMEM__ ([linker generated]):
    [linker generated]        /Users/rje/git/cc65/cfg/cx16.cfg:15
    [linker generated]        /Users/rje/git/cc65/cfg/cx16.cfg:14
__LOADADDR__ (loadaddr.o):
    [linker generated]        /Users/rje/git/cc65/cfg/cx16.cfg:5
__MAIN_SIZE__ ([linker generated]):
    crt0.o                    cx16/crt0.s:11
__MAIN_START__ ([linker generated]):
    crt0.o                    cx16/crt0.s:11
__ONCE_RUN__ ([linker generated]):
    [linker generated]        /Users/rje/git/cc65/cfg/cx16.cfg:15
    [linker generated]        /Users/rje/git/cc65/cfg/cx16.cfg:15
__STACKSIZE__ ([linker generated]):
    _heap.o                   common/_heap.s:8
    [linker generated]        /Users/rje/git/cc65/cfg/cx16.cfg:15
__STARTUP__ (crt0.o):
    main.o                    main.s:13
__ctype (ctype.o):
    ctypemask.o               common/ctypemask.s:23
__ctypeidx (ctype.o):
    ctypemask.o               common/ctypemask.s:24
__directerrno (_directerrno.o):
    open.o                    /Users/rje/git/cc65/asminc/errno.inc:10
    close.o                   /Users/rje/git/cc65/asminc/errno.inc:10
    write.o                   /Users/rje/git/cc65/asminc/errno.inc:10
    read.o                    /Users/rje/git/cc65/asminc/errno.inc:10
__errno (errno.o):
    _seterrno.o               /Users/rje/git/cc65/asminc/errno.inc:7
__fdesc (_fdesc.o):
    fopen.o                   common/fopen.s:10
__filetab (_file.o):
    _fdesc.o                  /Users/rje/git/cc65/asminc/_file.inc:25
__filetype (filetype.o):
    filename.o                cbm/filename.s:11
__fopen (_fopen.o):
    fopen.o                   common/fopen.s:10
__heapend (_heap.o):
    _heapmemavail.o           /Users/rje/git/cc65/asminc/_heap.inc:33
__heapfirst (_heap.o):
    _heapmemavail.o           /Users/rje/git/cc65/asminc/_heap.inc:34
__heapmemavail (_heapmemavail.o):
    main.o                    main.s:15
__heapptr (_heap.o):
    _heapmemavail.o           /Users/rje/git/cc65/asminc/_heap.inc:32
__hextab (_hextab.o):
    ltoa.o                    common/ltoa.s:10
__longminstr (_longminstr.o):
    ltoa.o                    common/ltoa.s:10
__mappederrno (_mappederrno.o):
    open.o                    /Users/rje/git/cc65/asminc/errno.inc:10
    close.o                   /Users/rje/git/cc65/asminc/errno.inc:10
    write.o                   /Users/rje/git/cc65/asminc/errno.inc:10
    read.o                    /Users/rje/git/cc65/asminc/errno.inc:10
__oserror (_oserror.o):
    open.o                    /Users/rje/git/cc65/asminc/errno.inc:7
    _mappederrno.o            /Users/rje/git/cc65/asminc/errno.inc:7
    _directerrno.o            /Users/rje/git/cc65/asminc/errno.inc:7
    write.o                   /Users/rje/git/cc65/asminc/errno.inc:7
    read.o                    /Users/rje/git/cc65/asminc/errno.inc:7
__osmaperrno (oserror.o):
    _mappederrno.o            /Users/rje/git/cc65/asminc/errno.inc:8
__printf (_printf.o):
    vfprintf.o                common/vfprintf.s:10
    vcprintf.o                conio/vcprintf.s:9
__scanf (_scanf.o):
    vfscanf.o                 common/_scanf.inc:17
__seterrno (_seterrno.o):
    ungetc.o                  /Users/rje/git/cc65/asminc/errno.inc:9
    fmisc.o                   /Users/rje/git/cc65/asminc/errno.inc:9
    _scanf.o                  ../libwrk/cx16/_scanf.s:16
    _mappederrno.o            /Users/rje/git/cc65/asminc/errno.inc:9
    _fopen.o                  /Users/rje/git/cc65/asminc/errno.inc:9
    _directerrno.o            /Users/rje/git/cc65/asminc/errno.inc:9
    fwrite.o                  /Users/rje/git/cc65/asminc/errno.inc:9
    fread.o                   /Users/rje/git/cc65/asminc/errno.inc:9
    fopen.o                   /Users/rje/git/cc65/asminc/errno.inc:9
    fclose.o                  /Users/rje/git/cc65/asminc/errno.inc:9
__setjmp (setjmp.o):
    _scanf.o                  ../libwrk/cx16/_scanf.s:14
__sys (_sys.o):
    common.o                  common.s:13
_abs (negabs.o):
    astrogation.o             astrogation.s:20
_astrogation_menu (astrogation.o):
    ship.o                    ship.s:14
_astrogation_print_current (astrogation.o):
    command_menu.o            command_menu.s:26
_cbm_k_bsout (c_bsout.o):
    common.o                  common.s:14
_cgetc (cgetc.o):
    command_menu.o            command_menu.s:17
_close (close.o):
    open.o                    cbm/open.s:14
    fclose.o                  common/fclose.s:10
_clrscr (clrscr.o):
    common.o                  common.s:15
    command_menu.o            command_menu.s:14
    astrogation.o             astrogation.s:13
    main.o                    main.s:16
_command_menu (command_menu.o):
    main.o                    main.s:23
_cprintf (cprintf.o):
    astrogation.o             astrogation.s:16
_cputc (cputc.o):
    vcprintf.o                conio/vcprintf.s:9
    cputs.o                   conio/cputs.s:9
_cputcxy (cputc.o):
    menu.o                    menu.s:15
_cputsxy (cputs.o):
    menu.o                    menu.s:16
    command_menu.o            command_menu.s:16
    astrogation.o             astrogation.s:15
_fclose (fclose.o):
    player.o                  player.s:13
    gamestate.o               gamestate.s:13
_ferror (fmisc.o):
    vfscanf.o                 common/vfscanf.s:9
_fgetc (fgetc.o):
    vfscanf.o                 common/vfscanf.s:9
_fopen (fopen.o):
    player.o                  player.s:14
    gamestate.o               gamestate.s:14
_fread (fread.o):
    player.o                  player.s:15
    gamestate.o               gamestate.s:15
_fscanf (fscanf.o):
    player.o                  player.s:16
_fwrite (fwrite.o):
    vfprintf.o                common/vfprintf.s:10
    gamestate.o               gamestate.s:16
_gamestate_load (gamestate.o):
    main.o                    main.s:22
_gamestate_nextTurn (gamestate.o):
    command_menu.o            command_menu.s:21
_gamestate_save (gamestate.o):
    command_menu.o            command_menu.s:22
_gotox (gotox.o):
    main.o                    main.s:17
_gotoxy (gotoxy.o):
    command_menu.o            command_menu.s:15
    astrogation.o             astrogation.s:14
    main.o                    main.s:18
_gotoy (gotoy.o):
    common.o                  common.s:16
_isdigit (isdigit.o):
    _scanf.o                  ../libwrk/cx16/_scanf.s:17
_isspace (isspace.o):
    _scanf.o                  ../libwrk/cx16/_scanf.s:18
_isxdigit (isxdigit.o):
    _scanf.o                  ../libwrk/cx16/_scanf.s:19
_kbhit (kbhit.o):
    cgetc.o                   cx16/cgetc.s:10
_longjmp (longjmp.o):
    _scanf.o                  ../libwrk/cx16/_scanf.s:15
_ltoa (ltoa.o):
    _printf.o                 common/_printf.s:12
_main (main.o):
    callmain.o                runtime/callmain.s:11
_memcpy (memcpy.o):
    astrogation.o             astrogation.s:655
_menu_draw (menu.o):
    command_menu.o            command_menu.s:19
    astrogation.o             astrogation.s:25
_missions_view (missions.o):
    command_menu.o            command_menu.s:25
_open (open.o):
    _fopen.o                  common/_fopen.s:10
_player (main.o):
    astrogation.o             astrogation.s:26
_player_loadActive (player.o):
    main.o                    main.s:21
_printf (printf.o):
    command_menu.o            command_menu.s:13
    astrogation.o             astrogation.s:18
    main.o                    main.s:14
_read (read.o):
    fgetc.o                   ../libwrk/cx16/fgetc.s:14
    fread.o                   common/fread.s:10
_scanf (scanf.o):
    astrogation.o             astrogation.s:19
_set_PET_font (common.o):
    main.o                    main.s:20
_ship_travel (ship.o):
    command_menu.o            command_menu.s:20
_shipyard_upgrade (shipyard.o):
    command_menu.o            command_menu.s:24
_starport_trade (starport.o):
    command_menu.o            command_menu.s:23
_stdin (_file.o):
    scanf.o                   common/scanf.s:10
_stdout (_file.o):
    printf.o                  common/printf.s:8
_strlen (strlen.o):
    _printf.o                 common/_printf.s:13
_strlower (strlower.o):
    _printf.o                 common/_printf.s:13
_textcolor (color.o):
    common.o                  common.s:17
    astrogation.o             astrogation.s:17
    main.o                    main.s:19
_tolower (tolower.o):
    _scanf.o                  ../libwrk/cx16/_scanf.s:20
_ultoa (ltoa.o):
    _printf.o                 common/_printf.s:12
_ungetc (ungetc.o):
    vfscanf.o                 common/vfscanf.s:9
_vcprintf (vcprintf.o):
    cprintf.o                 conio/cprintf.s:8
_vfprintf (vfprintf.o):
    printf.o                  common/printf.s:8
_vfscanf (vfscanf.o):
    scanf.o                   common/scanf.s:10
    fscanf.o                  common/fscanf.s:8
_wherex (wherex.o):
    menu.o                    menu.s:13
_wherey (wherey.o):
    menu.o                    menu.s:14
_write (write.o):
    fwrite.o                  common/fwrite.s:10
addeqysp (addeqsp.o):
    menu.o                    menu.s:179
    astrogation.o             astrogation.s:655
    astrogation.o             astrogation.s:655
addysp (addysp.o):
    open.o                    cbm/open.s:10
    incsp8.o                  runtime/incsp8.s:8
    incsp3.o                  runtime/incsp3.s:8
    scanf.o                   common/scanf.s:10
    printf.o                  common/printf.s:8
    incsp6.o                  runtime/incsp6.s:8
    incsp4.o                  runtime/incsp4.s:8
    fwrite.o                  common/fwrite.s:11
    fscanf.o                  common/fscanf.s:8
    cprintf.o                 conio/cprintf.s:8
    player.o                  player.s:83
    menu.o                    menu.s:179
    astrogation.o             astrogation.s:655
    astrogation.o             astrogation.s:655
    astrogation.o             astrogation.s:655
    astrogation.o             astrogation.s:655
addysp1 (addysp.o):
    lmul.o                    runtime/lmul.s:9
    ladd.o                    runtime/ladd.s:8
    sub.o                     runtime/sub.s:8
aslax4 (aslax4.o):
    astrogation.o             astrogation.s:655
axlong (axlong.o):
    _printf.o                 common/_printf.s:11
axulong (axlong.o):
    _scanf.o                  ../libwrk/cx16/_scanf.s:1057
    _scanf.o                  ../libwrk/cx16/_scanf.s:1057
    _printf.o                 common/_printf.s:11
booleq (makebool.o):
    _scanf.o                  ../libwrk/cx16/_scanf.s:1057
callmain (callmain.o):
    crt0.o                    cx16/crt0.s:9
closecmdchannel (diskcmd.o):
    scratch.o                 cbm/scratch.s:8
    open.o                    cbm/open.s:12
    close.o                   cbm/close.s:9
complax (compl.o):
    _scanf.o                  ../libwrk/cx16/_scanf.s:1057
ctypemask (ctypemask.o):
    isxdigit.o                common/isxdigit.s:15
    isspace.o                 common/isspace.s:15
    isdigit.o                 common/isdigit.s:15
ctypemaskdirect (ctypemask.o):
    tolower.o                 common/tolower.s:15
    strlower.o                common/strlower.s:14
cursor (_cursor.o):
    cgetc.o                   cx16/cgetc.s:10
curunit (filevars.o):
    filename.o                cbm/filename.s:11
decaxy (decaxy.o):
    _scanf.o                  ../libwrk/cx16/_scanf.s:1057
decsp1 (decsp1.o):
    fgetc.o                   ../libwrk/cx16/fgetc.s:94
    command_menu.o            command_menu.s:202
    main.o                    main.s:72
decsp4 (decsp4.o):
    lpush.o                   runtime/lpush.s:12
    fscanf.o                  common/fscanf.s:8
    menu.o                    menu.s:179
decsp6 (decsp6.o):
    _printf.o                 common/_printf.s:11
    common.o                  common.s:77
    common.o                  common.s:77
    astrogation.o             astrogation.s:655
donelib (condes.o):
    crt0.o                    cx16/crt0.s:8
fdtab (filedes.o):
    open.o                    cbm/filedes.inc:7
    close.o                   cbm/filedes.inc:7
    write.o                   cbm/filedes.inc:7
    read.o                    cbm/filedes.inc:7
fnaddmode (filename.o):
    open.o                    cbm/open.s:11
fncmd (filename.o):
    scratch.o                 cbm/scratch.s:9
    diskcmd.o                 cbm/diskcmd.s:14
fncomplete (filename.o):
    open.o                    cbm/open.s:11
fnisfile (filename.o):
    open.o                    cbm/open.s:13
fnlen (filename.o):
    diskcmd.o                 cbm/diskcmd.s:14
fnparse (filename.o):
    open.o                    cbm/open.s:11
fnset (filename.o):
    open.o                    cbm/open.s:11
fnunit (filename.o):
    scratch.o                 cbm/scratch.s:9
    open.o                    cbm/open.s:13
    diskcmd.o                 cbm/diskcmd.s:14
freefd (filedes.o):
    open.o                    cbm/filedes.inc:9
gotoxy (gotoxy.o):
    cputs.o                   conio/cputs.s:9
    cputc.o                   cx16/cputc.s:11
incsp1 (incsp1.o):
    _scanf.o                  ../libwrk/cx16/_scanf.s:1057
    _scanf.o                  ../libwrk/cx16/_scanf.s:1057
    _scanf.o                  ../libwrk/cx16/_scanf.s:1057
    _scanf.o                  ../libwrk/cx16/_scanf.s:1057
    _scanf.o                  ../libwrk/cx16/_scanf.s:1057
incsp2 (incsp2.o):
    popptr1.o                 runtime/popptr1.s:8
    gamestate.o               gamestate.s:136
    gamestate.o               gamestate.s:136
    command_menu.o            command_menu.s:202
    astrogation.o             astrogation.s:655
incsp3 (incsp3.o):
    fgetc.o                   ../libwrk/cx16/fgetc.s:94
incsp4 (incsp4.o):
    _fopen.o                  common/_fopen.s:11
    fread.o                   common/fread.s:12
incsp6 (incsp6.o):
    vfprintf.o                common/vfprintf.s:9
    fwrite.o                  common/fwrite.s:11
    fread.o                   common/fread.s:12
    common.o                  common.s:77
    common.o                  common.s:77
incsp8 (incsp8.o):
    _scanf.o                  ../libwrk/cx16/_scanf.s:1057
initlib (condes.o):
    crt0.o                    cx16/crt0.s:8
jmpvec (jmpvec.o):
    _scanf.o                  ../libwrk/cx16/_scanf.s:1057
    _scanf.o                  ../libwrk/cx16/_scanf.s:1057
    _sys.o                    common/_sys.s:8
ldax0sp (ldaxsp.o):
    fread.o                   common/fread.s:13
    player.o                  player.s:83
    menu.o                    menu.s:179
    gamestate.o               gamestate.s:136
    gamestate.o               gamestate.s:136
    astrogation.o             astrogation.s:655
    astrogation.o             astrogation.s:655
    astrogation.o             astrogation.s:655
ldaxi (ldaxi.o):
    _scanf.o                  ../libwrk/cx16/_scanf.s:1057
    _scanf.o                  ../libwrk/cx16/_scanf.s:1057
ldaxysp (ldaxsp.o):
    _scanf.o                  ../libwrk/cx16/_scanf.s:1057
    fwrite.o                  common/fwrite.s:11
    fread.o                   common/fread.s:13
    player.o                  player.s:83
    menu.o                    menu.s:179
    gamestate.o               gamestate.s:136
    gamestate.o               gamestate.s:136
    astrogation.o             astrogation.s:655
    astrogation.o             astrogation.s:655
    astrogation.o             astrogation.s:655
leaa0sp (leaaxsp.o):
    fgetc.o                   ../libwrk/cx16/fgetc.s:94
    player.o                  player.s:83
    astrogation.o             astrogation.s:655
    astrogation.o             astrogation.s:655
mul8x16 (mul8.o):
    mul.o                     runtime/mul.s:8
mul8x16a (mul8.o):
    mul.o                     runtime/mul.s:8
mulax10 (mulax10.o):
    _scanf.o                  ../libwrk/cx16/_scanf.s:1057
negax (negabs.o):
    shelp.o                   runtime/shelp.s:11
    mod.o                     runtime/mod.s:11
    div.o                     runtime/div.s:11
negeax (lneg.o):
    ltoa.o                    common/ltoa.s:9
    _scanf.o                  ../libwrk/cx16/_scanf.s:1057
opencmdchannel (diskcmd.o):
    scratch.o                 cbm/scratch.s:8
    open.o                    cbm/open.s:12
plot (cputc.o):
    gotoy.o                   cx16/gotoy.s:9
    gotoxy.o                  cx16/gotoxy.s:9
    gotox.o                   cx16/gotox.s:9
popa (popa.o):
    gotoxy.o                  cx16/gotoxy.s:9
popax (incsp2.o):
    ungetc.o                  common/ungetc.s:10
    open.o                    cbm/open.s:10
    ltoa.o                    common/ltoa.s:9
    _printf.o                 common/_printf.s:11
    vcprintf.o                conio/vcprintf.s:8
    shelp.o                   runtime/shelp.s:11
    rwcommon.o                cbm/rwcommon.s:9
    memcpy.o                  common/memcpy.s:14
popptr1 (popptr1.o):
    ltoa.o                    common/ltoa.s:9
    longjmp.o                 common/longjmp.s:9
    vcprintf.o                conio/vcprintf.s:8
    udiv.o                    runtime/udiv.s:9
    rwcommon.o                cbm/rwcommon.s:9
    mul8.o                    runtime/mul8.s:9
    mul.o                     runtime/mul.s:9
    memcpy.o                  common/memcpy.s:14
popsargsudiv16 (shelp.o):
    mod.o                     runtime/mod.s:11
    div.o                     runtime/div.s:11
ptr1 (zeropage.o):
    ungetc.o                  common/ungetc.s:11
    strlower.o                common/strlower.s:13
    setjmp.o                  common/setjmp.s:11
    mulax10.o                 runtime/mulax10.s:9
    ltoa.o                    common/ltoa.s:11
    longjmp.o                 common/longjmp.s:10
    lmul.o                    runtime/lmul.s:10
    ldaxi.o                   runtime/ldaxi.s:8
    fmisc.o                   common/fmisc.s:9
    filename.o                cbm/filename.s:12
    diskcmd.o                 cbm/diskcmd.s:15
    _scanf.o                  ../libwrk/cx16/_scanf.s:11
    _printf.o                 /Users/rje/git/cc65/asminc/zeropage.inc:12
    _fopen.o                  common/_fopen.s:12
    zerobss.o                 common/zerobss.s:9
    write.o                   cbm/write.s:11
    vfprintf.o                common/vfprintf.s:11
    vcprintf.o                conio/vcprintf.s:10
    udiv.o                    runtime/udiv.s:10
    shelp.o                   runtime/shelp.s:12
    scanf.o                   common/scanf.s:11
    read.o                    cbm/read.s:13
    printf.o                  common/printf.s:9
    popptr1.o                 runtime/popptr1.s:9
    mul8.o                    runtime/mul8.s:10
    mul.o                     runtime/mul.s:10
    memcpy.o                  common/memcpy.s:15
    fwrite.o                  common/fwrite.s:14
    fscanf.o                  common/fscanf.s:9
    fread.o                   common/fread.s:17
    fclose.o                  common/fclose.s:11
    div.o                     runtime/div.s:12
    cputs.o                   conio/cputs.s:10
    cprintf.o                 conio/cprintf.s:9
    _sys.o                    common/_sys.s:9
    _heapmemavail.o           common/_heapmemavail.s:10
    astrogation.o             astrogation.s:11
ptr2 (zeropage.o):
    strlower.o                common/strlower.s:13
    strlen.o                  common/strlen.s:12
    ltoa.o                    common/ltoa.s:11
    longjmp.o                 common/longjmp.s:10
    _printf.o                 /Users/rje/git/cc65/asminc/zeropage.inc:12
    write.o                   cbm/write.s:11
    vcprintf.o                conio/vcprintf.s:10
    rwcommon.o                cbm/rwcommon.s:10
    read.o                    cbm/read.s:13
    memcpy.o                  common/memcpy.s:15
    _heapmemavail.o           common/_heapmemavail.s:10
ptr3 (zeropage.o):
    ltoa.o                    common/ltoa.s:11
    lmul.o                    runtime/lmul.s:10
    write.o                   cbm/write.s:11
    vfscanf.o                 /Users/rje/git/cc65/asminc/zeropage.inc:12
    vcprintf.o                conio/vcprintf.s:10
    rwcommon.o                cbm/rwcommon.s:10
    read.o                    cbm/read.s:13
    memcpy.o                  common/memcpy.s:15
ptr4 (zeropage.o):
    lmul.o                    runtime/lmul.s:10
    udiv.o                    runtime/udiv.s:10
    shelp.o                   runtime/shelp.s:12
    mul8.o                    runtime/mul8.s:10
    mul.o                     runtime/mul.s:10
push1 (push1.o):
    _printf.o                 common/_printf.s:11
    vfprintf.o                common/vfprintf.s:9
pusha (pusha.o):
    _scanf.o                  ../libwrk/cx16/_scanf.s:1057
    _scanf.o                  ../libwrk/cx16/_scanf.s:1057
    _scanf.o                  ../libwrk/cx16/_scanf.s:1057
    _scanf.o                  ../libwrk/cx16/_scanf.s:1057
    _scanf.o                  ../libwrk/cx16/_scanf.s:1057
    menu.o                    menu.s:179
    command_menu.o            command_menu.s:202
    astrogation.o             astrogation.s:655
    main.o                    main.s:72
pusha0 (pushax.o):
    push1.o                   runtime/push1.s:8
    fgetc.o                   ../libwrk/cx16/fgetc.s:94
    _scanf.o                  ../libwrk/cx16/_scanf.s:1057
    fread.o                   common/fread.s:11
    player.o                  player.s:83
    gamestate.o               gamestate.s:136
    gamestate.o               gamestate.s:136
    command_menu.o            command_menu.s:202
    astrogation.o             astrogation.s:655
    astrogation.o             astrogation.s:655
pushax (pushax.o):
    fgetc.o                   ../libwrk/cx16/fgetc.s:94
    callmain.o                runtime/callmain.s:11
    _scanf.o                  ../libwrk/cx16/_scanf.s:1057
    _scanf.o                  ../libwrk/cx16/_scanf.s:1057
    _printf.o                 common/_printf.s:11
    vcprintf.o                conio/vcprintf.s:8
    scanf.o                   common/scanf.s:10
    printf.o                  common/printf.s:8
    fwrite.o                  common/fwrite.s:11
    fread.o                   common/fread.s:11
    fopen.o                   common/fopen.s:11
    cprintf.o                 conio/cprintf.s:8
    player.o                  player.s:83
    menu.o                    menu.s:179
    gamestate.o               gamestate.s:136
    gamestate.o               gamestate.s:136
    command_menu.o            command_menu.s:202
    command_menu.o            command_menu.s:202
    astrogation.o             astrogation.s:655
    astrogation.o             astrogation.s:655
    astrogation.o             astrogation.s:655
    astrogation.o             astrogation.s:655
    main.o                    main.s:72
pusheax (lpush.o):
    _scanf.o                  ../libwrk/cx16/_scanf.s:1057
    _printf.o                 common/_printf.s:11
pushw0sp (pushwsp.o):
    player.o                  player.s:83
    astrogation.o             astrogation.s:655
pushwysp (pushwsp.o):
    vfprintf.o                common/vfprintf.s:9
    fwrite.o                  common/fwrite.s:11
    fread.o                   common/fread.s:14
    player.o                  player.s:83
    menu.o                    menu.s:179
    astrogation.o             astrogation.s:655
    astrogation.o             astrogation.s:655
    astrogation.o             astrogation.s:655
readdiskerror (diskcmd.o):
    open.o                    cbm/open.s:12
    close.o                   cbm/close.s:9
regbank (zeropage.o):
    regswap2.o                runtime/regswap2.s:8
    fgetc.o                   ../libwrk/cx16/fgetc.s:10
    _scanf.o                  ../libwrk/cx16/_scanf.s:10
    _printf.o                 /Users/rje/git/cc65/asminc/zeropage.inc:14
    fread.o                   common/fread.s:31
regsave (zeropage.o):
    _scanf.o                  ../libwrk/cx16/_scanf.s:10
regswap2 (regswap2.o):
    fgetc.o                   ../libwrk/cx16/fgetc.s:94
return0 (return0.o):
    setjmp.o                  common/setjmp.s:10
    fmisc.o                   common/fmisc.s:8
    _fopen.o                  common/_fopen.s:11
    _fdesc.o                  common/_fdesc.s:9
rwcommon (rwcommon.o):
    write.o                   cbm/write.s:10
    read.o                    cbm/read.s:11
scratch (scratch.o):
    open.o                    cbm/open.s:11
sp (zeropage.o):
    setjmp.o                  common/setjmp.s:11
    regswap2.o                runtime/regswap2.s:8
    lpush.o                   runtime/lpush.s:13
    longjmp.o                 common/longjmp.s:10
    lmul.o                    runtime/lmul.s:10
    ladd.o                    runtime/ladd.s:9
    incsp1.o                  runtime/incsp1.s:8
    fgetc.o                   ../libwrk/cx16/fgetc.s:10
    _scanf.o                  ../libwrk/cx16/_scanf.s:10
    _printf.o                 /Users/rje/git/cc65/asminc/zeropage.inc:11
    _heap.o                   common/_heap.s:9
    _fopen.o                  common/_fopen.s:12
    vfscanf.o                 /Users/rje/git/cc65/asminc/zeropage.inc:11
    vfprintf.o                common/vfprintf.s:11
    vcprintf.o                conio/vcprintf.s:10
    subysp.o                  runtime/subysp.s:9
    sub.o                     runtime/sub.s:9
    staxsp.o                  runtime/staxsp.s:8
    scanf.o                   common/scanf.s:11
    pushwsp.o                 runtime/pushwsp.s:8
    pushax.o                  runtime/pushax.s:8
    pusha.o                   runtime/pusha.s:8
    printf.o                  common/printf.s:9
    popptr1.o                 runtime/popptr1.s:9
    popa.o                    runtime/popa.s:8
    memcpy.o                  common/memcpy.s:15
    leaaxsp.o                 runtime/leaaxsp.s:8
    ldaxsp.o                  runtime/ldaxsp.s:8
    incsp2.o                  runtime/incsp2.s:8
    icmp.o                    runtime/icmp.s:9
    fscanf.o                  common/fscanf.s:9
    fread.o                   common/fread.s:17
    decsp6.o                  runtime/decsp6.s:8
    decsp4.o                  runtime/decsp4.s:8
    decsp1.o                  runtime/decsp1.s:8
    crt0.o                    /Users/rje/git/cc65/asminc/zeropage.inc:11
    cprintf.o                 conio/cprintf.s:9
    addysp.o                  runtime/addysp.s:8
    addeqsp.o                 runtime/addeqsp.s:8
    add.o                     runtime/add.s:12
    menu.o                    menu.s:10
    common.o                  common.s:10
    command_menu.o            command_menu.s:10
    astrogation.o             astrogation.s:10
sreg (zeropage.o):
    ltoa.o                    common/ltoa.s:11
    lpush.o                   runtime/lpush.s:13
    lneg.o                    runtime/lneg.s:11
    lmul.o                    runtime/lmul.s:10
    ladd.o                    runtime/ladd.s:9
    axlong.o                  runtime/axlong.s:9
    _scanf.o                  ../libwrk/cx16/_scanf.s:10
    _printf.o                 /Users/rje/git/cc65/asminc/zeropage.inc:11
    udiv.o                    runtime/udiv.s:10
    mod.o                     runtime/mod.s:12
    icmp.o                    runtime/icmp.s:9
stax0sp (staxsp.o):
    player.o                  player.s:83
    astrogation.o             astrogation.s:655
    astrogation.o             astrogation.s:655
    astrogation.o             astrogation.s:655
staxysp (staxsp.o):
    menu.o                    menu.s:179
    common.o                  common.s:77
    common.o                  common.s:77
    astrogation.o             astrogation.s:655
    astrogation.o             astrogation.s:655
subysp (subysp.o):
    player.o                  player.s:83
    astrogation.o             astrogation.s:655
    astrogation.o             astrogation.s:655
tmp1 (zeropage.o):
    ungetc.o                  common/ungetc.s:11
    ltoa.o                    common/ltoa.s:11
    ladd.o                    runtime/ladd.s:9
    filename.o                cbm/filename.s:12
    diskcmd.o                 cbm/diskcmd.s:15
    decaxy.o                  runtime/decaxy.s:8
    _printf.o                 /Users/rje/git/cc65/asminc/zeropage.inc:13
    vcprintf.o                conio/vcprintf.s:10
    shelp.o                   runtime/shelp.s:12
    read.o                    cbm/read.s:13
    mul.o                     runtime/mul.s:10
    mod.o                     runtime/mod.s:12
    div.o                     runtime/div.s:12
    cputs.o                   conio/cputs.s:10
    color.o                   cx16/color.s:11
    aslax4.o                  runtime/aslax4.s:8
    astrogation.o             astrogation.s:11
tmp2 (zeropage.o):
    open.o                    cbm/open.s:15
    lmul.o                    runtime/lmul.s:10
    close.o                   cbm/close.s:10
    shelp.o                   runtime/shelp.s:12
    rwcommon.o                cbm/rwcommon.s:10
    read.o                    cbm/read.s:13
    div.o                     runtime/div.s:12
tmp3 (zeropage.o):
    open.o                    cbm/open.s:15
    lmul.o                    runtime/lmul.s:10
    read.o                    cbm/read.s:13
tmp4 (zeropage.o):
    lmul.o                    runtime/lmul.s:10
tosaddax (add.o):
    astrogation.o             astrogation.s:655
tosaddeax (ladd.o):
    _scanf.o                  ../libwrk/cx16/_scanf.s:1057
tosdiva0 (div.o):
    astrogation.o             astrogation.s:655
    astrogation.o             astrogation.s:655
tosicmp (icmp.o):
    menu.o                    menu.s:179
    astrogation.o             astrogation.s:655
    astrogation.o             astrogation.s:655
tosmoda0 (mod.o):
    astrogation.o             astrogation.s:655
tosmula0 (mul8.o):
    astrogation.o             astrogation.s:655
tosmuleax (lmul.o):
    _scanf.o                  ../libwrk/cx16/_scanf.s:1057
tossuba0 (sub.o):
    _scanf.o                  ../libwrk/cx16/_scanf.s:1057
    astrogation.o             astrogation.s:655
tosudivax (udiv.o):
    fwrite.o                  common/fwrite.s:12
    fread.o                   common/fread.s:15
tosumulax (mul.o):
    fwrite.o                  common/fwrite.s:12
    fread.o                   common/fread.s:15
udiv16 (udiv.o):
    shelp.o                   runtime/shelp.s:11
unittab (filedes.o):
    open.o                    cbm/filedes.inc:8
    close.o                   cbm/filedes.inc:8
    read.o                    cbm/filedes.inc:8
writefndiskcmd (diskcmd.o):
    scratch.o                 cbm/scratch.s:8
zerobss (zerobss.o):
    crt0.o                    cx16/crt0.s:9

