Modules list:
-------------
main.o:
    CODE              Offs=000000  Size=000064  Align=00001  Fill=0000
    RODATA            Offs=000000  Size=000081  Align=00001  Fill=0000
    BSS               Offs=000000  Size=00006E  Align=00001  Fill=0000
astrogation.o:
    CODE              Offs=000064  Size=00053D  Align=00001  Fill=0000
    RODATA            Offs=000081  Size=0000F4  Align=00001  Fill=0000
    DATA              Offs=000000  Size=000018  Align=00001  Fill=0000
command_menu.o:
    CODE              Offs=0005A1  Size=000203  Align=00001  Fill=0000
    RODATA            Offs=000175  Size=0000E8  Align=00001  Fill=0000
common.o:
    CODE              Offs=0007A4  Size=00004B  Align=00001  Fill=0000
emplacement.o:
gamestate.o:
    CODE              Offs=0007EF  Size=000076  Align=00001  Fill=0000
    RODATA            Offs=00025D  Size=00000F  Align=00001  Fill=0000
    BSS               Offs=00006E  Size=0000F4  Align=00001  Fill=0000
map.o:
menu.o:
    CODE              Offs=000865  Size=00017F  Align=00001  Fill=0000
missions.o:
    CODE              Offs=0009E4  Size=000004  Align=00001  Fill=0000
player.o:
    CODE              Offs=0009E8  Size=0000A7  Align=00001  Fill=0000
    RODATA            Offs=00026C  Size=000014  Align=00001  Fill=0000
    BSS               Offs=000162  Size=000010  Align=00001  Fill=0000
ship.o:
    CODE              Offs=000A8F  Size=000066  Align=00001  Fill=0000
    RODATA            Offs=000280  Size=00004E  Align=00001  Fill=0000
shipyard.o:
    CODE              Offs=000AF5  Size=000018  Align=00001  Fill=0000
    RODATA            Offs=0002CE  Size=0000A4  Align=00001  Fill=0000
splash.o:
    CODE              Offs=000B0D  Size=0000B3  Align=00001  Fill=0000
    RODATA            Offs=000372  Size=0001C8  Align=00001  Fill=0000
starport.o:
    CODE              Offs=000BC0  Size=000004  Align=00001  Fill=0000
trade.o:
    CODE              Offs=000BC4  Size=000013  Align=00001  Fill=0000
    BSS               Offs=000172  Size=000062  Align=00001  Fill=0000
/Users/rje/git/cc65/lib/cx16.lib(_cursor.o):
    BSS               Offs=0001D4  Size=000001  Align=00001  Fill=0000
/Users/rje/git/cc65/lib/cx16.lib(_directerrno.o):
    CODE              Offs=000BD7  Size=000009  Align=00001  Fill=0000
/Users/rje/git/cc65/lib/cx16.lib(_fdesc.o):
    CODE              Offs=000BE0  Size=00001D  Align=00001  Fill=0000
/Users/rje/git/cc65/lib/cx16.lib(_file.o):
    DATA              Offs=000018  Size=00001E  Align=00001  Fill=0000
/Users/rje/git/cc65/lib/cx16.lib(_fopen.o):
    CODE              Offs=000BFD  Size=00007B  Align=00001  Fill=0000
    BSS               Offs=0001D5  Size=000002  Align=00001  Fill=0000
/Users/rje/git/cc65/lib/cx16.lib(_heap.o):
    DATA              Offs=000036  Size=00000A  Align=00001  Fill=0000
    ONCE              Offs=000000  Size=000010  Align=00001  Fill=0000
/Users/rje/git/cc65/lib/cx16.lib(_heapmemavail.o):
    CODE              Offs=000C78  Size=00004E  Align=00001  Fill=0000
/Users/rje/git/cc65/lib/cx16.lib(_hextab.o):
    RODATA            Offs=00053A  Size=000010  Align=00001  Fill=0000
/Users/rje/git/cc65/lib/cx16.lib(_longminstr.o):
    RODATA            Offs=00054A  Size=00000C  Align=00001  Fill=0000
/Users/rje/git/cc65/lib/cx16.lib(_mappederrno.o):
    CODE              Offs=000CC6  Size=00000F  Align=00001  Fill=0000
/Users/rje/git/cc65/lib/cx16.lib(_oserror.o):
    BSS               Offs=0001D7  Size=000001  Align=00001  Fill=0000
/Users/rje/git/cc65/lib/cx16.lib(_printf.o):
    CODE              Offs=000CD5  Size=0003A1  Align=00001  Fill=0000
    BSS               Offs=0001D8  Size=00002B  Align=00001  Fill=0000
    DATA              Offs=000040  Size=000003  Align=00001  Fill=0000
/Users/rje/git/cc65/lib/cx16.lib(_scanf.o):
    CODE              Offs=001076  Size=000750  Align=00001  Fill=0000
    RODATA            Offs=000556  Size=000010  Align=00001  Fill=0000
    BSS               Offs=000203  Size=000042  Align=00001  Fill=0000
/Users/rje/git/cc65/lib/cx16.lib(_seterrno.o):
    CODE              Offs=0017C6  Size=000009  Align=00001  Fill=0000
/Users/rje/git/cc65/lib/cx16.lib(_sys.o):
    CODE              Offs=0017CF  Size=000044  Align=00001  Fill=0000
/Users/rje/git/cc65/lib/cx16.lib(add.o):
    CODE              Offs=001813  Size=000018  Align=00001  Fill=0000
/Users/rje/git/cc65/lib/cx16.lib(addeqsp.o):
    CODE              Offs=00182B  Size=000011  Align=00001  Fill=0000
/Users/rje/git/cc65/lib/cx16.lib(addysp.o):
    CODE              Offs=00183C  Size=00000E  Align=00001  Fill=0000
/Users/rje/git/cc65/lib/cx16.lib(aslax1.o):
    CODE              Offs=00184A  Size=000008  Align=00001  Fill=0000
/Users/rje/git/cc65/lib/cx16.lib(aslax3.o):
    CODE              Offs=001852  Size=00000E  Align=00001  Fill=0000
/Users/rje/git/cc65/lib/cx16.lib(aslax4.o):
    CODE              Offs=001860  Size=000011  Align=00001  Fill=0000
/Users/rje/git/cc65/lib/cx16.lib(axlong.o):
    CODE              Offs=001871  Size=00000D  Align=00001  Fill=0000
/Users/rje/git/cc65/lib/cx16.lib(c_bsout.o):
/Users/rje/git/cc65/lib/cx16.lib(callmain.o):
    CODE              Offs=00187E  Size=000017  Align=00001  Fill=0000
    DATA              Offs=000043  Size=000004  Align=00001  Fill=0000
/Users/rje/git/cc65/lib/cx16.lib(cgetc.o):
    CODE              Offs=001895  Size=000067  Align=00001  Fill=0000
/Users/rje/git/cc65/lib/cx16.lib(checkferror.o):
    CODE              Offs=0018FC  Size=00000C  Align=00001  Fill=0000
/Users/rje/git/cc65/lib/cx16.lib(chline.o):
    CODE              Offs=001908  Size=000015  Align=00001  Fill=0000
/Users/rje/git/cc65/lib/cx16.lib(clinechars.o):
/Users/rje/git/cc65/lib/cx16.lib(clock.o):
    CODE              Offs=00191D  Size=00000F  Align=00001  Fill=0000
/Users/rje/git/cc65/lib/cx16.lib(close.o):
    CODE              Offs=00192C  Size=000038  Align=00001  Fill=0000
/Users/rje/git/cc65/lib/cx16.lib(clrscr.o):
    CODE              Offs=001964  Size=000011  Align=00001  Fill=0000
/Users/rje/git/cc65/lib/cx16.lib(color.o):
    CODE              Offs=001975  Size=00002A  Align=00001  Fill=0000
/Users/rje/git/cc65/lib/cx16.lib(compl.o):
    CODE              Offs=00199F  Size=000009  Align=00001  Fill=0000
/Users/rje/git/cc65/lib/cx16.lib(condes.o):
    CODE              Offs=0019A8  Size=00000C  Align=00001  Fill=0000
    DATA              Offs=000047  Size=000025  Align=00001  Fill=0000
    ONCE              Offs=000010  Size=00000C  Align=00001  Fill=0000
/Users/rje/git/cc65/lib/cx16.lib(cprintf.o):
    CODE              Offs=0019B4  Size=00002A  Align=00001  Fill=0000
    BSS               Offs=000245  Size=000001  Align=00001  Fill=0000
/Users/rje/git/cc65/lib/cx16.lib(cputc.o):
    CODE              Offs=0019DE  Size=000062  Align=00001  Fill=0000
    RODATA            Offs=000566  Size=000008  Align=00001  Fill=0000
/Users/rje/git/cc65/lib/cx16.lib(cputs.o):
    CODE              Offs=001A40  Size=00001D  Align=00001  Fill=0000
/Users/rje/git/cc65/lib/cx16.lib(crt0.o):
    STARTUP           Offs=000000  Size=000021  Align=00001  Fill=0000
    ONCE              Offs=00001C  Size=00001B  Align=00001  Fill=0000
    INIT              Offs=000000  Size=000002  Align=00001  Fill=0000
/Users/rje/git/cc65/lib/cx16.lib(ctype.o):
    RODATA            Offs=00056E  Size=00008B  Align=00001  Fill=0000
/Users/rje/git/cc65/lib/cx16.lib(ctypemask.o):
    CODE              Offs=001A5D  Size=00001E  Align=00001  Fill=0000
/Users/rje/git/cc65/lib/cx16.lib(decaxy.o):
    CODE              Offs=001A7B  Size=000009  Align=00001  Fill=0000
/Users/rje/git/cc65/lib/cx16.lib(decsp4.o):
    CODE              Offs=001A84  Size=00000D  Align=00001  Fill=0000
/Users/rje/git/cc65/lib/cx16.lib(decsp6.o):
    CODE              Offs=001A91  Size=00000D  Align=00001  Fill=0000
/Users/rje/git/cc65/lib/cx16.lib(decsp8.o):
    CODE              Offs=001A9E  Size=00000D  Align=00001  Fill=0000
/Users/rje/git/cc65/lib/cx16.lib(diskcmd.o):
    CODE              Offs=001AAB  Size=0000C4  Align=00001  Fill=0000
    BSS               Offs=000246  Size=000017  Align=00001  Fill=0000
/Users/rje/git/cc65/lib/cx16.lib(div.o):
    CODE              Offs=001B6F  Size=000015  Align=00001  Fill=0000
/Users/rje/git/cc65/lib/cx16.lib(errno.o):
    BSS               Offs=00025D  Size=000002  Align=00001  Fill=0000
/Users/rje/git/cc65/lib/cx16.lib(exehdr.o):
    EXEHDR            Offs=000000  Size=00000C  Align=00001  Fill=0000
/Users/rje/git/cc65/lib/cx16.lib(fclose.o):
    CODE              Offs=001B84  Size=00001E  Align=00001  Fill=0000
/Users/rje/git/cc65/lib/cx16.lib(fgetc.o):
    CODE              Offs=001BA2  Size=00005D  Align=00001  Fill=0000
    BSS               Offs=00025F  Size=000001  Align=00001  Fill=0000
/Users/rje/git/cc65/lib/cx16.lib(filedes.o):
    CODE              Offs=001BFF  Size=00000E  Align=00001  Fill=0000
    DATA              Offs=00006C  Size=000010  Align=00001  Fill=0000
/Users/rje/git/cc65/lib/cx16.lib(filename.o):
    CODE              Offs=001C0D  Size=0000A0  Align=00001  Fill=0000
    BSS               Offs=000260  Size=000003  Align=00001  Fill=0000
    DATA              Offs=00007C  Size=000024  Align=00001  Fill=0000
/Users/rje/git/cc65/lib/cx16.lib(filetype.o):
    DATA              Offs=0000A0  Size=000001  Align=00001  Fill=0000
/Users/rje/git/cc65/lib/cx16.lib(filevars.o):
    CODE              Offs=001CAD  Size=000007  Align=00001  Fill=0000
    INIT              Offs=000002  Size=000001  Align=00001  Fill=0000
    ONCE              Offs=000037  Size=00000E  Align=00001  Fill=0000
/Users/rje/git/cc65/lib/cx16.lib(fmisc.o):
    CODE              Offs=001CB4  Size=000040  Align=00001  Fill=0000
/Users/rje/git/cc65/lib/cx16.lib(fopen.o):
    CODE              Offs=001CF4  Size=000018  Align=00001  Fill=0000
/Users/rje/git/cc65/lib/cx16.lib(fread.o):
    CODE              Offs=001D0C  Size=0000CB  Align=00001  Fill=0000
    BSS               Offs=000263  Size=000003  Align=00001  Fill=0000
/Users/rje/git/cc65/lib/cx16.lib(fscanf.o):
    CODE              Offs=001DD7  Size=00002B  Align=00001  Fill=0000
    BSS               Offs=000266  Size=000001  Align=00001  Fill=0000
/Users/rje/git/cc65/lib/cx16.lib(fwrite.o):
    CODE              Offs=001E02  Size=000077  Align=00001  Fill=0000
    BSS               Offs=000267  Size=000002  Align=00001  Fill=0000
/Users/rje/git/cc65/lib/cx16.lib(gotoxy.o):
    CODE              Offs=001E79  Size=00000F  Align=00001  Fill=0000
/Users/rje/git/cc65/lib/cx16.lib(gotoy.o):
    CODE              Offs=001E88  Size=000006  Align=00001  Fill=0000
/Users/rje/git/cc65/lib/cx16.lib(icmp.o):
    CODE              Offs=001E8E  Size=00002E  Align=00001  Fill=0000
/Users/rje/git/cc65/lib/cx16.lib(incax3.o):
    CODE              Offs=001EBC  Size=000005  Align=00001  Fill=0000
/Users/rje/git/cc65/lib/cx16.lib(incaxy.o):
    CODE              Offs=001EC1  Size=00000B  Align=00001  Fill=0000
/Users/rje/git/cc65/lib/cx16.lib(incsp1.o):
    CODE              Offs=001ECC  Size=000007  Align=00001  Fill=0000
/Users/rje/git/cc65/lib/cx16.lib(incsp2.o):
    CODE              Offs=001ED3  Size=000015  Align=00001  Fill=0000
/Users/rje/git/cc65/lib/cx16.lib(incsp4.o):
    CODE              Offs=001EE8  Size=000005  Align=00001  Fill=0000
/Users/rje/git/cc65/lib/cx16.lib(incsp6.o):
    CODE              Offs=001EED  Size=000005  Align=00001  Fill=0000
/Users/rje/git/cc65/lib/cx16.lib(incsp8.o):
    CODE              Offs=001EF2  Size=000005  Align=00001  Fill=0000
/Users/rje/git/cc65/lib/cx16.lib(isdigit.o):
    CODE              Offs=001EF7  Size=000008  Align=00001  Fill=0000
/Users/rje/git/cc65/lib/cx16.lib(isspace.o):
    CODE              Offs=001EFF  Size=000008  Align=00001  Fill=0000
/Users/rje/git/cc65/lib/cx16.lib(isxdigit.o):
    CODE              Offs=001F07  Size=000008  Align=00001  Fill=0000
/Users/rje/git/cc65/lib/cx16.lib(jmpvec.o):
    DATA              Offs=0000A1  Size=000003  Align=00001  Fill=0000
/Users/rje/git/cc65/lib/cx16.lib(kbhit.o):
    CODE              Offs=001F0F  Size=000005  Align=00001  Fill=0000
/Users/rje/git/cc65/lib/cx16.lib(kernal.o):
/Users/rje/git/cc65/lib/cx16.lib(ladd.o):
    CODE              Offs=001F14  Size=000024  Align=00001  Fill=0000
/Users/rje/git/cc65/lib/cx16.lib(lcmp.o):
    CODE              Offs=001F38  Size=00003B  Align=00001  Fill=0000
/Users/rje/git/cc65/lib/cx16.lib(ldaxi.o):
    CODE              Offs=001F73  Size=00000D  Align=00001  Fill=0000
/Users/rje/git/cc65/lib/cx16.lib(ldaxsp.o):
    CODE              Offs=001F80  Size=000009  Align=00001  Fill=0000
/Users/rje/git/cc65/lib/cx16.lib(ldeaxysp.o):
    CODE              Offs=001F89  Size=000013  Align=00001  Fill=0000
/Users/rje/git/cc65/lib/cx16.lib(leaaxsp.o):
    CODE              Offs=001F9C  Size=00000C  Align=00001  Fill=0000
/Users/rje/git/cc65/lib/cx16.lib(lge.o):
    CODE              Offs=001FA8  Size=000006  Align=00001  Fill=0000
/Users/rje/git/cc65/lib/cx16.lib(lmul.o):
    CODE              Offs=001FAE  Size=000059  Align=00001  Fill=0000
/Users/rje/git/cc65/lib/cx16.lib(lneg.o):
    CODE              Offs=002007  Size=00001E  Align=00001  Fill=0000
/Users/rje/git/cc65/lib/cx16.lib(loadaddr.o):
    LOADADDR          Offs=000000  Size=000002  Align=00001  Fill=0000
/Users/rje/git/cc65/lib/cx16.lib(longjmp.o):
    CODE              Offs=002025  Size=000028  Align=00001  Fill=0000
/Users/rje/git/cc65/lib/cx16.lib(lpush.o):
    CODE              Offs=00204D  Size=00001E  Align=00001  Fill=0000
/Users/rje/git/cc65/lib/cx16.lib(lsub.o):
    CODE              Offs=00206B  Size=000024  Align=00001  Fill=0000
/Users/rje/git/cc65/lib/cx16.lib(ltoa.o):
    CODE              Offs=00208F  Size=000093  Align=00001  Fill=0000
/Users/rje/git/cc65/lib/cx16.lib(makebool.o):
    CODE              Offs=002122  Size=00002C  Align=00001  Fill=0000
/Users/rje/git/cc65/lib/cx16.lib(memcpy.o):
    CODE              Offs=00214E  Size=00003C  Align=00001  Fill=0000
/Users/rje/git/cc65/lib/cx16.lib(mod.o):
    CODE              Offs=00218A  Size=000011  Align=00001  Fill=0000
/Users/rje/git/cc65/lib/cx16.lib(mul.o):
    CODE              Offs=00219B  Size=000045  Align=00001  Fill=0000
/Users/rje/git/cc65/lib/cx16.lib(mul8.o):
    CODE              Offs=0021E0  Size=00003A  Align=00001  Fill=0000
/Users/rje/git/cc65/lib/cx16.lib(mulax10.o):
    CODE              Offs=00221A  Size=000019  Align=00001  Fill=0000
/Users/rje/git/cc65/lib/cx16.lib(negabs.o):
    CODE              Offs=002233  Size=000012  Align=00001  Fill=0000
/Users/rje/git/cc65/lib/cx16.lib(open.o):
    CODE              Offs=002245  Size=0000BE  Align=00001  Fill=0000
/Users/rje/git/cc65/lib/cx16.lib(or.o):
    CODE              Offs=002303  Size=000011  Align=00001  Fill=0000
/Users/rje/git/cc65/lib/cx16.lib(oserror.o):
    CODE              Offs=002314  Size=000016  Align=00001  Fill=0000
    RODATA            Offs=0005F9  Size=00005A  Align=00001  Fill=0000
/Users/rje/git/cc65/lib/cx16.lib(popa.o):
    CODE              Offs=00232A  Size=00000A  Align=00001  Fill=0000
/Users/rje/git/cc65/lib/cx16.lib(popptr1.o):
    CODE              Offs=002334  Size=00000E  Align=00001  Fill=0000
/Users/rje/git/cc65/lib/cx16.lib(printf.o):
    CODE              Offs=002342  Size=000033  Align=00001  Fill=0000
    BSS               Offs=000269  Size=000001  Align=00001  Fill=0000
/Users/rje/git/cc65/lib/cx16.lib(push1.o):
    CODE              Offs=002375  Size=000005  Align=00001  Fill=0000
/Users/rje/git/cc65/lib/cx16.lib(pusha.o):
    CODE              Offs=00237A  Size=000016  Align=00001  Fill=0000
/Users/rje/git/cc65/lib/cx16.lib(pushax.o):
    CODE              Offs=002390  Size=00001A  Align=00001  Fill=0000
/Users/rje/git/cc65/lib/cx16.lib(pushw.o):
    CODE              Offs=0023AA  Size=00000F  Align=00001  Fill=0000
/Users/rje/git/cc65/lib/cx16.lib(pushwsp.o):
    CODE              Offs=0023B9  Size=00001C  Align=00001  Fill=0000
/Users/rje/git/cc65/lib/cx16.lib(puts.o):
    CODE              Offs=0023D5  Size=000063  Align=00001  Fill=0000
    DATA              Offs=0000A4  Size=000001  Align=00001  Fill=0000
/Users/rje/git/cc65/lib/cx16.lib(rand.o):
    CODE              Offs=002438  Size=000034  Align=00001  Fill=0000
    DATA              Offs=0000A5  Size=000004  Align=00001  Fill=0000
/Users/rje/git/cc65/lib/cx16.lib(randomize.o):
    CODE              Offs=00246C  Size=000006  Align=00001  Fill=0000
/Users/rje/git/cc65/lib/cx16.lib(read.o):
    CODE              Offs=002472  Size=00007C  Align=00001  Fill=0000
    BSS               Offs=00026A  Size=000001  Align=00001  Fill=0000
    ONCE              Offs=000045  Size=00000C  Align=00001  Fill=0000
/Users/rje/git/cc65/lib/cx16.lib(return0.o):
    CODE              Offs=0024EE  Size=000004  Align=00001  Fill=0000
/Users/rje/git/cc65/lib/cx16.lib(returnFFFF.o):
    CODE              Offs=0024F2  Size=000004  Align=00001  Fill=0000
/Users/rje/git/cc65/lib/cx16.lib(revers.o):
    CODE              Offs=0024F6  Size=000013  Align=00001  Fill=0000
/Users/rje/git/cc65/lib/cx16.lib(rwcommon.o):
    CODE              Offs=002509  Size=00001A  Align=00001  Fill=0000
/Users/rje/git/cc65/lib/cx16.lib(scanf.o):
    CODE              Offs=002523  Size=000033  Align=00001  Fill=0000
    BSS               Offs=00026B  Size=000001  Align=00001  Fill=0000
/Users/rje/git/cc65/lib/cx16.lib(scratch.o):
    CODE              Offs=002556  Size=000019  Align=00001  Fill=0000
/Users/rje/git/cc65/lib/cx16.lib(setjmp.o):
    CODE              Offs=00256F  Size=000025  Align=00001  Fill=0000
/Users/rje/git/cc65/lib/cx16.lib(shelp.o):
    CODE              Offs=002594  Size=000020  Align=00001  Fill=0000
/Users/rje/git/cc65/lib/cx16.lib(shrax1.o):
    CODE              Offs=0025B4  Size=000008  Align=00001  Fill=0000
/Users/rje/git/cc65/lib/cx16.lib(shrax3.o):
    CODE              Offs=0025BC  Size=00000E  Align=00001  Fill=0000
/Users/rje/git/cc65/lib/cx16.lib(shrax4.o):
    CODE              Offs=0025CA  Size=000011  Align=00001  Fill=0000
/Users/rje/git/cc65/lib/cx16.lib(sleep.o):
    CODE              Offs=0025DB  Size=000043  Align=00001  Fill=0000
/Users/rje/git/cc65/lib/cx16.lib(staxsp.o):
    CODE              Offs=00261E  Size=00000B  Align=00001  Fill=0000
/Users/rje/git/cc65/lib/cx16.lib(strlen.o):
    CODE              Offs=002629  Size=000016  Align=00001  Fill=0000
/Users/rje/git/cc65/lib/cx16.lib(strlower.o):
    CODE              Offs=00263F  Size=000027  Align=00001  Fill=0000
/Users/rje/git/cc65/lib/cx16.lib(sub.o):
    CODE              Offs=002666  Size=000014  Align=00001  Fill=0000
/Users/rje/git/cc65/lib/cx16.lib(subysp.o):
    CODE              Offs=00267A  Size=00000D  Align=00001  Fill=0000
/Users/rje/git/cc65/lib/cx16.lib(tolower.o):
    CODE              Offs=002687  Size=000012  Align=00001  Fill=0000
/Users/rje/git/cc65/lib/cx16.lib(udiv.o):
    CODE              Offs=002699  Size=00004F  Align=00001  Fill=0000
/Users/rje/git/cc65/lib/cx16.lib(ungetc.o):
    CODE              Offs=0026E8  Size=00002A  Align=00001  Fill=0000
/Users/rje/git/cc65/lib/cx16.lib(vcprintf.o):
    CODE              Offs=002712  Size=000074  Align=00001  Fill=0000
    DATA              Offs=0000A9  Size=000008  Align=00001  Fill=0000
/Users/rje/git/cc65/lib/cx16.lib(vfprintf.o):
    CODE              Offs=002786  Size=000060  Align=00001  Fill=0000
    DATA              Offs=0000B1  Size=000008  Align=00001  Fill=0000
/Users/rje/git/cc65/lib/cx16.lib(vfscanf.o):
    CODE              Offs=0027E6  Size=000033  Align=00001  Fill=0000
    DATA              Offs=0000B9  Size=000006  Align=00001  Fill=0000
/Users/rje/git/cc65/lib/cx16.lib(wherex.o):
    CODE              Offs=002819  Size=000006  Align=00001  Fill=0000
/Users/rje/git/cc65/lib/cx16.lib(wherey.o):
    CODE              Offs=00281F  Size=000006  Align=00001  Fill=0000
/Users/rje/git/cc65/lib/cx16.lib(write.o):
    CODE              Offs=002825  Size=000052  Align=00001  Fill=0000
    ONCE              Offs=000051  Size=000011  Align=00001  Fill=0000
/Users/rje/git/cc65/lib/cx16.lib(zerobss.o):
    CODE              Offs=002877  Size=000023  Align=00001  Fill=0000
/Users/rje/git/cc65/lib/cx16.lib(zeropage.o):
    ZEROPAGE          Offs=000000  Size=00001A  Align=00001  Fill=0000


Segment list:
-------------
Name                   Start     End    Size  Align
----------------------------------------------------
ZEROPAGE              000022  00003B  00001A  00001
LOADADDR              0007FF  000800  000002  00001
EXEHDR                000801  00080C  00000C  00001
STARTUP               00080D  00082D  000021  00001
CODE                  00082E  0030C7  00289A  00001
RODATA                0030C8  00371E  000657  00001
DATA                  00371F  0037DD  0000BF  00001
INIT                  0037DE  0037E0  000003  00001
BSS                   0037E1  003A4C  00026C  00001
ONCE                  0037E1  00384C  00006C  00001


Exports list by name:
---------------------
BASIN                     00FFCF RLA    BSOUT                     00FFD2 RLA    
CHKIN                     00FFC6 RLA    CHROUT                    00FFD2 RLA    
CKOUT                     00FFC9 RLA    CLOSE                     00FFC3 RLA    
CLRCH                     00FFCC RLA    ENTROPY_GET               00FECF RLA    
GETIN                     00FFE4 RLA    KBDBUF_PEEK               00FEBD RLA    
OPEN                      00FFC0 RLA    PLOT                      00FFF0 RLA    
RDTIM                     00FFDE RLA    READST                    00FFB7 RLA    
SETLFS                    00FFBA RLA    SETNAM                    00FFBD RLA    
SETTIM                    00FFDB RLA    __BSS_RUN__               0037E1 RLA    
__BSS_SIZE__              00026C REA    __CONSTRUCTOR_COUNT__     000005 REA    
__CONSTRUCTOR_TABLE__     003843 RLA    __DESTRUCTOR_COUNT__      000002 REA    
__DESTRUCTOR_TABLE__      00371B RLA    __EXEHDR__                000001 REA    
__HEADER_LAST__           00080D RLA    __HIMEM__                 009F00 REA    
__LOADADDR__              000001 REA    __MAIN_SIZE__             0096F3 REA    
__MAIN_START__            00080D RLA    __ONCE_RUN__              0037E1 RLA    
__STACKSIZE__             000800 REA    __STARTUP__               000001 REA    
___directerrno            001405 RLA    ___errno                  003A3E RLA    
___heapend                003759 RLA    ___heapfirst              00375B RLA    
___heapmemavail           0014A6 RLA    ___heapptr                003757 RLA    
___mappederrno            0014F4 RLA    ___oserror                0039B8 RLA    
___osmaperrno             002B42 RLA    ___randomize              002C9A RLA    
___seterrno               001FF4 RLA    ___setjmp                 002D9D RLA    
__ctype                   003636 RLA    __ctypeidx                003641 RLA    
__fdesc                   00140E RLA    __filetab                 003737 RLA    
__filetype                0037BF RLA    __fopen                   00142B RLA    
__hextab                  003602 RLA    __longminstr              003612 RLA    
__printf                  0015F4 RLA    __scanf                   0018A4 RLA    
__sys                     001FFD RLA    _abs                      002A61 RLA    
_astrogation_attempt_jump_to 000D15 RLA    _astrogation_map          000980 RLA    
_cbm_k_bsout              00FFD2 RLA    _cgetc                    0020C3 RLA    
_chline                   00213B RLA    _clock                    002152 RLA    
_close                    00215A RLA    _clrscr                   002192 RLA    
_command_menu             000DCF RLA    _cprintf                  0021E2 RLA    
_cputc                    002211 RLA    _cputcxy                  00220C RLA    
_cputs                    002277 RLA    _cputsxy                  00226E RLA    
_exit                     00081A RLA    _fclose                   0023B2 RLA    
_ferror                   002505 RLA    _fgetc                    0023D0 RLA    
_fopen                    002522 RLA    _fread                    00253A RLA    
_fscanf                   002605 RLA    _fwrite                   002630 RLA    
_gamestate_load           00105B RLA    _gamestate_nextTurn       00101D RLA    
_gamestate_save           001028 RLA    _gotoxy                   0026AA RLA    
_gotoy                    0026B6 RLA    _isdigit                  002725 RLA    
_isspace                  00272D RLA    _isxdigit                 002735 RLA    
_kbhit                    00273D RLA    _longjmp                  002853 RLA    
_ltoa                     0028D5 RLA    _main                     00084E RLA    
_memcpy                   00297C RLA    _missions_view            001212 RLA    
_open                     002A87 RLA    _player                   0037E1 RLA    
_player_loadActive        001216 RLA    _player_save              00128A RLA    
_printf                   002B70 RLA    _puts                     002C03 RLA    
_rand                     002C72 RLA    _read                     002CA0 RLA    
_revers                   002D24 RLA    _scanf                    002D51 RLA    
_set_PET_font             000FD2 RLA    _ship_displayTurretSummary 0012BD RLA    
_shipyard_upgrade         001323 RLA    _sleep                    002E09 RLA    
_splash                   00133B RLA    _srand                    002C66 RLA    
_starport_trade           0013EE RLA    _stdin                    00374F RLA    
_stdout                   003751 RLA    _strlen                   002E57 RLA    
_strlower                 002E6D RLA    _textcolor                0021A3 RLA    
_tolower                  002EB5 RLA    _ultoa                    002914 RLA    
_ungetc                   002F16 RLA    _vcprintf                 002F84 RLA    
_vfprintf                 002FEB RLA    _vfscanf                  003014 RLA    
_wherex                   003047 RLA    _wherey                   00304D RLA    
_write                    003053 RLA    addeqysp                  00205B RLA    
addysp                    00206B RLA    addysp1                   00206A RLA    
aslax4                    00208E RLA    axlong                    00209F RLA    
axulong                   0020A5 RLA    booleq                    002956 RLA    
boolge                    002967 RLA    callmain                  0020AC RLA    
checkferror               00212A RLA    chlinechar                000040 REZ    
closeallfiles             002A73  LAI   closecmdchannel           00230F RLA    
complax                   0021CD RLA    cputdirect                002224 RLA    
ctypemask                 00228B RLA    ctypemaskdirect           00228F RLA    
cursor                    0039B5 RLA    curunit                   0037E0 RLA    
decaxy                    0022A9 RLA    decsp4                    0022B2 RLA    
decsp6                    0022BF RLA    decsp8                    0022CC RLA    
donelib                   0021D6 RLA    fdtab                     00378B RLA    
fnaddmode                 0024CA RLA    fncmd                     00379B RLA    
fncomplete                0024C2 RLA    fnisfile                  003A43 RLA    
fnlen                     003A42 RLA    fnparse                   002456 RLA    
fnset                     0024B8 RLA    fnunit                    003A41 RLA    
freefd                    00242D RLA    gotoxy                    0026A7 RLA    
incax3                    0026EA RLA    incaxy                    0026F1 RLA    
incsp1                    0026FA RLA    incsp2                    002708 RLA    
incsp4                    002716 RLA    incsp6                    00271B RLA    
incsp8                    002720 RLA    initclock                 00214B  LAI   
initcurunit               003818  LAI   initheap                  0037E1  LAI   
initlib                   0037F1 RLA    initstdin                 003826  LAI   
initstdout                003832  LAI   jmpvec                    0037C0 RLA    
ldax0sp                   0027AE RLA    ldaxi                     0027A1 RLA    
ldaxysp                   0027B0 RLA    ldeax0sp                  0027B7 RLA    
leaa0sp                   0027CA RLA    mul8x16                   002A10 RLA    
mul8x16a                  002A1A RLA    mulax10                   002A48 RLA    
negax                     002A65 RLA    negeax                    002835 RLA    
opencmdchannel            0022E2 RLA    plot                      00223D RLA    
popa                      002B58 RLA    popax                     002701 RLA    
popptr1                   002B62 RLA    popsargsudiv16            002DC2 RLA    
ptr1                      00002A RLZ    ptr2                      00002C RLZ    
ptr3                      00002E RLZ    ptr4                      000030 RLZ    
push1                     002BA3 RLA    pusha                     002BAC RLA    
pusha0                    002BC0 RLA    pushax                    002BC2 RLA    
pusheax                   002882 RLA    pushw                     002BD8 RLA    
pushw0sp                  002BE7 RLA    pushwysp                  002BE9 RLA    
readdiskerror             00232A RLA    regbank                   000036 RLZ    
regsave                   000026 RLZ    return0                   002D1C RLA    
returnFFFF                002D20 RLA    rwcommon                  002D37 RLA    
scratch                   002D84 RLA    shlax1                    002078 RLA    
shlax3                    002080 RLA    shlax4                    00208E RLA    
shrax1                    002DE2 RLA    shrax3                    002DEA RLA    
shrax4                    002DF8 RLA    sp                        000022 RLZ    
sreg                      000024 RLZ    stax0sp                   002E4C RLA    
staxysp                   002E4E RLA    subysp                    002EA8 RLA    
tmp1                      000032 RLZ    tmp2                      000033 RLZ    
tmp3                      000034 RLZ    tmp4                      000035 RLZ    
tosaddax                  002043 RLA    tosaddeax                 002748 RLA    
tosdiva0                  00239D RLA    tosgeeax                  0027D6 RLA    
tosicmp                   0026BE RLA    tosicmp0                  0026BC RLA    
toslcmp                   002766 RLA    tosmoda0                  0029B8 RLA    
tosmuleax                 0027E0 RLA    tosora0                   002B31 RLA    
tossuba0                  002E94 RLA    tossubax                  002E96 RLA    
tossubeax                 00289D RLA    tosudivax                 002EC9 RLA    
tosumul0ax                0027DC RLA    tosumulax                 0029C9 RLA    
udiv16                    002ED8 RLA    unittab                   003793 RLA    
updatedevnum              0024DB  LAI   writefndiskcmd            002362 RLA    
zerobss                   0030A5 RLA    


Exports list by value:
----------------------
__LOADADDR__              000001 REA    __EXEHDR__                000001 REA    
__STARTUP__               000001 REA    __DESTRUCTOR_COUNT__      000002 REA    
__CONSTRUCTOR_COUNT__     000005 REA    sp                        000022 RLZ    
sreg                      000024 RLZ    regsave                   000026 RLZ    
ptr1                      00002A RLZ    ptr2                      00002C RLZ    
ptr3                      00002E RLZ    ptr4                      000030 RLZ    
tmp1                      000032 RLZ    tmp2                      000033 RLZ    
tmp3                      000034 RLZ    tmp4                      000035 RLZ    
regbank                   000036 RLZ    chlinechar                000040 REZ    
__BSS_SIZE__              00026C REA    __STACKSIZE__             000800 REA    
__HEADER_LAST__           00080D RLA    __MAIN_START__            00080D RLA    
_exit                     00081A RLA    _main                     00084E RLA    
_astrogation_map          000980 RLA    _astrogation_attempt_jump_to 000D15 RLA    
_command_menu             000DCF RLA    _set_PET_font             000FD2 RLA    
_gamestate_nextTurn       00101D RLA    _gamestate_save           001028 RLA    
_gamestate_load           00105B RLA    _missions_view            001212 RLA    
_player_loadActive        001216 RLA    _player_save              00128A RLA    
_ship_displayTurretSummary 0012BD RLA    _shipyard_upgrade         001323 RLA    
_splash                   00133B RLA    _starport_trade           0013EE RLA    
___directerrno            001405 RLA    __fdesc                   00140E RLA    
__fopen                   00142B RLA    ___heapmemavail           0014A6 RLA    
___mappederrno            0014F4 RLA    __printf                  0015F4 RLA    
__scanf                   0018A4 RLA    ___seterrno               001FF4 RLA    
__sys                     001FFD RLA    tosaddax                  002043 RLA    
addeqysp                  00205B RLA    addysp1                   00206A RLA    
addysp                    00206B RLA    shlax1                    002078 RLA    
shlax3                    002080 RLA    shlax4                    00208E RLA    
aslax4                    00208E RLA    axlong                    00209F RLA    
axulong                   0020A5 RLA    callmain                  0020AC RLA    
_cgetc                    0020C3 RLA    checkferror               00212A RLA    
_chline                   00213B RLA    initclock                 00214B  LAI   
_clock                    002152 RLA    _close                    00215A RLA    
_clrscr                   002192 RLA    _textcolor                0021A3 RLA    
complax                   0021CD RLA    donelib                   0021D6 RLA    
_cprintf                  0021E2 RLA    _cputcxy                  00220C RLA    
_cputc                    002211 RLA    cputdirect                002224 RLA    
plot                      00223D RLA    _cputsxy                  00226E RLA    
_cputs                    002277 RLA    ctypemask                 00228B RLA    
ctypemaskdirect           00228F RLA    decaxy                    0022A9 RLA    
decsp4                    0022B2 RLA    decsp6                    0022BF RLA    
decsp8                    0022CC RLA    opencmdchannel            0022E2 RLA    
closecmdchannel           00230F RLA    readdiskerror             00232A RLA    
writefndiskcmd            002362 RLA    tosdiva0                  00239D RLA    
_fclose                   0023B2 RLA    _fgetc                    0023D0 RLA    
freefd                    00242D RLA    fnparse                   002456 RLA    
fnset                     0024B8 RLA    fncomplete                0024C2 RLA    
fnaddmode                 0024CA RLA    updatedevnum              0024DB  LAI   
_ferror                   002505 RLA    _fopen                    002522 RLA    
_fread                    00253A RLA    _fscanf                   002605 RLA    
_fwrite                   002630 RLA    gotoxy                    0026A7 RLA    
_gotoxy                   0026AA RLA    _gotoy                    0026B6 RLA    
tosicmp0                  0026BC RLA    tosicmp                   0026BE RLA    
incax3                    0026EA RLA    incaxy                    0026F1 RLA    
incsp1                    0026FA RLA    popax                     002701 RLA    
incsp2                    002708 RLA    incsp4                    002716 RLA    
incsp6                    00271B RLA    incsp8                    002720 RLA    
_isdigit                  002725 RLA    _isspace                  00272D RLA    
_isxdigit                 002735 RLA    _kbhit                    00273D RLA    
tosaddeax                 002748 RLA    toslcmp                   002766 RLA    
ldaxi                     0027A1 RLA    ldax0sp                   0027AE RLA    
ldaxysp                   0027B0 RLA    ldeax0sp                  0027B7 RLA    
leaa0sp                   0027CA RLA    tosgeeax                  0027D6 RLA    
tosumul0ax                0027DC RLA    tosmuleax                 0027E0 RLA    
negeax                    002835 RLA    _longjmp                  002853 RLA    
pusheax                   002882 RLA    tossubeax                 00289D RLA    
_ltoa                     0028D5 RLA    _ultoa                    002914 RLA    
booleq                    002956 RLA    boolge                    002967 RLA    
_memcpy                   00297C RLA    tosmoda0                  0029B8 RLA    
tosumulax                 0029C9 RLA    mul8x16                   002A10 RLA    
mul8x16a                  002A1A RLA    mulax10                   002A48 RLA    
_abs                      002A61 RLA    negax                     002A65 RLA    
closeallfiles             002A73  LAI   _open                     002A87 RLA    
tosora0                   002B31 RLA    ___osmaperrno             002B42 RLA    
popa                      002B58 RLA    popptr1                   002B62 RLA    
_printf                   002B70 RLA    push1                     002BA3 RLA    
pusha                     002BAC RLA    pusha0                    002BC0 RLA    
pushax                    002BC2 RLA    pushw                     002BD8 RLA    
pushw0sp                  002BE7 RLA    pushwysp                  002BE9 RLA    
_puts                     002C03 RLA    _srand                    002C66 RLA    
_rand                     002C72 RLA    ___randomize              002C9A RLA    
_read                     002CA0 RLA    return0                   002D1C RLA    
returnFFFF                002D20 RLA    _revers                   002D24 RLA    
rwcommon                  002D37 RLA    _scanf                    002D51 RLA    
scratch                   002D84 RLA    ___setjmp                 002D9D RLA    
popsargsudiv16            002DC2 RLA    shrax1                    002DE2 RLA    
shrax3                    002DEA RLA    shrax4                    002DF8 RLA    
_sleep                    002E09 RLA    stax0sp                   002E4C RLA    
staxysp                   002E4E RLA    _strlen                   002E57 RLA    
_strlower                 002E6D RLA    tossuba0                  002E94 RLA    
tossubax                  002E96 RLA    subysp                    002EA8 RLA    
_tolower                  002EB5 RLA    tosudivax                 002EC9 RLA    
udiv16                    002ED8 RLA    _ungetc                   002F16 RLA    
_vcprintf                 002F84 RLA    _vfprintf                 002FEB RLA    
_vfscanf                  003014 RLA    _wherex                   003047 RLA    
_wherey                   00304D RLA    _write                    003053 RLA    
zerobss                   0030A5 RLA    __hextab                  003602 RLA    
__longminstr              003612 RLA    __ctype                   003636 RLA    
__ctypeidx                003641 RLA    __DESTRUCTOR_TABLE__      00371B RLA    
__filetab                 003737 RLA    _stdin                    00374F RLA    
_stdout                   003751 RLA    ___heapptr                003757 RLA    
___heapend                003759 RLA    ___heapfirst              00375B RLA    
fdtab                     00378B RLA    unittab                   003793 RLA    
fncmd                     00379B RLA    __filetype                0037BF RLA    
jmpvec                    0037C0 RLA    curunit                   0037E0 RLA    
initheap                  0037E1  LAI   _player                   0037E1 RLA    
__ONCE_RUN__              0037E1 RLA    __BSS_RUN__               0037E1 RLA    
initlib                   0037F1 RLA    initcurunit               003818  LAI   
initstdin                 003826  LAI   initstdout                003832  LAI   
__CONSTRUCTOR_TABLE__     003843 RLA    cursor                    0039B5 RLA    
___oserror                0039B8 RLA    ___errno                  003A3E RLA    
fnunit                    003A41 RLA    fnlen                     003A42 RLA    
fnisfile                  003A43 RLA    __MAIN_SIZE__             0096F3 REA    
__HIMEM__                 009F00 REA    KBDBUF_PEEK               00FEBD RLA    
ENTROPY_GET               00FECF RLA    READST                    00FFB7 RLA    
SETLFS                    00FFBA RLA    SETNAM                    00FFBD RLA    
OPEN                      00FFC0 RLA    CLOSE                     00FFC3 RLA    
CHKIN                     00FFC6 RLA    CKOUT                     00FFC9 RLA    
CLRCH                     00FFCC RLA    BASIN                     00FFCF RLA    
_cbm_k_bsout              00FFD2 RLA    BSOUT                     00FFD2 RLA    
CHROUT                    00FFD2 RLA    SETTIM                    00FFDB RLA    
RDTIM                     00FFDE RLA    GETIN                     00FFE4 RLA    
PLOT                      00FFF0 RLA    


Imports list:
-------------
BASIN (kernal.o):
    diskcmd.o                 cbm/cbm.inc:47
    read.o                    cbm/cbm.inc:47
BSOUT (kernal.o):
    diskcmd.o                 cbm/cbm.inc:49
    write.o                   cbm/cbm.inc:49
    read.o                    cbm/cbm.inc:49
    c_bsout.o                 cbm/cbm.inc:49
CHKIN (kernal.o):
    diskcmd.o                 cbm/cbm.inc:44
    read.o                    cbm/cbm.inc:44
CHROUT (kernal.o):
    crt0.o                    cx16/crt0.s:10
    clrscr.o                  cx16/clrscr.s:10
    c_bsout.o                 cbm/cbm.inc:50
CKOUT (kernal.o):
    diskcmd.o                 cbm/cbm.inc:45
    write.o                   cbm/cbm.inc:45
CLOSE (kernal.o):
    open.o                    cbm/cbm.inc:36
    diskcmd.o                 cbm/cbm.inc:36
    close.o                   cbm/cbm.inc:36
CLRCH (kernal.o):
    diskcmd.o                 cbm/cbm.inc:46
    write.o                   cbm/cbm.inc:46
    read.o                    cbm/cbm.inc:46
ENTROPY_GET (kernal.o):
    randomize.o               cx16/randomize.s:10
GETIN (kernal.o):
    cgetc.o                   cx16/cgetc.s:10
KBDBUF_PEEK (kernal.o):
    kbhit.o                   cx16/kbhit.s:10
OPEN (kernal.o):
    open.o                    cbm/cbm.inc:35
    diskcmd.o                 cbm/cbm.inc:35
    write.o                   cbm/cbm.inc:35
    read.o                    cbm/cbm.inc:35
PLOT (kernal.o):
    cputc.o                   cx16/cputc.s:11
RDTIM (kernal.o):
    clock.o                   cx16/clock.s:11
READST (kernal.o):
    write.o                   cbm/cbm.inc:32
    read.o                    cbm/cbm.inc:32
SETLFS (kernal.o):
    open.o                    cbm/cbm.inc:33
    diskcmd.o                 cbm/cbm.inc:33
    write.o                   cbm/cbm.inc:33
    read.o                    cbm/cbm.inc:33
SETNAM (kernal.o):
    filename.o                cbm/cbm.inc:34
    diskcmd.o                 cbm/cbm.inc:34
SETTIM (kernal.o):
    clock.o                   cx16/clock.s:11
__BSS_RUN__ ([linker generated]):
    _heap.o                   common/_heap.s:8
    zerobss.o                 common/zerobss.s:8
__BSS_SIZE__ ([linker generated]):
    _heap.o                   common/_heap.s:8
    zerobss.o                 common/zerobss.s:8
__CONSTRUCTOR_COUNT__ ([linker generated]):
    condes.o                  runtime/condes.s:18
__CONSTRUCTOR_TABLE__ ([linker generated]):
    condes.o                  runtime/condes.s:18
__DESTRUCTOR_COUNT__ ([linker generated]):
    condes.o                  runtime/condes.s:19
__DESTRUCTOR_TABLE__ ([linker generated]):
    condes.o                  runtime/condes.s:19
__EXEHDR__ (exehdr.o):
    [linker generated]        /Users/rje/git/cc65/cfg/cx16.cfg:6
__HEADER_LAST__ ([linker generated]):
    [linker generated]        /Users/rje/git/cc65/cfg/cx16.cfg:14
    [linker generated]        /Users/rje/git/cc65/cfg/cx16.cfg:14
__HIMEM__ ([linker generated]):
    [linker generated]        /Users/rje/git/cc65/cfg/cx16.cfg:15
    [linker generated]        /Users/rje/git/cc65/cfg/cx16.cfg:14
__LOADADDR__ (loadaddr.o):
    [linker generated]        /Users/rje/git/cc65/cfg/cx16.cfg:5
__MAIN_SIZE__ ([linker generated]):
    crt0.o                    cx16/crt0.s:11
__MAIN_START__ ([linker generated]):
    crt0.o                    cx16/crt0.s:11
__ONCE_RUN__ ([linker generated]):
    [linker generated]        /Users/rje/git/cc65/cfg/cx16.cfg:15
    [linker generated]        /Users/rje/git/cc65/cfg/cx16.cfg:15
__STACKSIZE__ ([linker generated]):
    _heap.o                   common/_heap.s:8
    [linker generated]        /Users/rje/git/cc65/cfg/cx16.cfg:15
__STARTUP__ (crt0.o):
    main.o                    main.s:13
___directerrno (_directerrno.o):
    ungetc.o                  /Users/rje/git/cc65/asminc/errno.inc:10
    open.o                    /Users/rje/git/cc65/asminc/errno.inc:10
    fmisc.o                   common/fmisc.s:8
    close.o                   /Users/rje/git/cc65/asminc/errno.inc:10
    write.o                   /Users/rje/git/cc65/asminc/errno.inc:10
    read.o                    /Users/rje/git/cc65/asminc/errno.inc:10
    fclose.o                  common/fclose.s:10
___errno (errno.o):
    _seterrno.o               /Users/rje/git/cc65/asminc/errno.inc:7
___heapend (_heap.o):
    _heapmemavail.o           /Users/rje/git/cc65/asminc/_heap.inc:33
___heapfirst (_heap.o):
    _heapmemavail.o           /Users/rje/git/cc65/asminc/_heap.inc:34
___heapmemavail (_heapmemavail.o):
    splash.o                  splash.s:20
___heapptr (_heap.o):
    _heapmemavail.o           /Users/rje/git/cc65/asminc/_heap.inc:32
___mappederrno (_mappederrno.o):
    open.o                    /Users/rje/git/cc65/asminc/errno.inc:10
    close.o                   /Users/rje/git/cc65/asminc/errno.inc:10
    write.o                   /Users/rje/git/cc65/asminc/errno.inc:10
    read.o                    /Users/rje/git/cc65/asminc/errno.inc:10
___oserror (_oserror.o):
    open.o                    /Users/rje/git/cc65/asminc/errno.inc:7
    _mappederrno.o            /Users/rje/git/cc65/asminc/errno.inc:7
    _directerrno.o            /Users/rje/git/cc65/asminc/errno.inc:7
    write.o                   /Users/rje/git/cc65/asminc/errno.inc:7
    read.o                    /Users/rje/git/cc65/asminc/errno.inc:7
___osmaperrno (oserror.o):
    _mappederrno.o            /Users/rje/git/cc65/asminc/errno.inc:8
___randomize (randomize.o):
    main.o                    main.s:16
___seterrno (_seterrno.o):
    _scanf.o                  ../libwrk/cx16/_scanf.s:27
    _mappederrno.o            /Users/rje/git/cc65/asminc/errno.inc:9
    _fopen.o                  /Users/rje/git/cc65/asminc/errno.inc:9
    _directerrno.o            /Users/rje/git/cc65/asminc/errno.inc:9
    fwrite.o                  /Users/rje/git/cc65/asminc/errno.inc:9
    fread.o                   /Users/rje/git/cc65/asminc/errno.inc:9
    fopen.o                   /Users/rje/git/cc65/asminc/errno.inc:9
___setjmp (setjmp.o):
    _scanf.o                  ../libwrk/cx16/_scanf.s:25
__ctype (ctype.o):
    ctypemask.o               common/ctypemask.s:23
__ctypeidx (ctype.o):
    ctypemask.o               common/ctypemask.s:24
__fdesc (_fdesc.o):
    fopen.o                   common/fopen.s:10
__filetab (_file.o):
    _fdesc.o                  /Users/rje/git/cc65/asminc/_file.inc:25
__filetype (filetype.o):
    filename.o                cbm/filename.s:11
__fopen (_fopen.o):
    fopen.o                   common/fopen.s:10
__hextab (_hextab.o):
    ltoa.o                    common/ltoa.s:10
__longminstr (_longminstr.o):
    ltoa.o                    common/ltoa.s:10
__printf (_printf.o):
    vfprintf.o                common/vfprintf.s:10
    vcprintf.o                conio/vcprintf.s:9
__scanf (_scanf.o):
    vfscanf.o                 common/_scanf.inc:17
__sys (_sys.o):
    common.o                  common.s:13
_abs (negabs.o):
    astrogation.o             astrogation.s:18
_astrogation_attempt_jump_to (astrogation.o):
    command_menu.o            command_menu.s:25
_astrogation_map (astrogation.o):
    command_menu.o            command_menu.s:24
_cbm_k_bsout (c_bsout.o):
    common.o                  common.s:14
_cgetc (cgetc.o):
    main.o                    main.s:20
_chline (chline.o):
    splash.o                  splash.s:17
_clock (clock.o):
    sleep.o                   ../libwrk/cx16/sleep.s:16
_close (close.o):
    open.o                    cbm/open.s:14
    fclose.o                  common/fclose.s:10
_clrscr (clrscr.o):
    common.o                  common.s:15
    astrogation.o             astrogation.s:13
    main.o                    main.s:18
_command_menu (command_menu.o):
    main.o                    main.s:27
_cprintf (cprintf.o):
    splash.o                  splash.s:15
_cputc (cputc.o):
    vcprintf.o                conio/vcprintf.s:9
    cputs.o                   conio/cputs.s:9
_cputcxy (cputc.o):
    menu.o                    menu.s:15
_cputs (cputs.o):
    splash.o                  splash.s:14
    astrogation.o             astrogation.s:14
_cputsxy (cputs.o):
    menu.o                    menu.s:16
    main.o                    main.s:19
_exit (crt0.o):
    main.o                    main.s:17
_fclose (fclose.o):
    player.o                  player.s:13
    gamestate.o               gamestate.s:13
_ferror (fmisc.o):
    vfscanf.o                 common/vfscanf.s:9
_fgetc (fgetc.o):
    vfscanf.o                 common/vfscanf.s:9
_fopen (fopen.o):
    player.o                  player.s:14
    gamestate.o               gamestate.s:14
_fread (fread.o):
    player.o                  player.s:15
    gamestate.o               gamestate.s:15
_fscanf (fscanf.o):
    player.o                  player.s:17
_fwrite (fwrite.o):
    vfprintf.o                common/vfprintf.s:10
    player.o                  player.s:16
    gamestate.o               gamestate.s:16
_gamestate_load (gamestate.o):
    main.o                    main.s:26
_gamestate_nextTurn (gamestate.o):
    command_menu.o            command_menu.s:19
_gamestate_save (gamestate.o):
    command_menu.o            command_menu.s:20
_gotoxy (gotoxy.o):
    splash.o                  splash.s:13
_gotoy (gotoy.o):
    common.o                  common.s:16
_isdigit (isdigit.o):
    _scanf.o                  ../libwrk/cx16/_scanf.s:28
_isspace (isspace.o):
    _scanf.o                  ../libwrk/cx16/_scanf.s:29
_isxdigit (isxdigit.o):
    _scanf.o                  ../libwrk/cx16/_scanf.s:30
_kbhit (kbhit.o):
    cgetc.o                   cx16/cgetc.s:10
_longjmp (longjmp.o):
    _scanf.o                  ../libwrk/cx16/_scanf.s:26
_ltoa (ltoa.o):
    _printf.o                 common/_printf.s:12
_main (main.o):
    callmain.o                runtime/callmain.s:11
_memcpy (memcpy.o):
    astrogation.o             astrogation.s:797
    astrogation.o             astrogation.s:797
_missions_view (missions.o):
    command_menu.o            command_menu.s:23
_open (open.o):
    _fopen.o                  common/_fopen.s:10
_player (main.o):
    ship.o                    ship.s:15
    player.o                  player.s:20
    command_menu.o            command_menu.s:26
    astrogation.o             astrogation.s:25
_player_loadActive (player.o):
    main.o                    main.s:25
_player_save (player.o):
    command_menu.o            command_menu.s:18
_printf (printf.o):
    ship.o                    ship.s:13
    command_menu.o            command_menu.s:13
    astrogation.o             astrogation.s:17
    main.o                    main.s:14
_puts (puts.o):
    shipyard.o                shipyard.s:13
    command_menu.o            command_menu.s:14
    main.o                    main.s:15
_rand (rand.o):
    trade.o                   trade.s:13
_read (read.o):
    fgetc.o                   common/fgetc.s:8
    fread.o                   common/fread.s:10
_revers (revers.o):
    astrogation.o             astrogation.s:15
_scanf (scanf.o):
    command_menu.o            command_menu.s:15
_set_PET_font (common.o):
    main.o                    main.s:23
_ship_displayTurretSummary (ship.o):
    shipyard.o                shipyard.s:15
_shipyard_upgrade (shipyard.o):
    command_menu.o            command_menu.s:22
_sleep (sleep.o):
    splash.o                  splash.s:19
    main.o                    main.s:22
_splash (splash.o):
    main.o                    main.s:24
_srand (rand.o):
    randomize.o               cx16/randomize.s:10
_starport_trade (starport.o):
    command_menu.o            command_menu.s:21
_stdin (_file.o):
    scanf.o                   common/scanf.s:10
_stdout (_file.o):
    puts.o                    ../libwrk/cx16/puts.s:19
    printf.o                  common/printf.s:8
_strlen (strlen.o):
    _printf.o                 common/_printf.s:13
    puts.o                    ../libwrk/cx16/puts.s:21
    splash.o                  splash.s:18
    menu.o                    menu.s:17
_strlower (strlower.o):
    _printf.o                 common/_printf.s:13
_textcolor (color.o):
    splash.o                  splash.s:16
    common.o                  common.s:17
    command_menu.o            command_menu.s:16
    astrogation.o             astrogation.s:16
    main.o                    main.s:21
_tolower (tolower.o):
    _scanf.o                  ../libwrk/cx16/_scanf.s:31
_ultoa (ltoa.o):
    _printf.o                 common/_printf.s:12
_ungetc (ungetc.o):
    vfscanf.o                 common/vfscanf.s:9
_vcprintf (vcprintf.o):
    cprintf.o                 conio/cprintf.s:8
_vfprintf (vfprintf.o):
    printf.o                  common/printf.s:8
_vfscanf (vfscanf.o):
    scanf.o                   common/scanf.s:10
    fscanf.o                  common/fscanf.s:8
_wherex (wherex.o):
    menu.o                    menu.s:13
_wherey (wherey.o):
    menu.o                    menu.s:14
_write (write.o):
    puts.o                    ../libwrk/cx16/puts.s:22
    fwrite.o                  common/fwrite.s:10
addeqysp (addeqsp.o):
    menu.o                    menu.s:204
    astrogation.o             astrogation.s:797
    astrogation.o             astrogation.s:797
addysp (addysp.o):
    open.o                    cbm/open.s:10
    scanf.o                   common/scanf.s:10
    printf.o                  common/printf.s:8
    incsp8.o                  runtime/incsp8.s:8
    incsp6.o                  runtime/incsp6.s:8
    incsp4.o                  runtime/incsp4.s:8
    fwrite.o                  common/fwrite.s:11
    fscanf.o                  common/fscanf.s:8
    cprintf.o                 conio/cprintf.s:8
    menu.o                    menu.s:204
    astrogation.o             astrogation.s:797
    astrogation.o             astrogation.s:797
    astrogation.o             astrogation.s:797
    astrogation.o             astrogation.s:797
addysp1 (addysp.o):
    lsub.o                    runtime/lsub.s:11
    lmul.o                    runtime/lmul.s:9
    ladd.o                    runtime/ladd.s:8
    sub.o                     runtime/sub.s:8
    or.o                      runtime/or.s:9
aslax4 (aslax4.o):
    astrogation.o             astrogation.s:797
    astrogation.o             astrogation.s:797
axlong (axlong.o):
    _printf.o                 common/_printf.s:11
axulong (axlong.o):
    _scanf.o                  ../libwrk/cx16/_scanf.s:1447
    _scanf.o                  ../libwrk/cx16/_scanf.s:1447
    _printf.o                 common/_printf.s:11
    sleep.o                   ../libwrk/cx16/sleep.s:67
booleq (makebool.o):
    _scanf.o                  ../libwrk/cx16/_scanf.s:1447
boolge (makebool.o):
    lge.o                     runtime/lge.s:8
callmain (callmain.o):
    crt0.o                    cx16/crt0.s:9
checkferror (checkferror.o):
    fgetc.o                   common/fgetc.s:8
chlinechar (clinechars.o):
    chline.o                  cbm/chline.s:10
closecmdchannel (diskcmd.o):
    scratch.o                 cbm/scratch.s:8
    open.o                    cbm/open.s:12
    close.o                   cbm/close.s:9
complax (compl.o):
    _scanf.o                  ../libwrk/cx16/_scanf.s:1447
cputdirect (cputc.o):
    chline.o                  cbm/chline.s:9
ctypemask (ctypemask.o):
    isxdigit.o                common/isxdigit.s:15
    isspace.o                 common/isspace.s:15
    isdigit.o                 common/isdigit.s:15
ctypemaskdirect (ctypemask.o):
    tolower.o                 common/tolower.s:15
    strlower.o                common/strlower.s:14
cursor (_cursor.o):
    cgetc.o                   cx16/cgetc.s:10
curunit (filevars.o):
    filename.o                cbm/filename.s:11
decaxy (decaxy.o):
    _scanf.o                  ../libwrk/cx16/_scanf.s:1447
decsp4 (decsp4.o):
    lpush.o                   runtime/lpush.s:12
    fscanf.o                  common/fscanf.s:8
    menu.o                    menu.s:204
    command_menu.o            command_menu.s:306
decsp6 (decsp6.o):
    _printf.o                 common/_printf.s:11
    common.o                  common.s:77
    common.o                  common.s:77
    astrogation.o             astrogation.s:797
decsp8 (decsp8.o):
    astrogation.o             astrogation.s:797
donelib (condes.o):
    crt0.o                    cx16/crt0.s:8
fdtab (filedes.o):
    open.o                    cbm/filedes.inc:7
    close.o                   cbm/filedes.inc:7
    write.o                   cbm/filedes.inc:7
    read.o                    cbm/filedes.inc:7
fnaddmode (filename.o):
    open.o                    cbm/open.s:11
fncmd (filename.o):
    scratch.o                 cbm/scratch.s:9
    diskcmd.o                 cbm/diskcmd.s:14
fncomplete (filename.o):
    open.o                    cbm/open.s:11
fnisfile (filename.o):
    open.o                    cbm/open.s:13
fnlen (filename.o):
    diskcmd.o                 cbm/diskcmd.s:14
fnparse (filename.o):
    open.o                    cbm/open.s:11
fnset (filename.o):
    open.o                    cbm/open.s:11
fnunit (filename.o):
    scratch.o                 cbm/scratch.s:9
    open.o                    cbm/open.s:13
    diskcmd.o                 cbm/diskcmd.s:14
freefd (filedes.o):
    open.o                    cbm/filedes.inc:9
gotoxy (gotoxy.o):
    cputs.o                   conio/cputs.s:9
    cputc.o                   cx16/cputc.s:11
    chline.o                  cbm/chline.s:9
incax3 (incax3.o):
    menu.o                    menu.s:204
incaxy (incaxy.o):
    incax3.o                  runtime/incax3.s:8
incsp1 (incsp1.o):
    _scanf.o                  ../libwrk/cx16/_scanf.s:1447
    _scanf.o                  ../libwrk/cx16/_scanf.s:1447
    _scanf.o                  ../libwrk/cx16/_scanf.s:1447
    _scanf.o                  ../libwrk/cx16/_scanf.s:1447
    _scanf.o                  ../libwrk/cx16/_scanf.s:1447
incsp2 (incsp2.o):
    fgetc.o                   common/fgetc.s:9
    puts.o                    ../libwrk/cx16/puts.s:93
    popptr1.o                 runtime/popptr1.s:8
    trade.o                   trade.s:44
    splash.o                  splash.s:150
    ship.o                    ship.s:91
    player.o                  player.s:133
    player.o                  player.s:133
    gamestate.o               gamestate.s:136
    gamestate.o               gamestate.s:136
    astrogation.o             astrogation.s:797
incsp4 (incsp4.o):
    lcmp.o                    runtime/lcmp.s:9
    _fopen.o                  common/_fopen.s:11
    fread.o                   common/fread.s:12
    command_menu.o            command_menu.s:306
    astrogation.o             astrogation.s:797
incsp6 (incsp6.o):
    vfprintf.o                common/vfprintf.s:9
    sleep.o                   ../libwrk/cx16/sleep.s:67
    fwrite.o                  common/fwrite.s:11
    fread.o                   common/fread.s:12
    common.o                  common.s:77
    common.o                  common.s:77
incsp8 (incsp8.o):
    _scanf.o                  ../libwrk/cx16/_scanf.s:1447
    astrogation.o             astrogation.s:797
initlib (condes.o):
    crt0.o                    cx16/crt0.s:8
jmpvec (jmpvec.o):
    _scanf.o                  ../libwrk/cx16/_scanf.s:1447
    _scanf.o                  ../libwrk/cx16/_scanf.s:1447
    _sys.o                    common/_sys.s:8
ldax0sp (ldaxsp.o):
    fread.o                   common/fread.s:13
    player.o                  player.s:133
    player.o                  player.s:133
    menu.o                    menu.s:204
    gamestate.o               gamestate.s:136
    gamestate.o               gamestate.s:136
    astrogation.o             astrogation.s:797
    astrogation.o             astrogation.s:797
    astrogation.o             astrogation.s:797
    astrogation.o             astrogation.s:797
ldaxi (ldaxi.o):
    _scanf.o                  ../libwrk/cx16/_scanf.s:1447
    _scanf.o                  ../libwrk/cx16/_scanf.s:1447
ldaxysp (ldaxsp.o):
    _scanf.o                  ../libwrk/cx16/_scanf.s:1447
    sleep.o                   ../libwrk/cx16/sleep.s:67
    puts.o                    ../libwrk/cx16/puts.s:93
    fwrite.o                  common/fwrite.s:11
    fread.o                   common/fread.s:13
    splash.o                  splash.s:150
    ship.o                    ship.s:91
    player.o                  player.s:133
    player.o                  player.s:133
    menu.o                    menu.s:204
    gamestate.o               gamestate.s:136
    gamestate.o               gamestate.s:136
    command_menu.o            command_menu.s:306
    astrogation.o             astrogation.s:797
    astrogation.o             astrogation.s:797
    astrogation.o             astrogation.s:797
    astrogation.o             astrogation.s:797
    astrogation.o             astrogation.s:797
ldeax0sp (ldeaxysp.o):
    sleep.o                   ../libwrk/cx16/sleep.s:67
leaa0sp (leaaxsp.o):
    command_menu.o            command_menu.s:306
    astrogation.o             astrogation.s:797
mul8x16 (mul8.o):
    mul.o                     runtime/mul.s:8
mul8x16a (mul8.o):
    mul.o                     runtime/mul.s:8
mulax10 (mulax10.o):
    _scanf.o                  ../libwrk/cx16/_scanf.s:1447
negax (negabs.o):
    shelp.o                   runtime/shelp.s:11
    mod.o                     runtime/mod.s:11
    div.o                     runtime/div.s:11
negeax (lneg.o):
    ltoa.o                    common/ltoa.s:9
    _scanf.o                  ../libwrk/cx16/_scanf.s:1447
opencmdchannel (diskcmd.o):
    scratch.o                 cbm/scratch.s:8
    open.o                    cbm/open.s:12
plot (cputc.o):
    gotoy.o                   cx16/gotoy.s:9
    gotoxy.o                  cx16/gotoxy.s:9
popa (popa.o):
    gotoxy.o                  cx16/gotoxy.s:9
popax (incsp2.o):
    ungetc.o                  common/ungetc.s:10
    open.o                    cbm/open.s:10
    ltoa.o                    common/ltoa.s:9
    _printf.o                 common/_printf.s:11
    vcprintf.o                conio/vcprintf.s:8
    shelp.o                   runtime/shelp.s:11
    rwcommon.o                cbm/rwcommon.s:9
    memcpy.o                  common/memcpy.s:14
popptr1 (popptr1.o):
    ltoa.o                    common/ltoa.s:9
    longjmp.o                 common/longjmp.s:9
    fgetc.o                   common/fgetc.s:9
    vcprintf.o                conio/vcprintf.s:8
    udiv.o                    runtime/udiv.s:9
    rwcommon.o                cbm/rwcommon.s:9
    mul8.o                    runtime/mul8.s:9
    mul.o                     runtime/mul.s:9
    memcpy.o                  common/memcpy.s:14
popsargsudiv16 (shelp.o):
    mod.o                     runtime/mod.s:11
    div.o                     runtime/div.s:11
ptr1 (zeropage.o):
    lcmp.o                    runtime/lcmp.s:10
    checkferror.o             common/checkferror.s:12
    ungetc.o                  common/ungetc.s:11
    strlower.o                common/strlower.s:13
    setjmp.o                  common/setjmp.s:11
    mulax10.o                 runtime/mulax10.s:9
    ltoa.o                    common/ltoa.s:11
    longjmp.o                 common/longjmp.s:10
    lmul.o                    runtime/lmul.s:10
    ldaxi.o                   runtime/ldaxi.s:8
    fmisc.o                   common/fmisc.s:9
    filename.o                cbm/filename.s:12
    fgetc.o                   common/fgetc.s:10
    diskcmd.o                 cbm/diskcmd.s:15
    _scanf.o                  ../libwrk/cx16/_scanf.s:11
    _printf.o                 /Users/rje/git/cc65/asminc/zeropage.inc:12
    _fopen.o                  common/_fopen.s:12
    zerobss.o                 common/zerobss.s:9
    write.o                   cbm/write.s:11
    vfprintf.o                common/vfprintf.s:11
    vcprintf.o                conio/vcprintf.s:10
    udiv.o                    runtime/udiv.s:10
    shelp.o                   runtime/shelp.s:12
    scanf.o                   common/scanf.s:11
    read.o                    cbm/read.s:13
    puts.o                    ../libwrk/cx16/puts.s:11
    pushw.o                   runtime/pushw.s:9
    printf.o                  common/printf.s:9
    popptr1.o                 runtime/popptr1.s:9
    mul8.o                    runtime/mul8.s:10
    mul.o                     runtime/mul.s:10
    memcpy.o                  common/memcpy.s:15
    fwrite.o                  common/fwrite.s:14
    fscanf.o                  common/fscanf.s:9
    fread.o                   common/fread.s:17
    fclose.o                  common/fclose.s:11
    div.o                     runtime/div.s:12
    cputs.o                   conio/cputs.s:10
    cprintf.o                 conio/cprintf.s:9
    _sys.o                    common/_sys.s:9
    _heapmemavail.o           common/_heapmemavail.s:10
    ship.o                    ship.s:11
    command_menu.o            command_menu.s:11
    astrogation.o             astrogation.s:11
ptr2 (zeropage.o):
    strlower.o                common/strlower.s:13
    ltoa.o                    common/ltoa.s:11
    longjmp.o                 common/longjmp.s:10
    _printf.o                 /Users/rje/git/cc65/asminc/zeropage.inc:12
    write.o                   cbm/write.s:11
    vcprintf.o                conio/vcprintf.s:10
    rwcommon.o                cbm/rwcommon.s:10
    read.o                    cbm/read.s:13
    memcpy.o                  common/memcpy.s:15
    _heapmemavail.o           common/_heapmemavail.s:10
ptr3 (zeropage.o):
    ltoa.o                    common/ltoa.s:11
    lmul.o                    runtime/lmul.s:10
    write.o                   cbm/write.s:11
    vfscanf.o                 /Users/rje/git/cc65/asminc/zeropage.inc:12
    vcprintf.o                conio/vcprintf.s:10
    rwcommon.o                cbm/rwcommon.s:10
    read.o                    cbm/read.s:13
    memcpy.o                  common/memcpy.s:15
ptr4 (zeropage.o):
    lmul.o                    runtime/lmul.s:10
    udiv.o                    runtime/udiv.s:10
    strlen.o                  common/strlen.s:12
    shelp.o                   runtime/shelp.s:12
    mul8.o                    runtime/mul8.s:10
    mul.o                     runtime/mul.s:10
push1 (push1.o):
    _printf.o                 common/_printf.s:11
    vfprintf.o                common/vfprintf.s:9
pusha (pusha.o):
    _scanf.o                  ../libwrk/cx16/_scanf.s:1447
    _scanf.o                  ../libwrk/cx16/_scanf.s:1447
    _scanf.o                  ../libwrk/cx16/_scanf.s:1447
    _scanf.o                  ../libwrk/cx16/_scanf.s:1447
    _scanf.o                  ../libwrk/cx16/_scanf.s:1447
    splash.o                  splash.s:150
    menu.o                    menu.s:204
    astrogation.o             astrogation.s:797
    astrogation.o             astrogation.s:797
    main.o                    main.s:118
pusha0 (pushax.o):
    push1.o                   runtime/push1.s:8
    fgetc.o                   common/fgetc.s:9
    _scanf.o                  ../libwrk/cx16/_scanf.s:1447
    puts.o                    ../libwrk/cx16/puts.s:93
    fwrite.o                  common/fwrite.s:11
    fread.o                   common/fread.s:11
    splash.o                  splash.s:150
    ship.o                    ship.s:91
    player.o                  player.s:133
    player.o                  player.s:133
    gamestate.o               gamestate.s:136
    gamestate.o               gamestate.s:136
    command_menu.o            command_menu.s:306
    astrogation.o             astrogation.s:797
    astrogation.o             astrogation.s:797
    astrogation.o             astrogation.s:797
pushax (pushax.o):
    fgetc.o                   common/fgetc.s:9
    callmain.o                runtime/callmain.s:11
    _scanf.o                  ../libwrk/cx16/_scanf.s:1447
    _scanf.o                  ../libwrk/cx16/_scanf.s:1447
    _printf.o                 common/_printf.s:11
    vcprintf.o                conio/vcprintf.s:8
    sleep.o                   ../libwrk/cx16/sleep.s:67
    scanf.o                   common/scanf.s:10
    puts.o                    ../libwrk/cx16/puts.s:93
    pushw.o                   runtime/pushw.s:8
    printf.o                  common/printf.s:8
    fwrite.o                  common/fwrite.s:11
    fread.o                   common/fread.s:11
    fopen.o                   common/fopen.s:11
    cprintf.o                 conio/cprintf.s:8
    trade.o                   trade.s:44
    splash.o                  splash.s:150
    ship.o                    ship.s:91
    player.o                  player.s:133
    player.o                  player.s:133
    menu.o                    menu.s:204
    gamestate.o               gamestate.s:136
    gamestate.o               gamestate.s:136
    command_menu.o            command_menu.s:306
    command_menu.o            command_menu.s:306
    astrogation.o             astrogation.s:797
    astrogation.o             astrogation.s:797
    astrogation.o             astrogation.s:797
    astrogation.o             astrogation.s:797
    astrogation.o             astrogation.s:797
    astrogation.o             astrogation.s:797
    main.o                    main.s:118
pusheax (lpush.o):
    _scanf.o                  ../libwrk/cx16/_scanf.s:1447
    _printf.o                 common/_printf.s:11
    sleep.o                   ../libwrk/cx16/sleep.s:67
pushw (pushw.o):
    astrogation.o             astrogation.s:797
pushw0sp (pushwsp.o):
    player.o                  player.s:133
    astrogation.o             astrogation.s:797
pushwysp (pushwsp.o):
    vfprintf.o                common/vfprintf.s:9
    puts.o                    ../libwrk/cx16/puts.s:93
    fwrite.o                  common/fwrite.s:11
    fread.o                   common/fread.s:14
    splash.o                  splash.s:150
    menu.o                    menu.s:204
    command_menu.o            command_menu.s:306
    astrogation.o             astrogation.s:797
    astrogation.o             astrogation.s:797
    astrogation.o             astrogation.s:797
    astrogation.o             astrogation.s:797
    astrogation.o             astrogation.s:797
    astrogation.o             astrogation.s:797
readdiskerror (diskcmd.o):
    open.o                    cbm/open.s:12
    close.o                   cbm/close.s:9
regbank (zeropage.o):
    _scanf.o                  ../libwrk/cx16/_scanf.s:10
    _printf.o                 /Users/rje/git/cc65/asminc/zeropage.inc:14
    fread.o                   common/fread.s:32
regsave (zeropage.o):
    _scanf.o                  ../libwrk/cx16/_scanf.s:10
return0 (return0.o):
    setjmp.o                  common/setjmp.s:10
    fmisc.o                   common/fmisc.s:8
    _fopen.o                  common/_fopen.s:11
    _fdesc.o                  common/_fdesc.s:9
returnFFFF (returnFFFF.o):
    fgetc.o                   common/fgetc.s:9
rwcommon (rwcommon.o):
    write.o                   cbm/write.s:10
    read.o                    cbm/read.s:11
scratch (scratch.o):
    open.o                    cbm/open.s:11
shlax1 (aslax1.o):
    astrogation.o             astrogation.s:797
shlax3 (aslax3.o):
    command_menu.o            command_menu.s:306
shlax4 (aslax4.o):
    astrogation.o             astrogation.s:797
shrax1 (shrax1.o):
    splash.o                  splash.s:150
    astrogation.o             astrogation.s:797
    astrogation.o             astrogation.s:797
    astrogation.o             astrogation.s:797
shrax3 (shrax3.o):
    player.o                  player.s:133
    command_menu.o            command_menu.s:306
shrax4 (shrax4.o):
    astrogation.o             astrogation.s:797
    astrogation.o             astrogation.s:797
    astrogation.o             astrogation.s:797
sp (zeropage.o):
    lcmp.o                    runtime/lcmp.s:10
    setjmp.o                  common/setjmp.s:11
    lsub.o                    runtime/lsub.s:12
    lpush.o                   runtime/lpush.s:13
    longjmp.o                 common/longjmp.s:10
    lmul.o                    runtime/lmul.s:10
    ldeaxysp.o                runtime/ldeaxysp.s:12
    ladd.o                    runtime/ladd.s:9
    incsp1.o                  runtime/incsp1.s:8
    _scanf.o                  ../libwrk/cx16/_scanf.s:10
    _printf.o                 /Users/rje/git/cc65/asminc/zeropage.inc:11
    _heap.o                   common/_heap.s:9
    _fopen.o                  common/_fopen.s:12
    vfscanf.o                 /Users/rje/git/cc65/asminc/zeropage.inc:11
    vfprintf.o                common/vfprintf.s:11
    vcprintf.o                conio/vcprintf.s:10
    subysp.o                  runtime/subysp.s:9
    sub.o                     runtime/sub.s:9
    staxsp.o                  runtime/staxsp.s:8
    scanf.o                   common/scanf.s:11
    pushwsp.o                 runtime/pushwsp.s:8
    pushax.o                  runtime/pushax.s:8
    pusha.o                   runtime/pusha.s:8
    printf.o                  common/printf.s:9
    popptr1.o                 runtime/popptr1.s:9
    popa.o                    runtime/popa.s:8
    or.o                      runtime/or.s:10
    memcpy.o                  common/memcpy.s:15
    leaaxsp.o                 runtime/leaaxsp.s:8
    ldaxsp.o                  runtime/ldaxsp.s:8
    incsp2.o                  runtime/incsp2.s:8
    icmp.o                    runtime/icmp.s:9
    fscanf.o                  common/fscanf.s:9
    fread.o                   common/fread.s:17
    decsp8.o                  runtime/decsp8.s:8
    decsp6.o                  runtime/decsp6.s:8
    decsp4.o                  runtime/decsp4.s:8
    crt0.o                    /Users/rje/git/cc65/asminc/zeropage.inc:11
    cprintf.o                 conio/cprintf.s:9
    addysp.o                  runtime/addysp.s:8
    addeqsp.o                 runtime/addeqsp.s:8
    add.o                     runtime/add.s:12
    menu.o                    menu.s:10
    common.o                  common.s:10
    command_menu.o            command_menu.s:10
    astrogation.o             astrogation.s:10
sreg (zeropage.o):
    lcmp.o                    runtime/lcmp.s:10
    ltoa.o                    common/ltoa.s:11
    lsub.o                    runtime/lsub.s:12
    lpush.o                   runtime/lpush.s:13
    lneg.o                    runtime/lneg.s:11
    lmul.o                    runtime/lmul.s:10
    ldeaxysp.o                runtime/ldeaxysp.s:12
    ladd.o                    runtime/ladd.s:9
    clock.o                   cx16/clock.s:12
    axlong.o                  runtime/axlong.s:9
    _scanf.o                  ../libwrk/cx16/_scanf.s:10
    _printf.o                 /Users/rje/git/cc65/asminc/zeropage.inc:11
    udiv.o                    runtime/udiv.s:10
    sleep.o                   ../libwrk/cx16/sleep.s:10
    mod.o                     runtime/mod.s:12
    icmp.o                    runtime/icmp.s:9
stax0sp (staxsp.o):
    player.o                  player.s:133
    astrogation.o             astrogation.s:797
    astrogation.o             astrogation.s:797
staxysp (staxsp.o):
    menu.o                    menu.s:204
    common.o                  common.s:77
    common.o                  common.s:77
    astrogation.o             astrogation.s:797
    astrogation.o             astrogation.s:797
subysp (subysp.o):
    astrogation.o             astrogation.s:797
tmp1 (zeropage.o):
    ungetc.o                  common/ungetc.s:11
    ltoa.o                    common/ltoa.s:11
    ladd.o                    runtime/ladd.s:9
    filename.o                cbm/filename.s:12
    diskcmd.o                 cbm/diskcmd.s:15
    decaxy.o                  runtime/decaxy.s:8
    _printf.o                 /Users/rje/git/cc65/asminc/zeropage.inc:13
    vcprintf.o                conio/vcprintf.s:10
    shrax4.o                  runtime/shrax4.s:8
    shrax3.o                  runtime/shrax3.s:8
    shrax1.o                  runtime/shrax1.s:8
    shelp.o                   runtime/shelp.s:12
    read.o                    cbm/read.s:13
    or.o                      runtime/or.s:10
    mul.o                     runtime/mul.s:10
    mod.o                     runtime/mod.s:12
    incaxy.o                  runtime/incaxy.s:8
    div.o                     runtime/div.s:12
    color.o                   cx16/color.s:11
    chline.o                  cbm/chline.s:10
    aslax4.o                  runtime/aslax4.s:8
    aslax3.o                  runtime/aslax3.s:8
    aslax1.o                  runtime/aslax1.s:8
    command_menu.o            command_menu.s:11
    astrogation.o             astrogation.s:11
    main.o                    main.s:11
tmp2 (zeropage.o):
    open.o                    cbm/open.s:15
    lmul.o                    runtime/lmul.s:10
    close.o                   cbm/close.s:10
    shelp.o                   runtime/shelp.s:12
    rwcommon.o                cbm/rwcommon.s:10
    read.o                    cbm/read.s:13
    div.o                     runtime/div.s:12
tmp3 (zeropage.o):
    open.o                    cbm/open.s:15
    lmul.o                    runtime/lmul.s:10
    read.o                    cbm/read.s:13
tmp4 (zeropage.o):
    lmul.o                    runtime/lmul.s:10
tosaddax (add.o):
    menu.o                    menu.s:204
    astrogation.o             astrogation.s:797
tosaddeax (ladd.o):
    _scanf.o                  ../libwrk/cx16/_scanf.s:1447
    sleep.o                   ../libwrk/cx16/sleep.s:67
tosdiva0 (div.o):
    astrogation.o             astrogation.s:797
    astrogation.o             astrogation.s:797
tosgeeax (lge.o):
    sleep.o                   ../libwrk/cx16/sleep.s:67
tosicmp (icmp.o):
    menu.o                    menu.s:204
    astrogation.o             astrogation.s:797
tosicmp0 (icmp.o):
    astrogation.o             astrogation.s:797
toslcmp (lcmp.o):
    lge.o                     runtime/lge.s:8
tosmoda0 (mod.o):
    trade.o                   trade.s:44
    astrogation.o             astrogation.s:797
tosmuleax (lmul.o):
    _scanf.o                  ../libwrk/cx16/_scanf.s:1447
tosora0 (or.o):
    astrogation.o             astrogation.s:797
tossuba0 (sub.o):
    _scanf.o                  ../libwrk/cx16/_scanf.s:1447
    astrogation.o             astrogation.s:797
tossubax (sub.o):
    splash.o                  splash.s:150
    command_menu.o            command_menu.s:306
tossubeax (lsub.o):
    sleep.o                   ../libwrk/cx16/sleep.s:67
tosudivax (udiv.o):
    fwrite.o                  common/fwrite.s:12
    fread.o                   common/fread.s:15
tosumul0ax (lmul.o):
    sleep.o                   ../libwrk/cx16/sleep.s:67
tosumulax (mul.o):
    fwrite.o                  common/fwrite.s:12
    fread.o                   common/fread.s:15
udiv16 (udiv.o):
    shelp.o                   runtime/shelp.s:11
unittab (filedes.o):
    open.o                    cbm/filedes.inc:8
    close.o                   cbm/filedes.inc:8
    read.o                    cbm/filedes.inc:8
writefndiskcmd (diskcmd.o):
    scratch.o                 cbm/scratch.s:8
zerobss (zerobss.o):
    crt0.o                    cx16/crt0.s:9

