Modules list:
-------------
main.o:
    CODE              Offs=000000  Size=000064  Align=00001  Fill=0000
    RODATA            Offs=000000  Size=000081  Align=00001  Fill=0000
    BSS               Offs=000000  Size=00006E  Align=00001  Fill=0000
astrogation.o:
    CODE              Offs=000064  Size=00053E  Align=00001  Fill=0000
    RODATA            Offs=000081  Size=000152  Align=00001  Fill=0000
command_menu.o:
    CODE              Offs=0005A2  Size=000203  Align=00001  Fill=0000
    RODATA            Offs=0001D3  Size=0000E8  Align=00001  Fill=0000
common.o:
    CODE              Offs=0007A5  Size=00004B  Align=00001  Fill=0000
emplacement.o:
gamestate.o:
    CODE              Offs=0007F0  Size=000076  Align=00001  Fill=0000
    RODATA            Offs=0002BB  Size=00000F  Align=00001  Fill=0000
    BSS               Offs=00006E  Size=0000F4  Align=00001  Fill=0000
map.o:
menu.o:
    CODE              Offs=000866  Size=00017F  Align=00001  Fill=0000
missions.o:
    CODE              Offs=0009E5  Size=000004  Align=00001  Fill=0000
player.o:
    CODE              Offs=0009E9  Size=0000A7  Align=00001  Fill=0000
    RODATA            Offs=0002CA  Size=000014  Align=00001  Fill=0000
    BSS               Offs=000162  Size=000010  Align=00001  Fill=0000
ship.o:
    CODE              Offs=000A90  Size=000066  Align=00001  Fill=0000
    RODATA            Offs=0002DE  Size=00004E  Align=00001  Fill=0000
shipyard.o:
    CODE              Offs=000AF6  Size=000018  Align=00001  Fill=0000
    RODATA            Offs=00032C  Size=0000A4  Align=00001  Fill=0000
splash.o:
    CODE              Offs=000B0E  Size=0000B3  Align=00001  Fill=0000
    RODATA            Offs=0003D0  Size=0001C8  Align=00001  Fill=0000
starport.o:
    CODE              Offs=000BC1  Size=000004  Align=00001  Fill=0000
trade.o:
    CODE              Offs=000BC5  Size=000013  Align=00001  Fill=0000
    BSS               Offs=000172  Size=000062  Align=00001  Fill=0000
/Users/rje/git/cc65/lib/cx16.lib(_cursor.o):
    BSS               Offs=0001D4  Size=000001  Align=00001  Fill=0000
/Users/rje/git/cc65/lib/cx16.lib(_directerrno.o):
    CODE              Offs=000BD8  Size=000009  Align=00001  Fill=0000
/Users/rje/git/cc65/lib/cx16.lib(_fdesc.o):
    CODE              Offs=000BE1  Size=00001D  Align=00001  Fill=0000
/Users/rje/git/cc65/lib/cx16.lib(_file.o):
    DATA              Offs=000000  Size=00001E  Align=00001  Fill=0000
/Users/rje/git/cc65/lib/cx16.lib(_fopen.o):
    CODE              Offs=000BFE  Size=00007B  Align=00001  Fill=0000
    BSS               Offs=0001D5  Size=000002  Align=00001  Fill=0000
/Users/rje/git/cc65/lib/cx16.lib(_heap.o):
    DATA              Offs=00001E  Size=00000A  Align=00001  Fill=0000
    ONCE              Offs=000000  Size=000010  Align=00001  Fill=0000
/Users/rje/git/cc65/lib/cx16.lib(_heapmemavail.o):
    CODE              Offs=000C79  Size=00004E  Align=00001  Fill=0000
/Users/rje/git/cc65/lib/cx16.lib(_hextab.o):
    RODATA            Offs=000598  Size=000010  Align=00001  Fill=0000
/Users/rje/git/cc65/lib/cx16.lib(_longminstr.o):
    RODATA            Offs=0005A8  Size=00000C  Align=00001  Fill=0000
/Users/rje/git/cc65/lib/cx16.lib(_mappederrno.o):
    CODE              Offs=000CC7  Size=00000F  Align=00001  Fill=0000
/Users/rje/git/cc65/lib/cx16.lib(_oserror.o):
    BSS               Offs=0001D7  Size=000001  Align=00001  Fill=0000
/Users/rje/git/cc65/lib/cx16.lib(_printf.o):
    CODE              Offs=000CD6  Size=0003A1  Align=00001  Fill=0000
    BSS               Offs=0001D8  Size=00002B  Align=00001  Fill=0000
    DATA              Offs=000028  Size=000003  Align=00001  Fill=0000
/Users/rje/git/cc65/lib/cx16.lib(_scanf.o):
    CODE              Offs=001077  Size=000750  Align=00001  Fill=0000
    RODATA            Offs=0005B4  Size=000010  Align=00001  Fill=0000
    BSS               Offs=000203  Size=000042  Align=00001  Fill=0000
/Users/rje/git/cc65/lib/cx16.lib(_seterrno.o):
    CODE              Offs=0017C7  Size=000009  Align=00001  Fill=0000
/Users/rje/git/cc65/lib/cx16.lib(_sys.o):
    CODE              Offs=0017D0  Size=000044  Align=00001  Fill=0000
/Users/rje/git/cc65/lib/cx16.lib(add.o):
    CODE              Offs=001814  Size=000018  Align=00001  Fill=0000
/Users/rje/git/cc65/lib/cx16.lib(addeqsp.o):
    CODE              Offs=00182C  Size=000011  Align=00001  Fill=0000
/Users/rje/git/cc65/lib/cx16.lib(addysp.o):
    CODE              Offs=00183D  Size=00000E  Align=00001  Fill=0000
/Users/rje/git/cc65/lib/cx16.lib(aslax1.o):
    CODE              Offs=00184B  Size=000008  Align=00001  Fill=0000
/Users/rje/git/cc65/lib/cx16.lib(aslax3.o):
    CODE              Offs=001853  Size=00000E  Align=00001  Fill=0000
/Users/rje/git/cc65/lib/cx16.lib(aslax4.o):
    CODE              Offs=001861  Size=000011  Align=00001  Fill=0000
/Users/rje/git/cc65/lib/cx16.lib(axlong.o):
    CODE              Offs=001872  Size=00000D  Align=00001  Fill=0000
/Users/rje/git/cc65/lib/cx16.lib(c_bsout.o):
/Users/rje/git/cc65/lib/cx16.lib(callmain.o):
    CODE              Offs=00187F  Size=000017  Align=00001  Fill=0000
    DATA              Offs=00002B  Size=000004  Align=00001  Fill=0000
/Users/rje/git/cc65/lib/cx16.lib(cgetc.o):
    CODE              Offs=001896  Size=000067  Align=00001  Fill=0000
/Users/rje/git/cc65/lib/cx16.lib(checkferror.o):
    CODE              Offs=0018FD  Size=00000C  Align=00001  Fill=0000
/Users/rje/git/cc65/lib/cx16.lib(chline.o):
    CODE              Offs=001909  Size=000015  Align=00001  Fill=0000
/Users/rje/git/cc65/lib/cx16.lib(clinechars.o):
/Users/rje/git/cc65/lib/cx16.lib(clock.o):
    CODE              Offs=00191E  Size=00000F  Align=00001  Fill=0000
/Users/rje/git/cc65/lib/cx16.lib(close.o):
    CODE              Offs=00192D  Size=000038  Align=00001  Fill=0000
/Users/rje/git/cc65/lib/cx16.lib(clrscr.o):
    CODE              Offs=001965  Size=000011  Align=00001  Fill=0000
/Users/rje/git/cc65/lib/cx16.lib(color.o):
    CODE              Offs=001976  Size=00002A  Align=00001  Fill=0000
/Users/rje/git/cc65/lib/cx16.lib(compl.o):
    CODE              Offs=0019A0  Size=000009  Align=00001  Fill=0000
/Users/rje/git/cc65/lib/cx16.lib(condes.o):
    CODE              Offs=0019A9  Size=00000C  Align=00001  Fill=0000
    DATA              Offs=00002F  Size=000025  Align=00001  Fill=0000
    ONCE              Offs=000010  Size=00000C  Align=00001  Fill=0000
/Users/rje/git/cc65/lib/cx16.lib(cprintf.o):
    CODE              Offs=0019B5  Size=00002A  Align=00001  Fill=0000
    BSS               Offs=000245  Size=000001  Align=00001  Fill=0000
/Users/rje/git/cc65/lib/cx16.lib(cputc.o):
    CODE              Offs=0019DF  Size=000062  Align=00001  Fill=0000
    RODATA            Offs=0005C4  Size=000008  Align=00001  Fill=0000
/Users/rje/git/cc65/lib/cx16.lib(cputs.o):
    CODE              Offs=001A41  Size=00001D  Align=00001  Fill=0000
/Users/rje/git/cc65/lib/cx16.lib(crt0.o):
    STARTUP           Offs=000000  Size=000021  Align=00001  Fill=0000
    ONCE              Offs=00001C  Size=00001B  Align=00001  Fill=0000
    INIT              Offs=000000  Size=000002  Align=00001  Fill=0000
/Users/rje/git/cc65/lib/cx16.lib(ctype.o):
    RODATA            Offs=0005CC  Size=00008B  Align=00001  Fill=0000
/Users/rje/git/cc65/lib/cx16.lib(ctypemask.o):
    CODE              Offs=001A5E  Size=00001E  Align=00001  Fill=0000
/Users/rje/git/cc65/lib/cx16.lib(decaxy.o):
    CODE              Offs=001A7C  Size=000009  Align=00001  Fill=0000
/Users/rje/git/cc65/lib/cx16.lib(decsp3.o):
    CODE              Offs=001A85  Size=00000D  Align=00001  Fill=0000
/Users/rje/git/cc65/lib/cx16.lib(decsp4.o):
    CODE              Offs=001A92  Size=00000D  Align=00001  Fill=0000
/Users/rje/git/cc65/lib/cx16.lib(decsp6.o):
    CODE              Offs=001A9F  Size=00000D  Align=00001  Fill=0000
/Users/rje/git/cc65/lib/cx16.lib(decsp8.o):
    CODE              Offs=001AAC  Size=00000D  Align=00001  Fill=0000
/Users/rje/git/cc65/lib/cx16.lib(diskcmd.o):
    CODE              Offs=001AB9  Size=0000C4  Align=00001  Fill=0000
    BSS               Offs=000246  Size=000017  Align=00001  Fill=0000
/Users/rje/git/cc65/lib/cx16.lib(div.o):
    CODE              Offs=001B7D  Size=000015  Align=00001  Fill=0000
/Users/rje/git/cc65/lib/cx16.lib(errno.o):
    BSS               Offs=00025D  Size=000002  Align=00001  Fill=0000
/Users/rje/git/cc65/lib/cx16.lib(exehdr.o):
    EXEHDR            Offs=000000  Size=00000C  Align=00001  Fill=0000
/Users/rje/git/cc65/lib/cx16.lib(fclose.o):
    CODE              Offs=001B92  Size=00001E  Align=00001  Fill=0000
/Users/rje/git/cc65/lib/cx16.lib(fgetc.o):
    CODE              Offs=001BB0  Size=00005D  Align=00001  Fill=0000
    BSS               Offs=00025F  Size=000001  Align=00001  Fill=0000
/Users/rje/git/cc65/lib/cx16.lib(filedes.o):
    CODE              Offs=001C0D  Size=00000E  Align=00001  Fill=0000
    DATA              Offs=000054  Size=000010  Align=00001  Fill=0000
/Users/rje/git/cc65/lib/cx16.lib(filename.o):
    CODE              Offs=001C1B  Size=0000A0  Align=00001  Fill=0000
    BSS               Offs=000260  Size=000003  Align=00001  Fill=0000
    DATA              Offs=000064  Size=000024  Align=00001  Fill=0000
/Users/rje/git/cc65/lib/cx16.lib(filetype.o):
    DATA              Offs=000088  Size=000001  Align=00001  Fill=0000
/Users/rje/git/cc65/lib/cx16.lib(filevars.o):
    CODE              Offs=001CBB  Size=000007  Align=00001  Fill=0000
    INIT              Offs=000002  Size=000001  Align=00001  Fill=0000
    ONCE              Offs=000037  Size=00000E  Align=00001  Fill=0000
/Users/rje/git/cc65/lib/cx16.lib(fmisc.o):
    CODE              Offs=001CC2  Size=000040  Align=00001  Fill=0000
/Users/rje/git/cc65/lib/cx16.lib(fopen.o):
    CODE              Offs=001D02  Size=000018  Align=00001  Fill=0000
/Users/rje/git/cc65/lib/cx16.lib(fread.o):
    CODE              Offs=001D1A  Size=0000CB  Align=00001  Fill=0000
    BSS               Offs=000263  Size=000003  Align=00001  Fill=0000
/Users/rje/git/cc65/lib/cx16.lib(fscanf.o):
    CODE              Offs=001DE5  Size=00002B  Align=00001  Fill=0000
    BSS               Offs=000266  Size=000001  Align=00001  Fill=0000
/Users/rje/git/cc65/lib/cx16.lib(fwrite.o):
    CODE              Offs=001E10  Size=000077  Align=00001  Fill=0000
    BSS               Offs=000267  Size=000002  Align=00001  Fill=0000
/Users/rje/git/cc65/lib/cx16.lib(gotoxy.o):
    CODE              Offs=001E87  Size=00000F  Align=00001  Fill=0000
/Users/rje/git/cc65/lib/cx16.lib(gotoy.o):
    CODE              Offs=001E96  Size=000006  Align=00001  Fill=0000
/Users/rje/git/cc65/lib/cx16.lib(icmp.o):
    CODE              Offs=001E9C  Size=00002E  Align=00001  Fill=0000
/Users/rje/git/cc65/lib/cx16.lib(incax3.o):
    CODE              Offs=001ECA  Size=000005  Align=00001  Fill=0000
/Users/rje/git/cc65/lib/cx16.lib(incaxy.o):
    CODE              Offs=001ECF  Size=00000B  Align=00001  Fill=0000
/Users/rje/git/cc65/lib/cx16.lib(incsp1.o):
    CODE              Offs=001EDA  Size=000007  Align=00001  Fill=0000
/Users/rje/git/cc65/lib/cx16.lib(incsp2.o):
    CODE              Offs=001EE1  Size=000015  Align=00001  Fill=0000
/Users/rje/git/cc65/lib/cx16.lib(incsp4.o):
    CODE              Offs=001EF6  Size=000005  Align=00001  Fill=0000
/Users/rje/git/cc65/lib/cx16.lib(incsp6.o):
    CODE              Offs=001EFB  Size=000005  Align=00001  Fill=0000
/Users/rje/git/cc65/lib/cx16.lib(incsp8.o):
    CODE              Offs=001F00  Size=000005  Align=00001  Fill=0000
/Users/rje/git/cc65/lib/cx16.lib(isdigit.o):
    CODE              Offs=001F05  Size=000008  Align=00001  Fill=0000
/Users/rje/git/cc65/lib/cx16.lib(isspace.o):
    CODE              Offs=001F0D  Size=000008  Align=00001  Fill=0000
/Users/rje/git/cc65/lib/cx16.lib(isxdigit.o):
    CODE              Offs=001F15  Size=000008  Align=00001  Fill=0000
/Users/rje/git/cc65/lib/cx16.lib(jmpvec.o):
    DATA              Offs=000089  Size=000003  Align=00001  Fill=0000
/Users/rje/git/cc65/lib/cx16.lib(kbhit.o):
    CODE              Offs=001F1D  Size=000005  Align=00001  Fill=0000
/Users/rje/git/cc65/lib/cx16.lib(kernal.o):
/Users/rje/git/cc65/lib/cx16.lib(ladd.o):
    CODE              Offs=001F22  Size=000024  Align=00001  Fill=0000
/Users/rje/git/cc65/lib/cx16.lib(lcmp.o):
    CODE              Offs=001F46  Size=00003B  Align=00001  Fill=0000
/Users/rje/git/cc65/lib/cx16.lib(ldaxi.o):
    CODE              Offs=001F81  Size=00000D  Align=00001  Fill=0000
/Users/rje/git/cc65/lib/cx16.lib(ldaxsp.o):
    CODE              Offs=001F8E  Size=000009  Align=00001  Fill=0000
/Users/rje/git/cc65/lib/cx16.lib(ldeaxysp.o):
    CODE              Offs=001F97  Size=000013  Align=00001  Fill=0000
/Users/rje/git/cc65/lib/cx16.lib(leaaxsp.o):
    CODE              Offs=001FAA  Size=00000C  Align=00001  Fill=0000
/Users/rje/git/cc65/lib/cx16.lib(lge.o):
    CODE              Offs=001FB6  Size=000006  Align=00001  Fill=0000
/Users/rje/git/cc65/lib/cx16.lib(lmul.o):
    CODE              Offs=001FBC  Size=000059  Align=00001  Fill=0000
/Users/rje/git/cc65/lib/cx16.lib(lneg.o):
    CODE              Offs=002015  Size=00001E  Align=00001  Fill=0000
/Users/rje/git/cc65/lib/cx16.lib(loadaddr.o):
    LOADADDR          Offs=000000  Size=000002  Align=00001  Fill=0000
/Users/rje/git/cc65/lib/cx16.lib(longjmp.o):
    CODE              Offs=002033  Size=000028  Align=00001  Fill=0000
/Users/rje/git/cc65/lib/cx16.lib(lpush.o):
    CODE              Offs=00205B  Size=00001E  Align=00001  Fill=0000
/Users/rje/git/cc65/lib/cx16.lib(lsub.o):
    CODE              Offs=002079  Size=000024  Align=00001  Fill=0000
/Users/rje/git/cc65/lib/cx16.lib(ltoa.o):
    CODE              Offs=00209D  Size=000093  Align=00001  Fill=0000
/Users/rje/git/cc65/lib/cx16.lib(makebool.o):
    CODE              Offs=002130  Size=00002C  Align=00001  Fill=0000
/Users/rje/git/cc65/lib/cx16.lib(memcpy.o):
    CODE              Offs=00215C  Size=00003C  Align=00001  Fill=0000
/Users/rje/git/cc65/lib/cx16.lib(mod.o):
    CODE              Offs=002198  Size=000011  Align=00001  Fill=0000
/Users/rje/git/cc65/lib/cx16.lib(mul.o):
    CODE              Offs=0021A9  Size=000045  Align=00001  Fill=0000
/Users/rje/git/cc65/lib/cx16.lib(mul8.o):
    CODE              Offs=0021EE  Size=00003A  Align=00001  Fill=0000
/Users/rje/git/cc65/lib/cx16.lib(mulax10.o):
    CODE              Offs=002228  Size=000019  Align=00001  Fill=0000
/Users/rje/git/cc65/lib/cx16.lib(negabs.o):
    CODE              Offs=002241  Size=000012  Align=00001  Fill=0000
/Users/rje/git/cc65/lib/cx16.lib(open.o):
    CODE              Offs=002253  Size=0000BE  Align=00001  Fill=0000
/Users/rje/git/cc65/lib/cx16.lib(or.o):
    CODE              Offs=002311  Size=000011  Align=00001  Fill=0000
/Users/rje/git/cc65/lib/cx16.lib(oserror.o):
    CODE              Offs=002322  Size=000016  Align=00001  Fill=0000
    RODATA            Offs=000657  Size=00005A  Align=00001  Fill=0000
/Users/rje/git/cc65/lib/cx16.lib(popa.o):
    CODE              Offs=002338  Size=00000A  Align=00001  Fill=0000
/Users/rje/git/cc65/lib/cx16.lib(popptr1.o):
    CODE              Offs=002342  Size=00000E  Align=00001  Fill=0000
/Users/rje/git/cc65/lib/cx16.lib(printf.o):
    CODE              Offs=002350  Size=000033  Align=00001  Fill=0000
    BSS               Offs=000269  Size=000001  Align=00001  Fill=0000
/Users/rje/git/cc65/lib/cx16.lib(push1.o):
    CODE              Offs=002383  Size=000005  Align=00001  Fill=0000
/Users/rje/git/cc65/lib/cx16.lib(pusha.o):
    CODE              Offs=002388  Size=000016  Align=00001  Fill=0000
/Users/rje/git/cc65/lib/cx16.lib(pushax.o):
    CODE              Offs=00239E  Size=00001A  Align=00001  Fill=0000
/Users/rje/git/cc65/lib/cx16.lib(pushwsp.o):
    CODE              Offs=0023B8  Size=00001C  Align=00001  Fill=0000
/Users/rje/git/cc65/lib/cx16.lib(puts.o):
    CODE              Offs=0023D4  Size=000063  Align=00001  Fill=0000
    DATA              Offs=00008C  Size=000001  Align=00001  Fill=0000
/Users/rje/git/cc65/lib/cx16.lib(rand.o):
    CODE              Offs=002437  Size=000034  Align=00001  Fill=0000
    DATA              Offs=00008D  Size=000004  Align=00001  Fill=0000
/Users/rje/git/cc65/lib/cx16.lib(randomize.o):
    CODE              Offs=00246B  Size=000006  Align=00001  Fill=0000
/Users/rje/git/cc65/lib/cx16.lib(read.o):
    CODE              Offs=002471  Size=00007C  Align=00001  Fill=0000
    BSS               Offs=00026A  Size=000001  Align=00001  Fill=0000
    ONCE              Offs=000045  Size=00000C  Align=00001  Fill=0000
/Users/rje/git/cc65/lib/cx16.lib(return0.o):
    CODE              Offs=0024ED  Size=000004  Align=00001  Fill=0000
/Users/rje/git/cc65/lib/cx16.lib(returnFFFF.o):
    CODE              Offs=0024F1  Size=000004  Align=00001  Fill=0000
/Users/rje/git/cc65/lib/cx16.lib(rwcommon.o):
    CODE              Offs=0024F5  Size=00001A  Align=00001  Fill=0000
/Users/rje/git/cc65/lib/cx16.lib(scanf.o):
    CODE              Offs=00250F  Size=000033  Align=00001  Fill=0000
    BSS               Offs=00026B  Size=000001  Align=00001  Fill=0000
/Users/rje/git/cc65/lib/cx16.lib(scratch.o):
    CODE              Offs=002542  Size=000019  Align=00001  Fill=0000
/Users/rje/git/cc65/lib/cx16.lib(setjmp.o):
    CODE              Offs=00255B  Size=000025  Align=00001  Fill=0000
/Users/rje/git/cc65/lib/cx16.lib(shelp.o):
    CODE              Offs=002580  Size=000020  Align=00001  Fill=0000
/Users/rje/git/cc65/lib/cx16.lib(shrax1.o):
    CODE              Offs=0025A0  Size=000008  Align=00001  Fill=0000
/Users/rje/git/cc65/lib/cx16.lib(shrax3.o):
    CODE              Offs=0025A8  Size=00000E  Align=00001  Fill=0000
/Users/rje/git/cc65/lib/cx16.lib(shrax4.o):
    CODE              Offs=0025B6  Size=000011  Align=00001  Fill=0000
/Users/rje/git/cc65/lib/cx16.lib(sleep.o):
    CODE              Offs=0025C7  Size=000043  Align=00001  Fill=0000
/Users/rje/git/cc65/lib/cx16.lib(staxsp.o):
    CODE              Offs=00260A  Size=00000B  Align=00001  Fill=0000
/Users/rje/git/cc65/lib/cx16.lib(strlen.o):
    CODE              Offs=002615  Size=000016  Align=00001  Fill=0000
/Users/rje/git/cc65/lib/cx16.lib(strlower.o):
    CODE              Offs=00262B  Size=000027  Align=00001  Fill=0000
/Users/rje/git/cc65/lib/cx16.lib(sub.o):
    CODE              Offs=002652  Size=000014  Align=00001  Fill=0000
/Users/rje/git/cc65/lib/cx16.lib(subysp.o):
    CODE              Offs=002666  Size=00000D  Align=00001  Fill=0000
/Users/rje/git/cc65/lib/cx16.lib(tolower.o):
    CODE              Offs=002673  Size=000012  Align=00001  Fill=0000
/Users/rje/git/cc65/lib/cx16.lib(udiv.o):
    CODE              Offs=002685  Size=00004F  Align=00001  Fill=0000
/Users/rje/git/cc65/lib/cx16.lib(ungetc.o):
    CODE              Offs=0026D4  Size=00002A  Align=00001  Fill=0000
/Users/rje/git/cc65/lib/cx16.lib(vcprintf.o):
    CODE              Offs=0026FE  Size=000074  Align=00001  Fill=0000
    DATA              Offs=000091  Size=000008  Align=00001  Fill=0000
/Users/rje/git/cc65/lib/cx16.lib(vfprintf.o):
    CODE              Offs=002772  Size=000060  Align=00001  Fill=0000
    DATA              Offs=000099  Size=000008  Align=00001  Fill=0000
/Users/rje/git/cc65/lib/cx16.lib(vfscanf.o):
    CODE              Offs=0027D2  Size=000033  Align=00001  Fill=0000
    DATA              Offs=0000A1  Size=000006  Align=00001  Fill=0000
/Users/rje/git/cc65/lib/cx16.lib(wherex.o):
    CODE              Offs=002805  Size=000006  Align=00001  Fill=0000
/Users/rje/git/cc65/lib/cx16.lib(wherey.o):
    CODE              Offs=00280B  Size=000006  Align=00001  Fill=0000
/Users/rje/git/cc65/lib/cx16.lib(write.o):
    CODE              Offs=002811  Size=000052  Align=00001  Fill=0000
    ONCE              Offs=000051  Size=000011  Align=00001  Fill=0000
/Users/rje/git/cc65/lib/cx16.lib(zerobss.o):
    CODE              Offs=002863  Size=000023  Align=00001  Fill=0000
/Users/rje/git/cc65/lib/cx16.lib(zeropage.o):
    ZEROPAGE          Offs=000000  Size=00001A  Align=00001  Fill=0000


Segment list:
-------------
Name                   Start     End    Size  Align
----------------------------------------------------
ZEROPAGE              000022  00003B  00001A  00001
LOADADDR              0007FF  000800  000002  00001
EXEHDR                000801  00080C  00000C  00001
STARTUP               00080D  00082D  000021  00001
CODE                  00082E  0030B3  002886  00001
RODATA                0030B4  003768  0006B5  00001
DATA                  003769  00380F  0000A7  00001
INIT                  003810  003812  000003  00001
BSS                   003813  003A7E  00026C  00001
ONCE                  003813  00387E  00006C  00001


Exports list by name:
---------------------
BASIN                     00FFCF RLA    BSOUT                     00FFD2 RLA    
CHKIN                     00FFC6 RLA    CHROUT                    00FFD2 RLA    
CKOUT                     00FFC9 RLA    CLOSE                     00FFC3 RLA    
CLRCH                     00FFCC RLA    ENTROPY_GET               00FECF RLA    
GETIN                     00FFE4 RLA    KBDBUF_PEEK               00FEBD RLA    
OPEN                      00FFC0 RLA    PLOT                      00FFF0 RLA    
RDTIM                     00FFDE RLA    READST                    00FFB7 RLA    
SETLFS                    00FFBA RLA    SETNAM                    00FFBD RLA    
SETTIM                    00FFDB RLA    __BSS_RUN__               003813 RLA    
__BSS_SIZE__              00026C REA    __CONSTRUCTOR_COUNT__     000005 REA    
__CONSTRUCTOR_TABLE__     003875 RLA    __DESTRUCTOR_COUNT__      000002 REA    
__DESTRUCTOR_TABLE__      003765 RLA    __EXEHDR__                000001 REA    
__HEADER_LAST__           00080D RLA    __HIMEM__                 009F00 REA    
__LOADADDR__              000001 REA    __MAIN_SIZE__             0096F3 REA    
__MAIN_START__            00080D RLA    __ONCE_RUN__              003813 RLA    
__STACKSIZE__             000800 REA    __STARTUP__               000001 REA    
___directerrno            001406 RLA    ___errno                  003A70 RLA    
___heapend                00378B RLA    ___heapfirst              00378D RLA    
___heapmemavail           0014A7 RLA    ___heapptr                003789 RLA    
___mappederrno            0014F5 RLA    ___oserror                0039EA RLA    
___osmaperrno             002B50 RLA    ___randomize              002C99 RLA    
___seterrno               001FF5 RLA    ___setjmp                 002D89 RLA    
__ctype                   003680 RLA    __ctypeidx                00368B RLA    
__fdesc                   00140F RLA    __filetab                 003769 RLA    
__filetype                0037F1 RLA    __fopen                   00142C RLA    
__hextab                  00364C RLA    __longminstr              00365C RLA    
__printf                  0015F5 RLA    __scanf                   0018A5 RLA    
__sys                     001FFE RLA    _abs                      002A6F RLA    
_astrogation_attempt_jump_to 000D16 RLA    _astrogation_map          000980 RLA    
_cbm_k_bsout              00FFD2 RLA    _cgetc                    0020C4 RLA    
_chline                   00213C RLA    _clock                    002153 RLA    
_close                    00215B RLA    _clrscr                   002193 RLA    
_command_menu             000DD0 RLA    _cprintf                  0021E3 RLA    
_cputc                    002212 RLA    _cputcxy                  00220D RLA    
_cputs                    002278 RLA    _cputsxy                  00226F RLA    
_exit                     00081A RLA    _fclose                   0023C0 RLA    
_ferror                   002513 RLA    _fgetc                    0023DE RLA    
_fopen                    002530 RLA    _fread                    002548 RLA    
_fscanf                   002613 RLA    _fwrite                   00263E RLA    
_gamestate_load           00105C RLA    _gamestate_nextTurn       00101E RLA    
_gamestate_save           001029 RLA    _gotoxy                   0026B8 RLA    
_gotoy                    0026C4 RLA    _isdigit                  002733 RLA    
_isspace                  00273B RLA    _isxdigit                 002743 RLA    
_kbhit                    00274B RLA    _longjmp                  002861 RLA    
_ltoa                     0028E3 RLA    _main                     00084E RLA    
_memcpy                   00298A RLA    _missions_view            001213 RLA    
_open                     002A95 RLA    _player                   003813 RLA    
_player_loadActive        001217 RLA    _player_save              00128B RLA    
_printf                   002B7E RLA    _puts                     002C02 RLA    
_rand                     002C71 RLA    _read                     002C9F RLA    
_scanf                    002D3D RLA    _set_PET_font             000FD3 RLA    
_ship_displayTurretSummary 0012BE RLA    _shipyard_upgrade         001324 RLA    
_sleep                    002DF5 RLA    _splash                   00133C RLA    
_srand                    002C65 RLA    _starport_trade           0013EF RLA    
_stdin                    003781 RLA    _stdout                   003783 RLA    
_strlen                   002E43 RLA    _strlower                 002E59 RLA    
_textcolor                0021A4 RLA    _tolower                  002EA1 RLA    
_ultoa                    002922 RLA    _ungetc                   002F02 RLA    
_vcprintf                 002F70 RLA    _vfprintf                 002FD7 RLA    
_vfscanf                  003000 RLA    _wherex                   003033 RLA    
_wherey                   003039 RLA    _write                    00303F RLA    
addeqysp                  00205C RLA    addysp                    00206C RLA    
addysp1                   00206B RLA    aslax4                    00208F RLA    
axlong                    0020A0 RLA    axulong                   0020A6 RLA    
booleq                    002964 RLA    boolge                    002975 RLA    
callmain                  0020AD RLA    checkferror               00212B RLA    
chlinechar                000040 REZ    closeallfiles             002A81  LAI   
closecmdchannel           00231D RLA    complax                   0021CE RLA    
cputdirect                002225 RLA    ctypemask                 00228C RLA    
ctypemaskdirect           002290 RLA    cursor                    0039E7 RLA    
curunit                   003812 RLA    decaxy                    0022AA RLA    
decsp3                    0022B3 RLA    decsp4                    0022C0 RLA    
decsp6                    0022CD RLA    decsp8                    0022DA RLA    
donelib                   0021D7 RLA    fdtab                     0037BD RLA    
fnaddmode                 0024D8 RLA    fncmd                     0037CD RLA    
fncomplete                0024D0 RLA    fnisfile                  003A75 RLA    
fnlen                     003A74 RLA    fnparse                   002464 RLA    
fnset                     0024C6 RLA    fnunit                    003A73 RLA    
freefd                    00243B RLA    gotoxy                    0026B5 RLA    
incax3                    0026F8 RLA    incaxy                    0026FF RLA    
incsp1                    002708 RLA    incsp2                    002716 RLA    
incsp4                    002724 RLA    incsp6                    002729 RLA    
incsp8                    00272E RLA    initclock                 00214C  LAI   
initcurunit               00384A  LAI   initheap                  003813  LAI   
initlib                   003823 RLA    initstdin                 003858  LAI   
initstdout                003864  LAI   jmpvec                    0037F2 RLA    
ldax0sp                   0027BC RLA    ldaxi                     0027AF RLA    
ldaxysp                   0027BE RLA    ldeax0sp                  0027C5 RLA    
leaa0sp                   0027D8 RLA    mul8x16                   002A1E RLA    
mul8x16a                  002A28 RLA    mulax10                   002A56 RLA    
negax                     002A73 RLA    negeax                    002843 RLA    
opencmdchannel            0022F0 RLA    plot                      00223E RLA    
popa                      002B66 RLA    popax                     00270F RLA    
popptr1                   002B70 RLA    popsargsudiv16            002DAE RLA    
ptr1                      00002A RLZ    ptr2                      00002C RLZ    
ptr3                      00002E RLZ    ptr4                      000030 RLZ    
push1                     002BB1 RLA    pusha                     002BBA RLA    
pusha0                    002BCE RLA    pushax                    002BD0 RLA    
pusheax                   002890 RLA    pushw0sp                  002BE6 RLA    
pushwysp                  002BE8 RLA    readdiskerror             002338 RLA    
regbank                   000036 RLZ    regsave                   000026 RLZ    
return0                   002D1B RLA    returnFFFF                002D1F RLA    
rwcommon                  002D23 RLA    scratch                   002D70 RLA    
shlax1                    002079 RLA    shlax3                    002081 RLA    
shlax4                    00208F RLA    shrax1                    002DCE RLA    
shrax3                    002DD6 RLA    shrax4                    002DE4 RLA    
sp                        000022 RLZ    sreg                      000024 RLZ    
stax0sp                   002E38 RLA    staxysp                   002E3A RLA    
subysp                    002E94 RLA    tmp1                      000032 RLZ    
tmp2                      000033 RLZ    tmp3                      000034 RLZ    
tmp4                      000035 RLZ    tosaddax                  002044 RLA    
tosaddeax                 002756 RLA    tosdiva0                  0023AB RLA    
tosgeeax                  0027E4 RLA    tosicmp                   0026CC RLA    
tosicmp0                  0026CA RLA    toslcmp                   002774 RLA    
tosmoda0                  0029C6 RLA    tosmuleax                 0027EE RLA    
tosora0                   002B3F RLA    tossuba0                  002E80 RLA    
tossubax                  002E82 RLA    tossubeax                 0028AB RLA    
tosudivax                 002EB5 RLA    tosumul0ax                0027EA RLA    
tosumulax                 0029D7 RLA    udiv16                    002EC4 RLA    
unittab                   0037C5 RLA    updatedevnum              0024E9  LAI   
writefndiskcmd            002370 RLA    zerobss                   003091 RLA    



Exports list by value:
----------------------
__STARTUP__               000001 REA    __EXEHDR__                000001 REA    
__LOADADDR__              000001 REA    __DESTRUCTOR_COUNT__      000002 REA    
__CONSTRUCTOR_COUNT__     000005 REA    sp                        000022 RLZ    
sreg                      000024 RLZ    regsave                   000026 RLZ    
ptr1                      00002A RLZ    ptr2                      00002C RLZ    
ptr3                      00002E RLZ    ptr4                      000030 RLZ    
tmp1                      000032 RLZ    tmp2                      000033 RLZ    
tmp3                      000034 RLZ    tmp4                      000035 RLZ    
regbank                   000036 RLZ    chlinechar                000040 REZ    
__BSS_SIZE__              00026C REA    __STACKSIZE__             000800 REA    
__HEADER_LAST__           00080D RLA    __MAIN_START__            00080D RLA    
_exit                     00081A RLA    _main                     00084E RLA    
_astrogation_map          000980 RLA    _astrogation_attempt_jump_to 000D16 RLA    
_command_menu             000DD0 RLA    _set_PET_font             000FD3 RLA    
_gamestate_nextTurn       00101E RLA    _gamestate_save           001029 RLA    
_gamestate_load           00105C RLA    _missions_view            001213 RLA    
_player_loadActive        001217 RLA    _player_save              00128B RLA    
_ship_displayTurretSummary 0012BE RLA    _shipyard_upgrade         001324 RLA    
_splash                   00133C RLA    _starport_trade           0013EF RLA    
___directerrno            001406 RLA    __fdesc                   00140F RLA    
__fopen                   00142C RLA    ___heapmemavail           0014A7 RLA    
___mappederrno            0014F5 RLA    __printf                  0015F5 RLA    
__scanf                   0018A5 RLA    ___seterrno               001FF5 RLA    
__sys                     001FFE RLA    tosaddax                  002044 RLA    
addeqysp                  00205C RLA    addysp1                   00206B RLA    
addysp                    00206C RLA    shlax1                    002079 RLA    
shlax3                    002081 RLA    shlax4                    00208F RLA    
aslax4                    00208F RLA    axlong                    0020A0 RLA    
axulong                   0020A6 RLA    callmain                  0020AD RLA    
_cgetc                    0020C4 RLA    checkferror               00212B RLA    
_chline                   00213C RLA    initclock                 00214C  LAI   
_clock                    002153 RLA    _close                    00215B RLA    
_clrscr                   002193 RLA    _textcolor                0021A4 RLA    
complax                   0021CE RLA    donelib                   0021D7 RLA    
_cprintf                  0021E3 RLA    _cputcxy                  00220D RLA    
_cputc                    002212 RLA    cputdirect                002225 RLA    
plot                      00223E RLA    _cputsxy                  00226F RLA    
_cputs                    002278 RLA    ctypemask                 00228C RLA    
ctypemaskdirect           002290 RLA    decaxy                    0022AA RLA    
decsp3                    0022B3 RLA    decsp4                    0022C0 RLA    
decsp6                    0022CD RLA    decsp8                    0022DA RLA    
opencmdchannel            0022F0 RLA    closecmdchannel           00231D RLA    
readdiskerror             002338 RLA    writefndiskcmd            002370 RLA    
tosdiva0                  0023AB RLA    _fclose                   0023C0 RLA    
_fgetc                    0023DE RLA    freefd                    00243B RLA    
fnparse                   002464 RLA    fnset                     0024C6 RLA    
fncomplete                0024D0 RLA    fnaddmode                 0024D8 RLA    
updatedevnum              0024E9  LAI   _ferror                   002513 RLA    
_fopen                    002530 RLA    _fread                    002548 RLA    
_fscanf                   002613 RLA    _fwrite                   00263E RLA    
gotoxy                    0026B5 RLA    _gotoxy                   0026B8 RLA    
_gotoy                    0026C4 RLA    tosicmp0                  0026CA RLA    
tosicmp                   0026CC RLA    incax3                    0026F8 RLA    
incaxy                    0026FF RLA    incsp1                    002708 RLA    
popax                     00270F RLA    incsp2                    002716 RLA    
incsp4                    002724 RLA    incsp6                    002729 RLA    
incsp8                    00272E RLA    _isdigit                  002733 RLA    
_isspace                  00273B RLA    _isxdigit                 002743 RLA    
_kbhit                    00274B RLA    tosaddeax                 002756 RLA    
toslcmp                   002774 RLA    ldaxi                     0027AF RLA    
ldax0sp                   0027BC RLA    ldaxysp                   0027BE RLA    
ldeax0sp                  0027C5 RLA    leaa0sp                   0027D8 RLA    
tosgeeax                  0027E4 RLA    tosumul0ax                0027EA RLA    
tosmuleax                 0027EE RLA    negeax                    002843 RLA    
_longjmp                  002861 RLA    pusheax                   002890 RLA    
tossubeax                 0028AB RLA    _ltoa                     0028E3 RLA    
_ultoa                    002922 RLA    booleq                    002964 RLA    
boolge                    002975 RLA    _memcpy                   00298A RLA    
tosmoda0                  0029C6 RLA    tosumulax                 0029D7 RLA    
mul8x16                   002A1E RLA    mul8x16a                  002A28 RLA    
mulax10                   002A56 RLA    _abs                      002A6F RLA    
negax                     002A73 RLA    closeallfiles             002A81  LAI   
_open                     002A95 RLA    tosora0                   002B3F RLA    
___osmaperrno             002B50 RLA    popa                      002B66 RLA    
popptr1                   002B70 RLA    _printf                   002B7E RLA    
push1                     002BB1 RLA    pusha                     002BBA RLA    
pusha0                    002BCE RLA    pushax                    002BD0 RLA    
pushw0sp                  002BE6 RLA    pushwysp                  002BE8 RLA    
_puts                     002C02 RLA    _srand                    002C65 RLA    
_rand                     002C71 RLA    ___randomize              002C99 RLA    
_read                     002C9F RLA    return0                   002D1B RLA    
returnFFFF                002D1F RLA    rwcommon                  002D23 RLA    
_scanf                    002D3D RLA    scratch                   002D70 RLA    
___setjmp                 002D89 RLA    popsargsudiv16            002DAE RLA    
shrax1                    002DCE RLA    shrax3                    002DD6 RLA    
shrax4                    002DE4 RLA    _sleep                    002DF5 RLA    
stax0sp                   002E38 RLA    staxysp                   002E3A RLA    
_strlen                   002E43 RLA    _strlower                 002E59 RLA    
tossuba0                  002E80 RLA    tossubax                  002E82 RLA    
subysp                    002E94 RLA    _tolower                  002EA1 RLA    
tosudivax                 002EB5 RLA    udiv16                    002EC4 RLA    
_ungetc                   002F02 RLA    _vcprintf                 002F70 RLA    
_vfprintf                 002FD7 RLA    _vfscanf                  003000 RLA    
_wherex                   003033 RLA    _wherey                   003039 RLA    
_write                    00303F RLA    zerobss                   003091 RLA    
__hextab                  00364C RLA    __longminstr              00365C RLA    
__ctype                   003680 RLA    __ctypeidx                00368B RLA    
__DESTRUCTOR_TABLE__      003765 RLA    __filetab                 003769 RLA    
_stdin                    003781 RLA    _stdout                   003783 RLA    
___heapptr                003789 RLA    ___heapend                00378B RLA    
___heapfirst              00378D RLA    fdtab                     0037BD RLA    
unittab                   0037C5 RLA    fncmd                     0037CD RLA    
__filetype                0037F1 RLA    jmpvec                    0037F2 RLA    
curunit                   003812 RLA    __ONCE_RUN__              003813 RLA    
__BSS_RUN__               003813 RLA    _player                   003813 RLA    
initheap                  003813  LAI   initlib                   003823 RLA    
initcurunit               00384A  LAI   initstdin                 003858  LAI   
initstdout                003864  LAI   __CONSTRUCTOR_TABLE__     003875 RLA    
cursor                    0039E7 RLA    ___oserror                0039EA RLA    
___errno                  003A70 RLA    fnunit                    003A73 RLA    
fnlen                     003A74 RLA    fnisfile                  003A75 RLA    
__MAIN_SIZE__             0096F3 REA    __HIMEM__                 009F00 REA    
KBDBUF_PEEK               00FEBD RLA    ENTROPY_GET               00FECF RLA    
READST                    00FFB7 RLA    SETLFS                    00FFBA RLA    
SETNAM                    00FFBD RLA    OPEN                      00FFC0 RLA    
CLOSE                     00FFC3 RLA    CHKIN                     00FFC6 RLA    
CKOUT                     00FFC9 RLA    CLRCH                     00FFCC RLA    
BASIN                     00FFCF RLA    BSOUT                     00FFD2 RLA    
_cbm_k_bsout              00FFD2 RLA    CHROUT                    00FFD2 RLA    
SETTIM                    00FFDB RLA    RDTIM                     00FFDE RLA    
GETIN                     00FFE4 RLA    PLOT                      00FFF0 RLA    



Imports list:
-------------
BASIN (kernal.o):
    diskcmd.o                 cbm/cbm.inc:47
    read.o                    cbm/cbm.inc:47
BSOUT (kernal.o):
    diskcmd.o                 cbm/cbm.inc:49
    write.o                   cbm/cbm.inc:49
    read.o                    cbm/cbm.inc:49
    c_bsout.o                 cbm/cbm.inc:49
CHKIN (kernal.o):
    diskcmd.o                 cbm/cbm.inc:44
    read.o                    cbm/cbm.inc:44
CHROUT (kernal.o):
    crt0.o                    cx16/crt0.s:10
    clrscr.o                  cx16/clrscr.s:10
    c_bsout.o                 cbm/cbm.inc:50
CKOUT (kernal.o):
    diskcmd.o                 cbm/cbm.inc:45
    write.o                   cbm/cbm.inc:45
CLOSE (kernal.o):
    open.o                    cbm/cbm.inc:36
    diskcmd.o                 cbm/cbm.inc:36
    close.o                   cbm/cbm.inc:36
CLRCH (kernal.o):
    diskcmd.o                 cbm/cbm.inc:46
    write.o                   cbm/cbm.inc:46
    read.o                    cbm/cbm.inc:46
ENTROPY_GET (kernal.o):
    randomize.o               cx16/randomize.s:10
GETIN (kernal.o):
    cgetc.o                   cx16/cgetc.s:10
KBDBUF_PEEK (kernal.o):
    kbhit.o                   cx16/kbhit.s:10
OPEN (kernal.o):
    open.o                    cbm/cbm.inc:35
    diskcmd.o                 cbm/cbm.inc:35
    write.o                   cbm/cbm.inc:35
    read.o                    cbm/cbm.inc:35
PLOT (kernal.o):
    cputc.o                   cx16/cputc.s:11
RDTIM (kernal.o):
    clock.o                   cx16/clock.s:11
READST (kernal.o):
    write.o                   cbm/cbm.inc:32
    read.o                    cbm/cbm.inc:32
SETLFS (kernal.o):
    open.o                    cbm/cbm.inc:33
    diskcmd.o                 cbm/cbm.inc:33
    write.o                   cbm/cbm.inc:33
    read.o                    cbm/cbm.inc:33
SETNAM (kernal.o):
    filename.o                cbm/cbm.inc:34
    diskcmd.o                 cbm/cbm.inc:34
SETTIM (kernal.o):
    clock.o                   cx16/clock.s:11
__BSS_RUN__ ([linker generated]):
    _heap.o                   common/_heap.s:8
    zerobss.o                 common/zerobss.s:8
__BSS_SIZE__ ([linker generated]):
    _heap.o                   common/_heap.s:8
    zerobss.o                 common/zerobss.s:8
__CONSTRUCTOR_COUNT__ ([linker generated]):
    condes.o                  runtime/condes.s:18
__CONSTRUCTOR_TABLE__ ([linker generated]):
    condes.o                  runtime/condes.s:18
__DESTRUCTOR_COUNT__ ([linker generated]):
    condes.o                  runtime/condes.s:19
__DESTRUCTOR_TABLE__ ([linker generated]):
    condes.o                  runtime/condes.s:19
__EXEHDR__ (exehdr.o):
    [linker generated]        /Users/rje/git/cc65/cfg/cx16.cfg:6
__HEADER_LAST__ ([linker generated]):
    [linker generated]        /Users/rje/git/cc65/cfg/cx16.cfg:14
    [linker generated]        /Users/rje/git/cc65/cfg/cx16.cfg:14
__HIMEM__ ([linker generated]):
    [linker generated]        /Users/rje/git/cc65/cfg/cx16.cfg:15
    [linker generated]        /Users/rje/git/cc65/cfg/cx16.cfg:14
__LOADADDR__ (loadaddr.o):
    [linker generated]        /Users/rje/git/cc65/cfg/cx16.cfg:5
__MAIN_SIZE__ ([linker generated]):
    crt0.o                    cx16/crt0.s:11
__MAIN_START__ ([linker generated]):
    crt0.o                    cx16/crt0.s:11
__ONCE_RUN__ ([linker generated]):
    [linker generated]        /Users/rje/git/cc65/cfg/cx16.cfg:15
    [linker generated]        /Users/rje/git/cc65/cfg/cx16.cfg:15
__STACKSIZE__ ([linker generated]):
    _heap.o                   common/_heap.s:8
    [linker generated]        /Users/rje/git/cc65/cfg/cx16.cfg:15
__STARTUP__ (crt0.o):
    main.o                    main.s:13
___directerrno (_directerrno.o):
    ungetc.o                  /Users/rje/git/cc65/asminc/errno.inc:10
    open.o                    /Users/rje/git/cc65/asminc/errno.inc:10
    fmisc.o                   common/fmisc.s:8
    close.o                   /Users/rje/git/cc65/asminc/errno.inc:10
    write.o                   /Users/rje/git/cc65/asminc/errno.inc:10
    read.o                    /Users/rje/git/cc65/asminc/errno.inc:10
    fclose.o                  common/fclose.s:10
___errno (errno.o):
    _seterrno.o               /Users/rje/git/cc65/asminc/errno.inc:7
___heapend (_heap.o):
    _heapmemavail.o           /Users/rje/git/cc65/asminc/_heap.inc:33
___heapfirst (_heap.o):
    _heapmemavail.o           /Users/rje/git/cc65/asminc/_heap.inc:34
___heapmemavail (_heapmemavail.o):
    splash.o                  splash.s:20
___heapptr (_heap.o):
    _heapmemavail.o           /Users/rje/git/cc65/asminc/_heap.inc:32
___mappederrno (_mappederrno.o):
    open.o                    /Users/rje/git/cc65/asminc/errno.inc:10
    close.o                   /Users/rje/git/cc65/asminc/errno.inc:10
    write.o                   /Users/rje/git/cc65/asminc/errno.inc:10
    read.o                    /Users/rje/git/cc65/asminc/errno.inc:10
___oserror (_oserror.o):
    open.o                    /Users/rje/git/cc65/asminc/errno.inc:7
    _mappederrno.o            /Users/rje/git/cc65/asminc/errno.inc:7
    _directerrno.o            /Users/rje/git/cc65/asminc/errno.inc:7
    write.o                   /Users/rje/git/cc65/asminc/errno.inc:7
    read.o                    /Users/rje/git/cc65/asminc/errno.inc:7
___osmaperrno (oserror.o):
    _mappederrno.o            /Users/rje/git/cc65/asminc/errno.inc:8
___randomize (randomize.o):
    main.o                    main.s:16
___seterrno (_seterrno.o):
    _scanf.o                  ../libwrk/cx16/_scanf.s:27
    _mappederrno.o            /Users/rje/git/cc65/asminc/errno.inc:9
    _fopen.o                  /Users/rje/git/cc65/asminc/errno.inc:9
    _directerrno.o            /Users/rje/git/cc65/asminc/errno.inc:9
    fwrite.o                  /Users/rje/git/cc65/asminc/errno.inc:9
    fread.o                   /Users/rje/git/cc65/asminc/errno.inc:9
    fopen.o                   /Users/rje/git/cc65/asminc/errno.inc:9
___setjmp (setjmp.o):
    _scanf.o                  ../libwrk/cx16/_scanf.s:25
__ctype (ctype.o):
    ctypemask.o               common/ctypemask.s:23
__ctypeidx (ctype.o):
    ctypemask.o               common/ctypemask.s:24
__fdesc (_fdesc.o):
    fopen.o                   common/fopen.s:10
__filetab (_file.o):
    _fdesc.o                  /Users/rje/git/cc65/asminc/_file.inc:25
__filetype (filetype.o):
    filename.o                cbm/filename.s:11
__fopen (_fopen.o):
    fopen.o                   common/fopen.s:10
__hextab (_hextab.o):
    ltoa.o                    common/ltoa.s:10
__longminstr (_longminstr.o):
    ltoa.o                    common/ltoa.s:10
__printf (_printf.o):
    vfprintf.o                common/vfprintf.s:10
    vcprintf.o                conio/vcprintf.s:9
__scanf (_scanf.o):
    vfscanf.o                 common/_scanf.inc:17
__sys (_sys.o):
    common.o                  common.s:13
_abs (negabs.o):
    astrogation.o             astrogation.s:16
_astrogation_attempt_jump_to (astrogation.o):
    command_menu.o            command_menu.s:25
_astrogation_map (astrogation.o):
    command_menu.o            command_menu.s:24
_cbm_k_bsout (c_bsout.o):
    common.o                  common.s:14
_cgetc (cgetc.o):
    main.o                    main.s:20
_chline (chline.o):
    splash.o                  splash.s:17
_clock (clock.o):
    sleep.o                   ../libwrk/cx16/sleep.s:16
_close (close.o):
    open.o                    cbm/open.s:14
    fclose.o                  common/fclose.s:10
_clrscr (clrscr.o):
    common.o                  common.s:15
    main.o                    main.s:18
_command_menu (command_menu.o):
    main.o                    main.s:27
_cprintf (cprintf.o):
    splash.o                  splash.s:15
_cputc (cputc.o):
    vcprintf.o                conio/vcprintf.s:9
    cputs.o                   conio/cputs.s:9
_cputcxy (cputc.o):
    menu.o                    menu.s:15
_cputs (cputs.o):
    splash.o                  splash.s:14
_cputsxy (cputs.o):
    menu.o                    menu.s:16
    main.o                    main.s:19
_exit (crt0.o):
    main.o                    main.s:17
_fclose (fclose.o):
    player.o                  player.s:13
    gamestate.o               gamestate.s:13
_ferror (fmisc.o):
    vfscanf.o                 common/vfscanf.s:9
_fgetc (fgetc.o):
    vfscanf.o                 common/vfscanf.s:9
_fopen (fopen.o):
    player.o                  player.s:14
    gamestate.o               gamestate.s:14
_fread (fread.o):
    player.o                  player.s:15
    gamestate.o               gamestate.s:15
_fscanf (fscanf.o):
    player.o                  player.s:17
_fwrite (fwrite.o):
    vfprintf.o                common/vfprintf.s:10
    player.o                  player.s:16
    gamestate.o               gamestate.s:16
_gamestate_load (gamestate.o):
    main.o                    main.s:26
_gamestate_nextTurn (gamestate.o):
    command_menu.o            command_menu.s:19
_gamestate_save (gamestate.o):
    command_menu.o            command_menu.s:20
_gotoxy (gotoxy.o):
    splash.o                  splash.s:13
_gotoy (gotoy.o):
    common.o                  common.s:16
_isdigit (isdigit.o):
    _scanf.o                  ../libwrk/cx16/_scanf.s:28
_isspace (isspace.o):
    _scanf.o                  ../libwrk/cx16/_scanf.s:29
_isxdigit (isxdigit.o):
    _scanf.o                  ../libwrk/cx16/_scanf.s:30
_kbhit (kbhit.o):
    cgetc.o                   cx16/cgetc.s:10
_longjmp (longjmp.o):
    _scanf.o                  ../libwrk/cx16/_scanf.s:26
_ltoa (ltoa.o):
    _printf.o                 common/_printf.s:12
_main (main.o):
    callmain.o                runtime/callmain.s:11
_memcpy (memcpy.o):
    astrogation.o             astrogation.s:766
    astrogation.o             astrogation.s:766
_missions_view (missions.o):
    command_menu.o            command_menu.s:23
_open (open.o):
    _fopen.o                  common/_fopen.s:10
_player (main.o):
    ship.o                    ship.s:15
    player.o                  player.s:20
    command_menu.o            command_menu.s:26
    astrogation.o             astrogation.s:23
_player_loadActive (player.o):
    main.o                    main.s:25
_player_save (player.o):
    command_menu.o            command_menu.s:18
_printf (printf.o):
    ship.o                    ship.s:13
    command_menu.o            command_menu.s:13
    astrogation.o             astrogation.s:14
    main.o                    main.s:14
_puts (puts.o):
    shipyard.o                shipyard.s:13
    command_menu.o            command_menu.s:14
    astrogation.o             astrogation.s:15
    main.o                    main.s:15
_rand (rand.o):
    trade.o                   trade.s:13
_read (read.o):
    fgetc.o                   common/fgetc.s:8
    fread.o                   common/fread.s:10
_scanf (scanf.o):
    command_menu.o            command_menu.s:15
_set_PET_font (common.o):
    main.o                    main.s:23
_ship_displayTurretSummary (ship.o):
    shipyard.o                shipyard.s:15
_shipyard_upgrade (shipyard.o):
    command_menu.o            command_menu.s:22
_sleep (sleep.o):
    splash.o                  splash.s:19
    main.o                    main.s:22
_splash (splash.o):
    main.o                    main.s:24
_srand (rand.o):
    randomize.o               cx16/randomize.s:10
_starport_trade (starport.o):
    command_menu.o            command_menu.s:21
_stdin (_file.o):
    scanf.o                   common/scanf.s:10
_stdout (_file.o):
    puts.o                    ../libwrk/cx16/puts.s:19
    printf.o                  common/printf.s:8
_strlen (strlen.o):
    _printf.o                 common/_printf.s:13
    puts.o                    ../libwrk/cx16/puts.s:21
    splash.o                  splash.s:18
    menu.o                    menu.s:17
_strlower (strlower.o):
    _printf.o                 common/_printf.s:13
_textcolor (color.o):
    splash.o                  splash.s:16
    common.o                  common.s:17
    command_menu.o            command_menu.s:16
    astrogation.o             astrogation.s:13
    main.o                    main.s:21
_tolower (tolower.o):
    _scanf.o                  ../libwrk/cx16/_scanf.s:31
_ultoa (ltoa.o):
    _printf.o                 common/_printf.s:12
_ungetc (ungetc.o):
    vfscanf.o                 common/vfscanf.s:9
_vcprintf (vcprintf.o):
    cprintf.o                 conio/cprintf.s:8
_vfprintf (vfprintf.o):
    printf.o                  common/printf.s:8
_vfscanf (vfscanf.o):
    scanf.o                   common/scanf.s:10
    fscanf.o                  common/fscanf.s:8
_wherex (wherex.o):
    menu.o                    menu.s:13
_wherey (wherey.o):
    menu.o                    menu.s:14
_write (write.o):
    puts.o                    ../libwrk/cx16/puts.s:22
    fwrite.o                  common/fwrite.s:10
addeqysp (addeqsp.o):
    menu.o                    menu.s:204
    astrogation.o             astrogation.s:766
    astrogation.o             astrogation.s:766
addysp (addysp.o):
    open.o                    cbm/open.s:10
    scanf.o                   common/scanf.s:10
    printf.o                  common/printf.s:8
    incsp8.o                  runtime/incsp8.s:8
    incsp6.o                  runtime/incsp6.s:8
    incsp4.o                  runtime/incsp4.s:8
    fwrite.o                  common/fwrite.s:11
    fscanf.o                  common/fscanf.s:8
    cprintf.o                 conio/cprintf.s:8
    menu.o                    menu.s:204
    astrogation.o             astrogation.s:766
    astrogation.o             astrogation.s:766
    astrogation.o             astrogation.s:766
    astrogation.o             astrogation.s:766
addysp1 (addysp.o):
    lsub.o                    runtime/lsub.s:11
    lmul.o                    runtime/lmul.s:9
    ladd.o                    runtime/ladd.s:8
    sub.o                     runtime/sub.s:8
    or.o                      runtime/or.s:9
aslax4 (aslax4.o):
    astrogation.o             astrogation.s:766
    astrogation.o             astrogation.s:766
axlong (axlong.o):
    _printf.o                 common/_printf.s:11
axulong (axlong.o):
    _scanf.o                  ../libwrk/cx16/_scanf.s:1447
    _scanf.o                  ../libwrk/cx16/_scanf.s:1447
    _printf.o                 common/_printf.s:11
    sleep.o                   ../libwrk/cx16/sleep.s:67
booleq (makebool.o):
    _scanf.o                  ../libwrk/cx16/_scanf.s:1447
boolge (makebool.o):
    lge.o                     runtime/lge.s:8
callmain (callmain.o):
    crt0.o                    cx16/crt0.s:9
checkferror (checkferror.o):
    fgetc.o                   common/fgetc.s:8
chlinechar (clinechars.o):
    chline.o                  cbm/chline.s:10
closecmdchannel (diskcmd.o):
    scratch.o                 cbm/scratch.s:8
    open.o                    cbm/open.s:12
    close.o                   cbm/close.s:9
complax (compl.o):
    _scanf.o                  ../libwrk/cx16/_scanf.s:1447
cputdirect (cputc.o):
    chline.o                  cbm/chline.s:9
ctypemask (ctypemask.o):
    isxdigit.o                common/isxdigit.s:15
    isspace.o                 common/isspace.s:15
    isdigit.o                 common/isdigit.s:15
ctypemaskdirect (ctypemask.o):
    tolower.o                 common/tolower.s:15
    strlower.o                common/strlower.s:14
cursor (_cursor.o):
    cgetc.o                   cx16/cgetc.s:10
curunit (filevars.o):
    filename.o                cbm/filename.s:11
decaxy (decaxy.o):
    _scanf.o                  ../libwrk/cx16/_scanf.s:1447
decsp3 (decsp3.o):
    astrogation.o             astrogation.s:766
decsp4 (decsp4.o):
    lpush.o                   runtime/lpush.s:12
    fscanf.o                  common/fscanf.s:8
    menu.o                    menu.s:204
    command_menu.o            command_menu.s:306
decsp6 (decsp6.o):
    _printf.o                 common/_printf.s:11
    common.o                  common.s:77
    common.o                  common.s:77
    astrogation.o             astrogation.s:766
decsp8 (decsp8.o):
    astrogation.o             astrogation.s:766
donelib (condes.o):
    crt0.o                    cx16/crt0.s:8
fdtab (filedes.o):
    open.o                    cbm/filedes.inc:7
    close.o                   cbm/filedes.inc:7
    write.o                   cbm/filedes.inc:7
    read.o                    cbm/filedes.inc:7
fnaddmode (filename.o):
    open.o                    cbm/open.s:11
fncmd (filename.o):
    scratch.o                 cbm/scratch.s:9
    diskcmd.o                 cbm/diskcmd.s:14
fncomplete (filename.o):
    open.o                    cbm/open.s:11
fnisfile (filename.o):
    open.o                    cbm/open.s:13
fnlen (filename.o):
    diskcmd.o                 cbm/diskcmd.s:14
fnparse (filename.o):
    open.o                    cbm/open.s:11
fnset (filename.o):
    open.o                    cbm/open.s:11
fnunit (filename.o):
    scratch.o                 cbm/scratch.s:9
    open.o                    cbm/open.s:13
    diskcmd.o                 cbm/diskcmd.s:14
freefd (filedes.o):
    open.o                    cbm/filedes.inc:9
gotoxy (gotoxy.o):
    cputs.o                   conio/cputs.s:9
    cputc.o                   cx16/cputc.s:11
    chline.o                  cbm/chline.s:9
incax3 (incax3.o):
    menu.o                    menu.s:204
incaxy (incaxy.o):
    incax3.o                  runtime/incax3.s:8
incsp1 (incsp1.o):
    _scanf.o                  ../libwrk/cx16/_scanf.s:1447
    _scanf.o                  ../libwrk/cx16/_scanf.s:1447
    _scanf.o                  ../libwrk/cx16/_scanf.s:1447
    _scanf.o                  ../libwrk/cx16/_scanf.s:1447
    _scanf.o                  ../libwrk/cx16/_scanf.s:1447
incsp2 (incsp2.o):
    fgetc.o                   common/fgetc.s:9
    puts.o                    ../libwrk/cx16/puts.s:93
    popptr1.o                 runtime/popptr1.s:8
    trade.o                   trade.s:44
    splash.o                  splash.s:150
    ship.o                    ship.s:91
    player.o                  player.s:133
    player.o                  player.s:133
    gamestate.o               gamestate.s:136
    gamestate.o               gamestate.s:136
    astrogation.o             astrogation.s:766
incsp4 (incsp4.o):
    lcmp.o                    runtime/lcmp.s:9
    _fopen.o                  common/_fopen.s:11
    fread.o                   common/fread.s:12
    command_menu.o            command_menu.s:306
    astrogation.o             astrogation.s:766
incsp6 (incsp6.o):
    vfprintf.o                common/vfprintf.s:9
    sleep.o                   ../libwrk/cx16/sleep.s:67
    fwrite.o                  common/fwrite.s:11
    fread.o                   common/fread.s:12
    common.o                  common.s:77
    common.o                  common.s:77
incsp8 (incsp8.o):
    _scanf.o                  ../libwrk/cx16/_scanf.s:1447
    astrogation.o             astrogation.s:766
initlib (condes.o):
    crt0.o                    cx16/crt0.s:8
jmpvec (jmpvec.o):
    _scanf.o                  ../libwrk/cx16/_scanf.s:1447
    _scanf.o                  ../libwrk/cx16/_scanf.s:1447
    _sys.o                    common/_sys.s:8
ldax0sp (ldaxsp.o):
    fread.o                   common/fread.s:13
    player.o                  player.s:133
    player.o                  player.s:133
    menu.o                    menu.s:204
    gamestate.o               gamestate.s:136
    gamestate.o               gamestate.s:136
    astrogation.o             astrogation.s:766
    astrogation.o             astrogation.s:766
    astrogation.o             astrogation.s:766
    astrogation.o             astrogation.s:766
ldaxi (ldaxi.o):
    _scanf.o                  ../libwrk/cx16/_scanf.s:1447
    _scanf.o                  ../libwrk/cx16/_scanf.s:1447
ldaxysp (ldaxsp.o):
    _scanf.o                  ../libwrk/cx16/_scanf.s:1447
    sleep.o                   ../libwrk/cx16/sleep.s:67
    puts.o                    ../libwrk/cx16/puts.s:93
    fwrite.o                  common/fwrite.s:11
    fread.o                   common/fread.s:13
    splash.o                  splash.s:150
    ship.o                    ship.s:91
    player.o                  player.s:133
    player.o                  player.s:133
    menu.o                    menu.s:204
    gamestate.o               gamestate.s:136
    gamestate.o               gamestate.s:136
    command_menu.o            command_menu.s:306
    astrogation.o             astrogation.s:766
    astrogation.o             astrogation.s:766
    astrogation.o             astrogation.s:766
    astrogation.o             astrogation.s:766
    astrogation.o             astrogation.s:766
ldeax0sp (ldeaxysp.o):
    sleep.o                   ../libwrk/cx16/sleep.s:67
leaa0sp (leaaxsp.o):
    command_menu.o            command_menu.s:306
    astrogation.o             astrogation.s:766
mul8x16 (mul8.o):
    mul.o                     runtime/mul.s:8
mul8x16a (mul8.o):
    mul.o                     runtime/mul.s:8
mulax10 (mulax10.o):
    _scanf.o                  ../libwrk/cx16/_scanf.s:1447
negax (negabs.o):
    shelp.o                   runtime/shelp.s:11
    mod.o                     runtime/mod.s:11
    div.o                     runtime/div.s:11
negeax (lneg.o):
    ltoa.o                    common/ltoa.s:9
    _scanf.o                  ../libwrk/cx16/_scanf.s:1447
opencmdchannel (diskcmd.o):
    scratch.o                 cbm/scratch.s:8
    open.o                    cbm/open.s:12
plot (cputc.o):
    gotoy.o                   cx16/gotoy.s:9
    gotoxy.o                  cx16/gotoxy.s:9
popa (popa.o):
    gotoxy.o                  cx16/gotoxy.s:9
popax (incsp2.o):
    ungetc.o                  common/ungetc.s:10
    open.o                    cbm/open.s:10
    ltoa.o                    common/ltoa.s:9
    _printf.o                 common/_printf.s:11
    vcprintf.o                conio/vcprintf.s:8
    shelp.o                   runtime/shelp.s:11
    rwcommon.o                cbm/rwcommon.s:9
    memcpy.o                  common/memcpy.s:14
popptr1 (popptr1.o):
    ltoa.o                    common/ltoa.s:9
    longjmp.o                 common/longjmp.s:9
    fgetc.o                   common/fgetc.s:9
    vcprintf.o                conio/vcprintf.s:8
    udiv.o                    runtime/udiv.s:9
    rwcommon.o                cbm/rwcommon.s:9
    mul8.o                    runtime/mul8.s:9
    mul.o                     runtime/mul.s:9
    memcpy.o                  common/memcpy.s:14
popsargsudiv16 (shelp.o):
    mod.o                     runtime/mod.s:11
    div.o                     runtime/div.s:11
ptr1 (zeropage.o):
    lcmp.o                    runtime/lcmp.s:10
    checkferror.o             common/checkferror.s:12
    ungetc.o                  common/ungetc.s:11
    strlower.o                common/strlower.s:13
    setjmp.o                  common/setjmp.s:11
    mulax10.o                 runtime/mulax10.s:9
    ltoa.o                    common/ltoa.s:11
    longjmp.o                 common/longjmp.s:10
    lmul.o                    runtime/lmul.s:10
    ldaxi.o                   runtime/ldaxi.s:8
    fmisc.o                   common/fmisc.s:9
    filename.o                cbm/filename.s:12
    fgetc.o                   common/fgetc.s:10
    diskcmd.o                 cbm/diskcmd.s:15
    _scanf.o                  ../libwrk/cx16/_scanf.s:11
    _printf.o                 /Users/rje/git/cc65/asminc/zeropage.inc:12
    _fopen.o                  common/_fopen.s:12
    zerobss.o                 common/zerobss.s:9
    write.o                   cbm/write.s:11
    vfprintf.o                common/vfprintf.s:11
    vcprintf.o                conio/vcprintf.s:10
    udiv.o                    runtime/udiv.s:10
    shelp.o                   runtime/shelp.s:12
    scanf.o                   common/scanf.s:11
    read.o                    cbm/read.s:13
    puts.o                    ../libwrk/cx16/puts.s:11
    printf.o                  common/printf.s:9
    popptr1.o                 runtime/popptr1.s:9
    mul8.o                    runtime/mul8.s:10
    mul.o                     runtime/mul.s:10
    memcpy.o                  common/memcpy.s:15
    fwrite.o                  common/fwrite.s:14
    fscanf.o                  common/fscanf.s:9
    fread.o                   common/fread.s:17
    fclose.o                  common/fclose.s:11
    div.o                     runtime/div.s:12
    cputs.o                   conio/cputs.s:10
    cprintf.o                 conio/cprintf.s:9
    _sys.o                    common/_sys.s:9
    _heapmemavail.o           common/_heapmemavail.s:10
    ship.o                    ship.s:11
    command_menu.o            command_menu.s:11
    astrogation.o             astrogation.s:11
ptr2 (zeropage.o):
    strlower.o                common/strlower.s:13
    ltoa.o                    common/ltoa.s:11
    longjmp.o                 common/longjmp.s:10
    _printf.o                 /Users/rje/git/cc65/asminc/zeropage.inc:12
    write.o                   cbm/write.s:11
    vcprintf.o                conio/vcprintf.s:10
    rwcommon.o                cbm/rwcommon.s:10
    read.o                    cbm/read.s:13
    memcpy.o                  common/memcpy.s:15
    _heapmemavail.o           common/_heapmemavail.s:10
ptr3 (zeropage.o):
    ltoa.o                    common/ltoa.s:11
    lmul.o                    runtime/lmul.s:10
    write.o                   cbm/write.s:11
    vfscanf.o                 /Users/rje/git/cc65/asminc/zeropage.inc:12
    vcprintf.o                conio/vcprintf.s:10
    rwcommon.o                cbm/rwcommon.s:10
    read.o                    cbm/read.s:13
    memcpy.o                  common/memcpy.s:15
ptr4 (zeropage.o):
    lmul.o                    runtime/lmul.s:10
    udiv.o                    runtime/udiv.s:10
    strlen.o                  common/strlen.s:12
    shelp.o                   runtime/shelp.s:12
    mul8.o                    runtime/mul8.s:10
    mul.o                     runtime/mul.s:10
push1 (push1.o):
    _printf.o                 common/_printf.s:11
    vfprintf.o                common/vfprintf.s:9
pusha (pusha.o):
    _scanf.o                  ../libwrk/cx16/_scanf.s:1447
    _scanf.o                  ../libwrk/cx16/_scanf.s:1447
    _scanf.o                  ../libwrk/cx16/_scanf.s:1447
    _scanf.o                  ../libwrk/cx16/_scanf.s:1447
    _scanf.o                  ../libwrk/cx16/_scanf.s:1447
    splash.o                  splash.s:150
    menu.o                    menu.s:204
    astrogation.o             astrogation.s:766
    astrogation.o             astrogation.s:766
    main.o                    main.s:118
pusha0 (pushax.o):
    push1.o                   runtime/push1.s:8
    fgetc.o                   common/fgetc.s:9
    _scanf.o                  ../libwrk/cx16/_scanf.s:1447
    puts.o                    ../libwrk/cx16/puts.s:93
    fwrite.o                  common/fwrite.s:11
    fread.o                   common/fread.s:11
    splash.o                  splash.s:150
    ship.o                    ship.s:91
    player.o                  player.s:133
    player.o                  player.s:133
    gamestate.o               gamestate.s:136
    gamestate.o               gamestate.s:136
    command_menu.o            command_menu.s:306
    astrogation.o             astrogation.s:766
    astrogation.o             astrogation.s:766
    astrogation.o             astrogation.s:766
pushax (pushax.o):
    fgetc.o                   common/fgetc.s:9
    callmain.o                runtime/callmain.s:11
    _scanf.o                  ../libwrk/cx16/_scanf.s:1447
    _scanf.o                  ../libwrk/cx16/_scanf.s:1447
    _printf.o                 common/_printf.s:11
    vcprintf.o                conio/vcprintf.s:8
    sleep.o                   ../libwrk/cx16/sleep.s:67
    scanf.o                   common/scanf.s:10
    puts.o                    ../libwrk/cx16/puts.s:93
    printf.o                  common/printf.s:8
    fwrite.o                  common/fwrite.s:11
    fread.o                   common/fread.s:11
    fopen.o                   common/fopen.s:11
    cprintf.o                 conio/cprintf.s:8
    trade.o                   trade.s:44
    splash.o                  splash.s:150
    ship.o                    ship.s:91
    player.o                  player.s:133
    player.o                  player.s:133
    menu.o                    menu.s:204
    gamestate.o               gamestate.s:136
    gamestate.o               gamestate.s:136
    command_menu.o            command_menu.s:306
    command_menu.o            command_menu.s:306
    astrogation.o             astrogation.s:766
    astrogation.o             astrogation.s:766
    astrogation.o             astrogation.s:766
    astrogation.o             astrogation.s:766
    astrogation.o             astrogation.s:766
    astrogation.o             astrogation.s:766
    main.o                    main.s:118
pusheax (lpush.o):
    _scanf.o                  ../libwrk/cx16/_scanf.s:1447
    _printf.o                 common/_printf.s:11
    sleep.o                   ../libwrk/cx16/sleep.s:67
pushw0sp (pushwsp.o):
    player.o                  player.s:133
    astrogation.o             astrogation.s:766
pushwysp (pushwsp.o):
    vfprintf.o                common/vfprintf.s:9
    puts.o                    ../libwrk/cx16/puts.s:93
    fwrite.o                  common/fwrite.s:11
    fread.o                   common/fread.s:14
    splash.o                  splash.s:150
    menu.o                    menu.s:204
    command_menu.o            command_menu.s:306
    astrogation.o             astrogation.s:766
    astrogation.o             astrogation.s:766
    astrogation.o             astrogation.s:766
    astrogation.o             astrogation.s:766
    astrogation.o             astrogation.s:766
    astrogation.o             astrogation.s:766
readdiskerror (diskcmd.o):
    open.o                    cbm/open.s:12
    close.o                   cbm/close.s:9
regbank (zeropage.o):
    _scanf.o                  ../libwrk/cx16/_scanf.s:10
    _printf.o                 /Users/rje/git/cc65/asminc/zeropage.inc:14
    fread.o                   common/fread.s:32
regsave (zeropage.o):
    _scanf.o                  ../libwrk/cx16/_scanf.s:10
return0 (return0.o):
    setjmp.o                  common/setjmp.s:10
    fmisc.o                   common/fmisc.s:8
    _fopen.o                  common/_fopen.s:11
    _fdesc.o                  common/_fdesc.s:9
returnFFFF (returnFFFF.o):
    fgetc.o                   common/fgetc.s:9
rwcommon (rwcommon.o):
    write.o                   cbm/write.s:10
    read.o                    cbm/read.s:11
scratch (scratch.o):
    open.o                    cbm/open.s:11
shlax1 (aslax1.o):
    astrogation.o             astrogation.s:766
shlax3 (aslax3.o):
    command_menu.o            command_menu.s:306
shlax4 (aslax4.o):
    astrogation.o             astrogation.s:766
shrax1 (shrax1.o):
    splash.o                  splash.s:150
    astrogation.o             astrogation.s:766
    astrogation.o             astrogation.s:766
    astrogation.o             astrogation.s:766
shrax3 (shrax3.o):
    player.o                  player.s:133
    command_menu.o            command_menu.s:306
shrax4 (shrax4.o):
    astrogation.o             astrogation.s:766
    astrogation.o             astrogation.s:766
    astrogation.o             astrogation.s:766
sp (zeropage.o):
    lcmp.o                    runtime/lcmp.s:10
    setjmp.o                  common/setjmp.s:11
    lsub.o                    runtime/lsub.s:12
    lpush.o                   runtime/lpush.s:13
    longjmp.o                 common/longjmp.s:10
    lmul.o                    runtime/lmul.s:10
    ldeaxysp.o                runtime/ldeaxysp.s:12
    ladd.o                    runtime/ladd.s:9
    incsp1.o                  runtime/incsp1.s:8
    _scanf.o                  ../libwrk/cx16/_scanf.s:10
    _printf.o                 /Users/rje/git/cc65/asminc/zeropage.inc:11
    _heap.o                   common/_heap.s:9
    _fopen.o                  common/_fopen.s:12
    vfscanf.o                 /Users/rje/git/cc65/asminc/zeropage.inc:11
    vfprintf.o                common/vfprintf.s:11
    vcprintf.o                conio/vcprintf.s:10
    subysp.o                  runtime/subysp.s:9
    sub.o                     runtime/sub.s:9
    staxsp.o                  runtime/staxsp.s:8
    scanf.o                   common/scanf.s:11
    pushwsp.o                 runtime/pushwsp.s:8
    pushax.o                  runtime/pushax.s:8
    pusha.o                   runtime/pusha.s:8
    printf.o                  common/printf.s:9
    popptr1.o                 runtime/popptr1.s:9
    popa.o                    runtime/popa.s:8
    or.o                      runtime/or.s:10
    memcpy.o                  common/memcpy.s:15
    leaaxsp.o                 runtime/leaaxsp.s:8
    ldaxsp.o                  runtime/ldaxsp.s:8
    incsp2.o                  runtime/incsp2.s:8
    icmp.o                    runtime/icmp.s:9
    fscanf.o                  common/fscanf.s:9
    fread.o                   common/fread.s:17
    decsp8.o                  runtime/decsp8.s:8
    decsp6.o                  runtime/decsp6.s:8
    decsp4.o                  runtime/decsp4.s:8
    decsp3.o                  runtime/decsp3.s:8
    crt0.o                    /Users/rje/git/cc65/asminc/zeropage.inc:11
    cprintf.o                 conio/cprintf.s:9
    addysp.o                  runtime/addysp.s:8
    addeqsp.o                 runtime/addeqsp.s:8
    add.o                     runtime/add.s:12
    menu.o                    menu.s:10
    common.o                  common.s:10
    command_menu.o            command_menu.s:10
    astrogation.o             astrogation.s:10
sreg (zeropage.o):
    lcmp.o                    runtime/lcmp.s:10
    ltoa.o                    common/ltoa.s:11
    lsub.o                    runtime/lsub.s:12
    lpush.o                   runtime/lpush.s:13
    lneg.o                    runtime/lneg.s:11
    lmul.o                    runtime/lmul.s:10
    ldeaxysp.o                runtime/ldeaxysp.s:12
    ladd.o                    runtime/ladd.s:9
    clock.o                   cx16/clock.s:12
    axlong.o                  runtime/axlong.s:9
    _scanf.o                  ../libwrk/cx16/_scanf.s:10
    _printf.o                 /Users/rje/git/cc65/asminc/zeropage.inc:11
    udiv.o                    runtime/udiv.s:10
    sleep.o                   ../libwrk/cx16/sleep.s:10
    mod.o                     runtime/mod.s:12
    icmp.o                    runtime/icmp.s:9
stax0sp (staxsp.o):
    player.o                  player.s:133
    astrogation.o             astrogation.s:766
    astrogation.o             astrogation.s:766
staxysp (staxsp.o):
    menu.o                    menu.s:204
    common.o                  common.s:77
    common.o                  common.s:77
    astrogation.o             astrogation.s:766
    astrogation.o             astrogation.s:766
subysp (subysp.o):
    astrogation.o             astrogation.s:766
tmp1 (zeropage.o):
    ungetc.o                  common/ungetc.s:11
    ltoa.o                    common/ltoa.s:11
    ladd.o                    runtime/ladd.s:9
    filename.o                cbm/filename.s:12
    diskcmd.o                 cbm/diskcmd.s:15
    decaxy.o                  runtime/decaxy.s:8
    _printf.o                 /Users/rje/git/cc65/asminc/zeropage.inc:13
    vcprintf.o                conio/vcprintf.s:10
    shrax4.o                  runtime/shrax4.s:8
    shrax3.o                  runtime/shrax3.s:8
    shrax1.o                  runtime/shrax1.s:8
    shelp.o                   runtime/shelp.s:12
    read.o                    cbm/read.s:13
    or.o                      runtime/or.s:10
    mul.o                     runtime/mul.s:10
    mod.o                     runtime/mod.s:12
    incaxy.o                  runtime/incaxy.s:8
    div.o                     runtime/div.s:12
    color.o                   cx16/color.s:11
    chline.o                  cbm/chline.s:10
    aslax4.o                  runtime/aslax4.s:8
    aslax3.o                  runtime/aslax3.s:8
    aslax1.o                  runtime/aslax1.s:8
    command_menu.o            command_menu.s:11
    astrogation.o             astrogation.s:11
    main.o                    main.s:11
tmp2 (zeropage.o):
    open.o                    cbm/open.s:15
    lmul.o                    runtime/lmul.s:10
    close.o                   cbm/close.s:10
    shelp.o                   runtime/shelp.s:12
    rwcommon.o                cbm/rwcommon.s:10
    read.o                    cbm/read.s:13
    div.o                     runtime/div.s:12
tmp3 (zeropage.o):
    open.o                    cbm/open.s:15
    lmul.o                    runtime/lmul.s:10
    read.o                    cbm/read.s:13
tmp4 (zeropage.o):
    lmul.o                    runtime/lmul.s:10
tosaddax (add.o):
    menu.o                    menu.s:204
    astrogation.o             astrogation.s:766
tosaddeax (ladd.o):
    _scanf.o                  ../libwrk/cx16/_scanf.s:1447
    sleep.o                   ../libwrk/cx16/sleep.s:67
tosdiva0 (div.o):
    astrogation.o             astrogation.s:766
    astrogation.o             astrogation.s:766
tosgeeax (lge.o):
    sleep.o                   ../libwrk/cx16/sleep.s:67
tosicmp (icmp.o):
    menu.o                    menu.s:204
    astrogation.o             astrogation.s:766
tosicmp0 (icmp.o):
    astrogation.o             astrogation.s:766
toslcmp (lcmp.o):
    lge.o                     runtime/lge.s:8
tosmoda0 (mod.o):
    trade.o                   trade.s:44
    astrogation.o             astrogation.s:766
tosmuleax (lmul.o):
    _scanf.o                  ../libwrk/cx16/_scanf.s:1447
tosora0 (or.o):
    astrogation.o             astrogation.s:766
tossuba0 (sub.o):
    _scanf.o                  ../libwrk/cx16/_scanf.s:1447
    astrogation.o             astrogation.s:766
tossubax (sub.o):
    splash.o                  splash.s:150
    command_menu.o            command_menu.s:306
tossubeax (lsub.o):
    sleep.o                   ../libwrk/cx16/sleep.s:67
tosudivax (udiv.o):
    fwrite.o                  common/fwrite.s:12
    fread.o                   common/fread.s:15
tosumul0ax (lmul.o):
    sleep.o                   ../libwrk/cx16/sleep.s:67
tosumulax (mul.o):
    fwrite.o                  common/fwrite.s:12
    fread.o                   common/fread.s:15
udiv16 (udiv.o):
    shelp.o                   runtime/shelp.s:11
unittab (filedes.o):
    open.o                    cbm/filedes.inc:8
    close.o                   cbm/filedes.inc:8
    read.o                    cbm/filedes.inc:8
writefndiskcmd (diskcmd.o):
    scratch.o                 cbm/scratch.s:8
zerobss (zerobss.o):
    crt0.o                    cx16/crt0.s:9

