Modules list:
-------------
main.o:
    CODE              Offs=000000  Size=000089  Align=00001  Fill=0000
    RODATA            Offs=000000  Size=000054  Align=00001  Fill=0000
command_menu.o:
    CODE              Offs=000089  Size=00015B  Align=00001  Fill=0000
    RODATA            Offs=000054  Size=0000F4  Align=00001  Fill=0000
common.o:
    CODE              Offs=0001E4  Size=0001BE  Align=00001  Fill=0000
    RODATA            Offs=000148  Size=00020A  Align=00001  Fill=0000
    DATA              Offs=000000  Size=00002D  Align=00001  Fill=0000
emplacement.o:
gamestate.o:
    CODE              Offs=0003A2  Size=00007F  Align=00001  Fill=0000
    RODATA            Offs=000352  Size=000006  Align=00001  Fill=0000
    BSS               Offs=000000  Size=000EF3  Align=00001  Fill=0000
map.o:
menu.o:
    CODE              Offs=000421  Size=000144  Align=00001  Fill=0000
missions.o:
    CODE              Offs=000565  Size=000001  Align=00001  Fill=0000
player.o:
    CODE              Offs=000566  Size=000006  Align=00001  Fill=0000
ship.o:
    CODE              Offs=00056C  Size=000001  Align=00001  Fill=0000
shipyard.o:
    CODE              Offs=00056D  Size=000001  Align=00001  Fill=0000
starport.o:
    CODE              Offs=00056E  Size=000001  Align=00001  Fill=0000
/Users/rje/git/cc65/lib/cx16.lib(_cursor.o):
    BSS               Offs=000EF3  Size=000001  Align=00001  Fill=0000
/Users/rje/git/cc65/lib/cx16.lib(_directerrno.o):
    CODE              Offs=00056F  Size=000009  Align=00001  Fill=0000
/Users/rje/git/cc65/lib/cx16.lib(_fdesc.o):
    CODE              Offs=000578  Size=00001D  Align=00001  Fill=0000
/Users/rje/git/cc65/lib/cx16.lib(_file.o):
    DATA              Offs=00002D  Size=00001E  Align=00001  Fill=0000
/Users/rje/git/cc65/lib/cx16.lib(_fopen.o):
    CODE              Offs=000595  Size=00007B  Align=00001  Fill=0000
    BSS               Offs=000EF4  Size=000002  Align=00001  Fill=0000
/Users/rje/git/cc65/lib/cx16.lib(_heap.o):
    DATA              Offs=00004B  Size=00000A  Align=00001  Fill=0000
    ONCE              Offs=000000  Size=000010  Align=00001  Fill=0000
/Users/rje/git/cc65/lib/cx16.lib(_heapmemavail.o):
    CODE              Offs=000610  Size=00004E  Align=00001  Fill=0000
/Users/rje/git/cc65/lib/cx16.lib(_hextab.o):
    RODATA            Offs=000358  Size=000010  Align=00001  Fill=0000
/Users/rje/git/cc65/lib/cx16.lib(_longminstr.o):
    RODATA            Offs=000368  Size=00000C  Align=00001  Fill=0000
/Users/rje/git/cc65/lib/cx16.lib(_mappederrno.o):
    CODE              Offs=00065E  Size=00000F  Align=00001  Fill=0000
/Users/rje/git/cc65/lib/cx16.lib(_oserror.o):
    BSS               Offs=000EF6  Size=000001  Align=00001  Fill=0000
/Users/rje/git/cc65/lib/cx16.lib(_printf.o):
    CODE              Offs=00066D  Size=0003A5  Align=00001  Fill=0000
    BSS               Offs=000EF7  Size=00002B  Align=00001  Fill=0000
    DATA              Offs=000055  Size=000003  Align=00001  Fill=0000
/Users/rje/git/cc65/lib/cx16.lib(_seterrno.o):
    CODE              Offs=000A12  Size=000009  Align=00001  Fill=0000
/Users/rje/git/cc65/lib/cx16.lib(_sys.o):
    CODE              Offs=000A1B  Size=000044  Align=00001  Fill=0000
/Users/rje/git/cc65/lib/cx16.lib(addeqsp.o):
    CODE              Offs=000A5F  Size=000011  Align=00001  Fill=0000
/Users/rje/git/cc65/lib/cx16.lib(addysp.o):
    CODE              Offs=000A70  Size=00000E  Align=00001  Fill=0000
/Users/rje/git/cc65/lib/cx16.lib(axlong.o):
    CODE              Offs=000A7E  Size=00000D  Align=00001  Fill=0000
/Users/rje/git/cc65/lib/cx16.lib(c_bsout.o):
/Users/rje/git/cc65/lib/cx16.lib(callmain.o):
    CODE              Offs=000A8B  Size=000017  Align=00001  Fill=0000
    DATA              Offs=000058  Size=000004  Align=00001  Fill=0000
/Users/rje/git/cc65/lib/cx16.lib(cclear.o):
    CODE              Offs=000AA2  Size=000015  Align=00001  Fill=0000
/Users/rje/git/cc65/lib/cx16.lib(cgetc.o):
    CODE              Offs=000AB7  Size=000067  Align=00001  Fill=0000
/Users/rje/git/cc65/lib/cx16.lib(close.o):
    CODE              Offs=000B1E  Size=000038  Align=00001  Fill=0000
/Users/rje/git/cc65/lib/cx16.lib(clrscr.o):
    CODE              Offs=000B56  Size=000011  Align=00001  Fill=0000
/Users/rje/git/cc65/lib/cx16.lib(color.o):
    CODE              Offs=000B67  Size=00002A  Align=00001  Fill=0000
/Users/rje/git/cc65/lib/cx16.lib(condes.o):
    CODE              Offs=000B91  Size=00000C  Align=00001  Fill=0000
    DATA              Offs=00005C  Size=000025  Align=00001  Fill=0000
    ONCE              Offs=000010  Size=00000C  Align=00001  Fill=0000
/Users/rje/git/cc65/lib/cx16.lib(cprintf.o):
    CODE              Offs=000B9D  Size=00002A  Align=00001  Fill=0000
    BSS               Offs=000F22  Size=000001  Align=00001  Fill=0000
/Users/rje/git/cc65/lib/cx16.lib(cputc.o):
    CODE              Offs=000BC7  Size=000062  Align=00001  Fill=0000
    RODATA            Offs=000374  Size=000008  Align=00001  Fill=0000
/Users/rje/git/cc65/lib/cx16.lib(cputs.o):
    CODE              Offs=000C29  Size=000023  Align=00001  Fill=0000
/Users/rje/git/cc65/lib/cx16.lib(crt0.o):
    STARTUP           Offs=000000  Size=000021  Align=00001  Fill=0000
    ONCE              Offs=00001C  Size=00001B  Align=00001  Fill=0000
    INIT              Offs=000000  Size=000002  Align=00001  Fill=0000
/Users/rje/git/cc65/lib/cx16.lib(ctype.o):
    RODATA            Offs=00037C  Size=00008B  Align=00001  Fill=0000
/Users/rje/git/cc65/lib/cx16.lib(ctypemask.o):
    CODE              Offs=000C4C  Size=00001E  Align=00001  Fill=0000
/Users/rje/git/cc65/lib/cx16.lib(decsp1.o):
    CODE              Offs=000C6A  Size=000009  Align=00001  Fill=0000
/Users/rje/git/cc65/lib/cx16.lib(decsp2.o):
    CODE              Offs=000C73  Size=00000D  Align=00001  Fill=0000
/Users/rje/git/cc65/lib/cx16.lib(decsp4.o):
    CODE              Offs=000C80  Size=00000D  Align=00001  Fill=0000
/Users/rje/git/cc65/lib/cx16.lib(decsp6.o):
    CODE              Offs=000C8D  Size=00000D  Align=00001  Fill=0000
/Users/rje/git/cc65/lib/cx16.lib(diskcmd.o):
    CODE              Offs=000C9A  Size=0000C4  Align=00001  Fill=0000
    BSS               Offs=000F23  Size=000017  Align=00001  Fill=0000
/Users/rje/git/cc65/lib/cx16.lib(errno.o):
    BSS               Offs=000F3A  Size=000002  Align=00001  Fill=0000
/Users/rje/git/cc65/lib/cx16.lib(exehdr.o):
    EXEHDR            Offs=000000  Size=00000C  Align=00001  Fill=0000
/Users/rje/git/cc65/lib/cx16.lib(fclose.o):
    CODE              Offs=000D5E  Size=000022  Align=00001  Fill=0000
/Users/rje/git/cc65/lib/cx16.lib(filedes.o):
    CODE              Offs=000D80  Size=00000E  Align=00001  Fill=0000
    DATA              Offs=000081  Size=000010  Align=00001  Fill=0000
/Users/rje/git/cc65/lib/cx16.lib(filename.o):
    CODE              Offs=000D8E  Size=0000A0  Align=00001  Fill=0000
    BSS               Offs=000F3C  Size=000003  Align=00001  Fill=0000
    DATA              Offs=000091  Size=000024  Align=00001  Fill=0000
/Users/rje/git/cc65/lib/cx16.lib(filetype.o):
    DATA              Offs=0000B5  Size=000001  Align=00001  Fill=0000
/Users/rje/git/cc65/lib/cx16.lib(filevars.o):
    CODE              Offs=000E2E  Size=000007  Align=00001  Fill=0000
    INIT              Offs=000002  Size=000001  Align=00001  Fill=0000
    ONCE              Offs=000037  Size=00000E  Align=00001  Fill=0000
/Users/rje/git/cc65/lib/cx16.lib(fopen.o):
    CODE              Offs=000E35  Size=000018  Align=00001  Fill=0000
/Users/rje/git/cc65/lib/cx16.lib(fread.o):
    CODE              Offs=000E4D  Size=0000D3  Align=00001  Fill=0000
    BSS               Offs=000F3F  Size=000003  Align=00001  Fill=0000
/Users/rje/git/cc65/lib/cx16.lib(fwrite.o):
    CODE              Offs=000F20  Size=00007B  Align=00001  Fill=0000
    BSS               Offs=000F42  Size=000002  Align=00001  Fill=0000
/Users/rje/git/cc65/lib/cx16.lib(gotox.o):
    CODE              Offs=000F9B  Size=000006  Align=00001  Fill=0000
/Users/rje/git/cc65/lib/cx16.lib(gotoxy.o):
    CODE              Offs=000FA1  Size=00000F  Align=00001  Fill=0000
/Users/rje/git/cc65/lib/cx16.lib(gotoy.o):
    CODE              Offs=000FB0  Size=000006  Align=00001  Fill=0000
/Users/rje/git/cc65/lib/cx16.lib(icmp.o):
    CODE              Offs=000FB6  Size=00002E  Align=00001  Fill=0000
/Users/rje/git/cc65/lib/cx16.lib(incsp1.o):
    CODE              Offs=000FE4  Size=000007  Align=00001  Fill=0000
/Users/rje/git/cc65/lib/cx16.lib(incsp2.o):
    CODE              Offs=000FEB  Size=000015  Align=00001  Fill=0000
/Users/rje/git/cc65/lib/cx16.lib(incsp4.o):
    CODE              Offs=001000  Size=000005  Align=00001  Fill=0000
/Users/rje/git/cc65/lib/cx16.lib(incsp6.o):
    CODE              Offs=001005  Size=000005  Align=00001  Fill=0000
/Users/rje/git/cc65/lib/cx16.lib(jmpvec.o):
    DATA              Offs=0000B6  Size=000003  Align=00001  Fill=0000
/Users/rje/git/cc65/lib/cx16.lib(kbhit.o):
    CODE              Offs=00100A  Size=000005  Align=00001  Fill=0000
/Users/rje/git/cc65/lib/cx16.lib(kernal.o):
/Users/rje/git/cc65/lib/cx16.lib(ldaxsp.o):
    CODE              Offs=00100F  Size=000009  Align=00001  Fill=0000
/Users/rje/git/cc65/lib/cx16.lib(lneg.o):
    CODE              Offs=001018  Size=00001E  Align=00001  Fill=0000
/Users/rje/git/cc65/lib/cx16.lib(loadaddr.o):
    LOADADDR          Offs=000000  Size=000002  Align=00001  Fill=0000
/Users/rje/git/cc65/lib/cx16.lib(lpush.o):
    CODE              Offs=001036  Size=00001E  Align=00001  Fill=0000
/Users/rje/git/cc65/lib/cx16.lib(ltoa.o):
    CODE              Offs=001054  Size=000093  Align=00001  Fill=0000
/Users/rje/git/cc65/lib/cx16.lib(mul.o):
    CODE              Offs=0010E7  Size=000045  Align=00001  Fill=0000
/Users/rje/git/cc65/lib/cx16.lib(mul8.o):
    CODE              Offs=00112C  Size=00003A  Align=00001  Fill=0000
/Users/rje/git/cc65/lib/cx16.lib(open.o):
    CODE              Offs=001166  Size=0000BE  Align=00001  Fill=0000
/Users/rje/git/cc65/lib/cx16.lib(oserror.o):
    CODE              Offs=001224  Size=000016  Align=00001  Fill=0000
    RODATA            Offs=000407  Size=00005A  Align=00001  Fill=0000
/Users/rje/git/cc65/lib/cx16.lib(popa.o):
    CODE              Offs=00123A  Size=00000A  Align=00001  Fill=0000
/Users/rje/git/cc65/lib/cx16.lib(popptr1.o):
    CODE              Offs=001244  Size=00000E  Align=00001  Fill=0000
/Users/rje/git/cc65/lib/cx16.lib(printf.o):
    CODE              Offs=001252  Size=000033  Align=00001  Fill=0000
    BSS               Offs=000F44  Size=000001  Align=00001  Fill=0000
/Users/rje/git/cc65/lib/cx16.lib(push1.o):
    CODE              Offs=001285  Size=000005  Align=00001  Fill=0000
/Users/rje/git/cc65/lib/cx16.lib(pusha.o):
    CODE              Offs=00128A  Size=000016  Align=00001  Fill=0000
/Users/rje/git/cc65/lib/cx16.lib(pushax.o):
    CODE              Offs=0012A0  Size=00001A  Align=00001  Fill=0000
/Users/rje/git/cc65/lib/cx16.lib(pushwsp.o):
    CODE              Offs=0012BA  Size=00001C  Align=00001  Fill=0000
/Users/rje/git/cc65/lib/cx16.lib(read.o):
    CODE              Offs=0012D6  Size=00007C  Align=00001  Fill=0000
    BSS               Offs=000F45  Size=000001  Align=00001  Fill=0000
    ONCE              Offs=000045  Size=00000C  Align=00001  Fill=0000
/Users/rje/git/cc65/lib/cx16.lib(return0.o):
    CODE              Offs=001352  Size=000004  Align=00001  Fill=0000
/Users/rje/git/cc65/lib/cx16.lib(rwcommon.o):
    CODE              Offs=001356  Size=00001A  Align=00001  Fill=0000
/Users/rje/git/cc65/lib/cx16.lib(scratch.o):
    CODE              Offs=001370  Size=000019  Align=00001  Fill=0000
/Users/rje/git/cc65/lib/cx16.lib(staxsp.o):
    CODE              Offs=001389  Size=00000B  Align=00001  Fill=0000
/Users/rje/git/cc65/lib/cx16.lib(strlen.o):
    CODE              Offs=001394  Size=000016  Align=00001  Fill=0000
/Users/rje/git/cc65/lib/cx16.lib(strlower.o):
    CODE              Offs=0013AA  Size=000027  Align=00001  Fill=0000
/Users/rje/git/cc65/lib/cx16.lib(udiv.o):
    CODE              Offs=0013D1  Size=00004F  Align=00001  Fill=0000
/Users/rje/git/cc65/lib/cx16.lib(umod.o):
    CODE              Offs=001420  Size=000011  Align=00001  Fill=0000
/Users/rje/git/cc65/lib/cx16.lib(vcprintf.o):
    CODE              Offs=001431  Size=000078  Align=00001  Fill=0000
    DATA              Offs=0000B9  Size=000008  Align=00001  Fill=0000
/Users/rje/git/cc65/lib/cx16.lib(vfprintf.o):
    CODE              Offs=0014A9  Size=000060  Align=00001  Fill=0000
    DATA              Offs=0000C1  Size=000008  Align=00001  Fill=0000
/Users/rje/git/cc65/lib/cx16.lib(wherex.o):
    CODE              Offs=001509  Size=000006  Align=00001  Fill=0000
/Users/rje/git/cc65/lib/cx16.lib(wherey.o):
    CODE              Offs=00150F  Size=000006  Align=00001  Fill=0000
/Users/rje/git/cc65/lib/cx16.lib(write.o):
    CODE              Offs=001515  Size=000052  Align=00001  Fill=0000
    ONCE              Offs=000051  Size=000011  Align=00001  Fill=0000
/Users/rje/git/cc65/lib/cx16.lib(zerobss.o):
    CODE              Offs=001567  Size=000023  Align=00001  Fill=0000
/Users/rje/git/cc65/lib/cx16.lib(zeropage.o):
    ZEROPAGE          Offs=000000  Size=00001A  Align=00001  Fill=0000


Segment list:
-------------
Name                   Start     End    Size  Align
----------------------------------------------------
ZEROPAGE              000022  00003B  00001A  00001
LOADADDR              0007FF  000800  000002  00001
EXEHDR                000801  00080C  00000C  00001
STARTUP               00080D  00082D  000021  00001
CODE                  00082E  001DB7  00158A  00001
RODATA                001DB8  00221C  000465  00001
DATA                  00221D  0022E5  0000C9  00001
INIT                  0022E6  0022E8  000003  00001
BSS                   0022E9  00322E  000F46  00001
ONCE                  0022E9  002352  00006A  00001


Exports list by name:
---------------------
BASIN                     00FFCF RLA    BSOUT                     00FFD2 RLA    
CHKIN                     00FFC6 RLA    CHROUT                    00FFD2 RLA    
CKOUT                     00FFC9 RLA    CLOSE                     00FFC3 RLA    
CLRCH                     00FFCC RLA    GETIN                     00FFE4 RLA    
KBDBUF_PEEK               00FEBD RLA    OPEN                      00FFC0 RLA    
PLOT                      00FFF0 RLA    READST                    00FFB7 RLA    
SETLFS                    00FFBA RLA    SETNAM                    00FFBD RLA    
__BSS_RUN__               0022E9 RLA    __BSS_SIZE__              000F46 REA    
__CONSTRUCTOR_COUNT__     000004 REA    __CONSTRUCTOR_TABLE__     00234B RLA    
__DESTRUCTOR_COUNT__      000002 REA    __DESTRUCTOR_TABLE__      002219 RLA    
__EXEHDR__                000001 REA    __HEADER_LAST__           00080D RLA    
__HIMEM__                 009F00 REA    __LOADADDR__              000001 REA    
__MAIN_SIZE__             0096F3 REA    __MAIN_START__            00080D RLA    
__ONCE_RUN__              0022E9 RLA    __STACKSIZE__             000800 REA    
__STARTUP__               000001 REA    __ctype                   002134 RLA    
__ctypeidx                00213F RLA    __directerrno             000D9D RLA    
__errno                   003223 RLA    __fdesc                   000DA6 RLA    
__filetab                 00224A RLA    __filetype                0022D2 RLA    
__fopen                   000DC3 RLA    __heapend                 00226C RLA    
__heapfirst               00226E RLA    __heapmemavail            000E3E RLA    
__heapptr                 00226A RLA    __hextab                  002110 RLA    
__longminstr              002120 RLA    __mappederrno             000E8C RLA    
__oserror                 0031DF RLA    __osmaperrno              001A52 RLA    
__printf                  000F8E RLA    __seterrno                001240 RLA    
__sys                     001249 RLA    _bgcolor                  0013A8 RLA    
_cbm_k_bsout              00FFD2 RLA    _cclearxy                 0012D0 RLA    
_cgetc                    0012E5 RLA    _close                    00134C RLA    
_clrscr                   001384 RLA    _command_menu             0008B7 RLA    
_cprintf                  0013CB RLA    _cputc                    0013FA RLA    
_cputcxy                  0013F5 RLA    _cputsxy                  001457 RLA    
_fclose                   00158C RLA    _fopen                    001663 RLA    
_fread                    00167B RLA    _fwrite                   00174E RLA    
_gamestate_load           000C16 RLA    _gamestate_nextTurn       000BD0 RLA    
_gamestate_save           000BE2 RLA    _gotox                    0017C9 RLA    
_gotoxy                   0017D2 RLA    _gotoy                    0017DE RLA    
_kbhit                    001838 RLA    _ltoa                     00189A RLA    
_main                     00082E RLA    _menu_draw                000C4F RLA    
_missions_view            000D93 RLA    _open                     0019A8 RLA    
_player_login             000D95 RLA    _player_register          000D94 RLA    
_printf                   001A80 RLA    _read                     001B04 RLA    
_set_PET_font             000A12 RLA    _ship_travel              000D9A RLA    
_shipyard_upgrade         000D9B RLA    _starport_trade           000D9C RLA    
_stdout                   002264 RLA    _strlen                   001BC2 RLA    
_strlower                 001BD8 RLA    _textcolor                001395 RLA    
_ultoa                    0018D9 RLA    _vcprintf                 001CA7 RLA    
_vfprintf                 001D0E RLA    _wherex                   001D37 RLA    
_wherey                   001D3D RLA    _write                    001D43 RLA    
addeq0sp                  00128D RLA    addeqysp                  00128F RLA    
addysp                    00129F RLA    axlong                    0012AC RLA    
axulong                   0012B2 RLA    callmain                  0012B9 RLA    
closeallfiles             001994  LAI   closecmdchannel           0014FE RLA    
cputdirect                00140D RLA    ctypemaskdirect           00147E RLA    
cursor                    0031DC RLA    curunit                   0022E8 RLA    
decsp1                    001498 RLA    decsp2                    0014A1 RLA    
decsp4                    0014AE RLA    decsp6                    0014BB RLA    
donelib                   0013BF RLA    fdtab                     00229E RLA    
fnaddmode                 00164B RLA    fncmd                     0022AE RLA    
fncomplete                001643 RLA    fnisfile                  003227 RLA    
fnlen                     003226 RLA    fnparse                   0015D7 RLA    
fnset                     001639 RLA    fnunit                    003225 RLA    
freefd                    0015AE RLA    gotoxy                    0017CF RLA    
incsp1                    001812 RLA    incsp2                    001820 RLA    
incsp4                    00182E RLA    incsp6                    001833 RLA    
initcurunit               002320  LAI   initheap                  0022E9  LAI   
initlib                   0022F9 RLA    initstdin                 00232E  LAI   
initstdout                00233A  LAI   jmpvec                    0022D3 RLA    
ldax0sp                   00183D RLA    ldaxysp                   00183F RLA    
mul8x16                   00195C RLA    mul8x16a                  001966 RLA    
negeax                    001846 RLA    opencmdchannel            0014D1 RLA    
plot                      001426 RLA    popa                      001A68 RLA    
popax                     001819 RLA    popptr1                   001A72 RLA    
ptr1                      00002A RLZ    ptr2                      00002C RLZ    
ptr3                      00002E RLZ    ptr4                      000030 RLZ    
push1                     001AB3 RLA    pusha                     001ABC RLA    
pusha0                    001AD0 RLA    pushax                    001AD2 RLA    
pusheax                   00186B RLA    pushw0sp                  001AE8 RLA    
pushwysp                  001AEA RLA    readdiskerror             001519 RLA    
regbank                   000036 RLZ    return0                   001B80 RLA    
rwcommon                  001B84 RLA    scratch                   001B9E RLA    
sp                        000022 RLZ    sreg                      000024 RLZ    
stax0sp                   001BB7 RLA    staxysp                   001BB9 RLA    
tmp1                      000032 RLZ    tmp2                      000033 RLZ    
tmp3                      000034 RLZ    tosicmp                   0017E6 RLA    
tosudivax                 001C01 RLA    tosumoda0                 001C4E RLA    
tosumulax                 001915 RLA    udiv16                    001C10 RLA    
unittab                   0022A6 RLA    updatedevnum              00165C  LAI   
writefndiskcmd            001551 RLA    zerobss                   001D95 RLA    



Exports list by value:
----------------------
__LOADADDR__              000001 REA    __EXEHDR__                000001 REA    
__STARTUP__               000001 REA    __DESTRUCTOR_COUNT__      000002 REA    
__CONSTRUCTOR_COUNT__     000004 REA    sp                        000022 RLZ    
sreg                      000024 RLZ    ptr1                      00002A RLZ    
ptr2                      00002C RLZ    ptr3                      00002E RLZ    
ptr4                      000030 RLZ    tmp1                      000032 RLZ    
tmp2                      000033 RLZ    tmp3                      000034 RLZ    
regbank                   000036 RLZ    __STACKSIZE__             000800 REA    
__MAIN_START__            00080D RLA    __HEADER_LAST__           00080D RLA    
_main                     00082E RLA    _command_menu             0008B7 RLA    
_set_PET_font             000A12 RLA    _gamestate_nextTurn       000BD0 RLA    
_gamestate_save           000BE2 RLA    _gamestate_load           000C16 RLA    
_menu_draw                000C4F RLA    _missions_view            000D93 RLA    
_player_register          000D94 RLA    _player_login             000D95 RLA    
_ship_travel              000D9A RLA    _shipyard_upgrade         000D9B RLA    
_starport_trade           000D9C RLA    __directerrno             000D9D RLA    
__fdesc                   000DA6 RLA    __fopen                   000DC3 RLA    
__heapmemavail            000E3E RLA    __mappederrno             000E8C RLA    
__BSS_SIZE__              000F46 REA    __printf                  000F8E RLA    
__seterrno                001240 RLA    __sys                     001249 RLA    
addeq0sp                  00128D RLA    addeqysp                  00128F RLA    
addysp                    00129F RLA    axlong                    0012AC RLA    
axulong                   0012B2 RLA    callmain                  0012B9 RLA    
_cclearxy                 0012D0 RLA    _cgetc                    0012E5 RLA    
_close                    00134C RLA    _clrscr                   001384 RLA    
_textcolor                001395 RLA    _bgcolor                  0013A8 RLA    
donelib                   0013BF RLA    _cprintf                  0013CB RLA    
_cputcxy                  0013F5 RLA    _cputc                    0013FA RLA    
cputdirect                00140D RLA    plot                      001426 RLA    
_cputsxy                  001457 RLA    ctypemaskdirect           00147E RLA    
decsp1                    001498 RLA    decsp2                    0014A1 RLA    
decsp4                    0014AE RLA    decsp6                    0014BB RLA    
opencmdchannel            0014D1 RLA    closecmdchannel           0014FE RLA    
readdiskerror             001519 RLA    writefndiskcmd            001551 RLA    
_fclose                   00158C RLA    freefd                    0015AE RLA    
fnparse                   0015D7 RLA    fnset                     001639 RLA    
fncomplete                001643 RLA    fnaddmode                 00164B RLA    
updatedevnum              00165C  LAI   _fopen                    001663 RLA    
_fread                    00167B RLA    _fwrite                   00174E RLA    
_gotox                    0017C9 RLA    gotoxy                    0017CF RLA    
_gotoxy                   0017D2 RLA    _gotoy                    0017DE RLA    
tosicmp                   0017E6 RLA    incsp1                    001812 RLA    
popax                     001819 RLA    incsp2                    001820 RLA    
incsp4                    00182E RLA    incsp6                    001833 RLA    
_kbhit                    001838 RLA    ldax0sp                   00183D RLA    
ldaxysp                   00183F RLA    negeax                    001846 RLA    
pusheax                   00186B RLA    _ltoa                     00189A RLA    
_ultoa                    0018D9 RLA    tosumulax                 001915 RLA    
mul8x16                   00195C RLA    mul8x16a                  001966 RLA    
closeallfiles             001994  LAI   _open                     0019A8 RLA    
__osmaperrno              001A52 RLA    popa                      001A68 RLA    
popptr1                   001A72 RLA    _printf                   001A80 RLA    
push1                     001AB3 RLA    pusha                     001ABC RLA    
pusha0                    001AD0 RLA    pushax                    001AD2 RLA    
pushw0sp                  001AE8 RLA    pushwysp                  001AEA RLA    
_read                     001B04 RLA    return0                   001B80 RLA    
rwcommon                  001B84 RLA    scratch                   001B9E RLA    
stax0sp                   001BB7 RLA    staxysp                   001BB9 RLA    
_strlen                   001BC2 RLA    _strlower                 001BD8 RLA    
tosudivax                 001C01 RLA    udiv16                    001C10 RLA    
tosumoda0                 001C4E RLA    _vcprintf                 001CA7 RLA    
_vfprintf                 001D0E RLA    _wherex                   001D37 RLA    
_wherey                   001D3D RLA    _write                    001D43 RLA    
zerobss                   001D95 RLA    __hextab                  002110 RLA    
__longminstr              002120 RLA    __ctype                   002134 RLA    
__ctypeidx                00213F RLA    __DESTRUCTOR_TABLE__      002219 RLA    
__filetab                 00224A RLA    _stdout                   002264 RLA    
__heapptr                 00226A RLA    __heapend                 00226C RLA    
__heapfirst               00226E RLA    fdtab                     00229E RLA    
unittab                   0022A6 RLA    fncmd                     0022AE RLA    
__filetype                0022D2 RLA    jmpvec                    0022D3 RLA    
curunit                   0022E8 RLA    initheap                  0022E9  LAI   
__BSS_RUN__               0022E9 RLA    __ONCE_RUN__              0022E9 RLA    
initlib                   0022F9 RLA    initcurunit               002320  LAI   
initstdin                 00232E  LAI   initstdout                00233A  LAI   
__CONSTRUCTOR_TABLE__     00234B RLA    cursor                    0031DC RLA    
__oserror                 0031DF RLA    __errno                   003223 RLA    
fnunit                    003225 RLA    fnlen                     003226 RLA    
fnisfile                  003227 RLA    __MAIN_SIZE__             0096F3 REA    
__HIMEM__                 009F00 REA    KBDBUF_PEEK               00FEBD RLA    
READST                    00FFB7 RLA    SETLFS                    00FFBA RLA    
SETNAM                    00FFBD RLA    OPEN                      00FFC0 RLA    
CLOSE                     00FFC3 RLA    CHKIN                     00FFC6 RLA    
CKOUT                     00FFC9 RLA    CLRCH                     00FFCC RLA    
BASIN                     00FFCF RLA    _cbm_k_bsout              00FFD2 RLA    
CHROUT                    00FFD2 RLA    BSOUT                     00FFD2 RLA    
GETIN                     00FFE4 RLA    PLOT                      00FFF0 RLA    



Imports list:
-------------
BASIN (kernal.o):
    diskcmd.o                 cbm/cbm.inc:47
    read.o                    cbm/cbm.inc:47
BSOUT (kernal.o):
    diskcmd.o                 cbm/cbm.inc:49
    write.o                   cbm/cbm.inc:49
    read.o                    cbm/cbm.inc:49
    c_bsout.o                 cbm/cbm.inc:49
CHKIN (kernal.o):
    diskcmd.o                 cbm/cbm.inc:44
    read.o                    cbm/cbm.inc:44
CHROUT (kernal.o):
    crt0.o                    cx16/crt0.s:10
    clrscr.o                  cx16/clrscr.s:10
    c_bsout.o                 cbm/cbm.inc:50
CKOUT (kernal.o):
    diskcmd.o                 cbm/cbm.inc:45
    write.o                   cbm/cbm.inc:45
CLOSE (kernal.o):
    open.o                    cbm/cbm.inc:36
    diskcmd.o                 cbm/cbm.inc:36
    close.o                   cbm/cbm.inc:36
CLRCH (kernal.o):
    diskcmd.o                 cbm/cbm.inc:46
    write.o                   cbm/cbm.inc:46
    read.o                    cbm/cbm.inc:46
GETIN (kernal.o):
    cgetc.o                   cx16/cgetc.s:10
KBDBUF_PEEK (kernal.o):
    kbhit.o                   cx16/kbhit.s:10
OPEN (kernal.o):
    open.o                    cbm/cbm.inc:35
    diskcmd.o                 cbm/cbm.inc:35
    write.o                   cbm/cbm.inc:35
    read.o                    cbm/cbm.inc:35
PLOT (kernal.o):
    cputc.o                   cx16/cputc.s:11
READST (kernal.o):
    write.o                   cbm/cbm.inc:32
    read.o                    cbm/cbm.inc:32
SETLFS (kernal.o):
    open.o                    cbm/cbm.inc:33
    diskcmd.o                 cbm/cbm.inc:33
    write.o                   cbm/cbm.inc:33
    read.o                    cbm/cbm.inc:33
SETNAM (kernal.o):
    filename.o                cbm/cbm.inc:34
    diskcmd.o                 cbm/cbm.inc:34
__BSS_RUN__ ([linker generated]):
    _heap.o                   common/_heap.s:8
    zerobss.o                 common/zerobss.s:8
__BSS_SIZE__ ([linker generated]):
    _heap.o                   common/_heap.s:8
    zerobss.o                 common/zerobss.s:8
__CONSTRUCTOR_COUNT__ ([linker generated]):
    condes.o                  runtime/condes.s:18
__CONSTRUCTOR_TABLE__ ([linker generated]):
    condes.o                  runtime/condes.s:18
__DESTRUCTOR_COUNT__ ([linker generated]):
    condes.o                  runtime/condes.s:19
__DESTRUCTOR_TABLE__ ([linker generated]):
    condes.o                  runtime/condes.s:19
__EXEHDR__ (exehdr.o):
    [linker generated]        /Users/rje/git/cc65/cfg/cx16.cfg:6
__HEADER_LAST__ ([linker generated]):
    [linker generated]        /Users/rje/git/cc65/cfg/cx16.cfg:14
    [linker generated]        /Users/rje/git/cc65/cfg/cx16.cfg:14
__HIMEM__ ([linker generated]):
    [linker generated]        /Users/rje/git/cc65/cfg/cx16.cfg:15
    [linker generated]        /Users/rje/git/cc65/cfg/cx16.cfg:14
__LOADADDR__ (loadaddr.o):
    [linker generated]        /Users/rje/git/cc65/cfg/cx16.cfg:5
__MAIN_SIZE__ ([linker generated]):
    crt0.o                    cx16/crt0.s:11
__MAIN_START__ ([linker generated]):
    crt0.o                    cx16/crt0.s:11
__ONCE_RUN__ ([linker generated]):
    [linker generated]        /Users/rje/git/cc65/cfg/cx16.cfg:15
    [linker generated]        /Users/rje/git/cc65/cfg/cx16.cfg:15
__STACKSIZE__ ([linker generated]):
    _heap.o                   common/_heap.s:8
    [linker generated]        /Users/rje/git/cc65/cfg/cx16.cfg:15
__STARTUP__ (crt0.o):
    main.o                    main.s:13
__ctype (ctype.o):
    ctypemask.o               common/ctypemask.s:23
__ctypeidx (ctype.o):
    ctypemask.o               common/ctypemask.s:24
__directerrno (_directerrno.o):
    open.o                    /Users/rje/git/cc65/asminc/errno.inc:10
    close.o                   /Users/rje/git/cc65/asminc/errno.inc:10
    write.o                   /Users/rje/git/cc65/asminc/errno.inc:10
    read.o                    /Users/rje/git/cc65/asminc/errno.inc:10
__errno (errno.o):
    _seterrno.o               /Users/rje/git/cc65/asminc/errno.inc:7
__fdesc (_fdesc.o):
    fopen.o                   common/fopen.s:10
__filetab (_file.o):
    _fdesc.o                  /Users/rje/git/cc65/asminc/_file.inc:25
__filetype (filetype.o):
    filename.o                cbm/filename.s:11
__fopen (_fopen.o):
    fopen.o                   common/fopen.s:10
__heapend (_heap.o):
    _heapmemavail.o           /Users/rje/git/cc65/asminc/_heap.inc:33
__heapfirst (_heap.o):
    _heapmemavail.o           /Users/rje/git/cc65/asminc/_heap.inc:34
__heapmemavail (_heapmemavail.o):
    main.o                    main.s:15
__heapptr (_heap.o):
    _heapmemavail.o           /Users/rje/git/cc65/asminc/_heap.inc:32
__hextab (_hextab.o):
    ltoa.o                    common/ltoa.s:10
__longminstr (_longminstr.o):
    ltoa.o                    common/ltoa.s:10
__mappederrno (_mappederrno.o):
    open.o                    /Users/rje/git/cc65/asminc/errno.inc:10
    close.o                   /Users/rje/git/cc65/asminc/errno.inc:10
    write.o                   /Users/rje/git/cc65/asminc/errno.inc:10
    read.o                    /Users/rje/git/cc65/asminc/errno.inc:10
__oserror (_oserror.o):
    open.o                    /Users/rje/git/cc65/asminc/errno.inc:7
    _mappederrno.o            /Users/rje/git/cc65/asminc/errno.inc:7
    _directerrno.o            /Users/rje/git/cc65/asminc/errno.inc:7
    write.o                   /Users/rje/git/cc65/asminc/errno.inc:7
    read.o                    /Users/rje/git/cc65/asminc/errno.inc:7
__osmaperrno (oserror.o):
    _mappederrno.o            /Users/rje/git/cc65/asminc/errno.inc:8
__printf (_printf.o):
    vfprintf.o                common/vfprintf.s:10
    vcprintf.o                conio/vcprintf.s:9
__seterrno (_seterrno.o):
    _mappederrno.o            /Users/rje/git/cc65/asminc/errno.inc:9
    _fopen.o                  /Users/rje/git/cc65/asminc/errno.inc:9
    _directerrno.o            /Users/rje/git/cc65/asminc/errno.inc:9
    fwrite.o                  /Users/rje/git/cc65/asminc/errno.inc:9
    fread.o                   /Users/rje/git/cc65/asminc/errno.inc:9
    fopen.o                   /Users/rje/git/cc65/asminc/errno.inc:9
    fclose.o                  /Users/rje/git/cc65/asminc/errno.inc:9
__sys (_sys.o):
    common.o                  common.s:13
_bgcolor (color.o):
    common.o                  common.s:22
_cbm_k_bsout (c_bsout.o):
    common.o                  common.s:14
_cclearxy (cclear.o):
    common.o                  common.s:23
_cgetc (cgetc.o):
    common.o                  common.s:20
    command_menu.o            command_menu.s:16
    main.o                    main.s:19
_close (close.o):
    open.o                    cbm/open.s:14
    fclose.o                  common/fclose.s:10
_clrscr (clrscr.o):
    common.o                  common.s:15
    command_menu.o            command_menu.s:14
    main.o                    main.s:16
_command_menu (command_menu.o):
    main.o                    main.s:24
_cprintf (cprintf.o):
    common.o                  common.s:19
_cputc (cputc.o):
    vcprintf.o                conio/vcprintf.s:9
    cputs.o                   conio/cputs.s:9
    command_menu.o            command_menu.s:15
_cputcxy (cputc.o):
    menu.o                    menu.s:15
_cputsxy (cputs.o):
    menu.o                    menu.s:16
    common.o                  common.s:18
    main.o                    main.s:18
_fclose (fclose.o):
    gamestate.o               gamestate.s:13
_fopen (fopen.o):
    gamestate.o               gamestate.s:14
_fread (fread.o):
    gamestate.o               gamestate.s:15
_fwrite (fwrite.o):
    vfprintf.o                common/vfprintf.s:10
    gamestate.o               gamestate.s:16
_gamestate_load (gamestate.o):
    main.o                    main.s:23
_gamestate_nextTurn (gamestate.o):
    command_menu.o            command_menu.s:18
_gamestate_save (gamestate.o):
    command_menu.o            command_menu.s:19
_gotox (gotox.o):
    main.o                    main.s:17
_gotoxy (gotoxy.o):
    common.o                  common.s:17
_gotoy (gotoy.o):
    common.o                  common.s:16
_kbhit (kbhit.o):
    cgetc.o                   cx16/cgetc.s:10
_ltoa (ltoa.o):
    _printf.o                 common/_printf.s:12
_main (main.o):
    callmain.o                runtime/callmain.s:11
_menu_draw (menu.o):
    main.o                    main.s:25
_missions_view (missions.o):
    command_menu.o            command_menu.s:23
_open (open.o):
    _fopen.o                  common/_fopen.s:10
_player_login (player.o):
    main.o                    main.s:22
_player_register (player.o):
    main.o                    main.s:21
_printf (printf.o):
    command_menu.o            command_menu.s:13
    main.o                    main.s:14
_read (read.o):
    fread.o                   common/fread.s:10
_set_PET_font (common.o):
    main.o                    main.s:20
_ship_travel (ship.o):
    command_menu.o            command_menu.s:21
_shipyard_upgrade (shipyard.o):
    command_menu.o            command_menu.s:22
_starport_trade (starport.o):
    command_menu.o            command_menu.s:20
_stdout (_file.o):
    printf.o                  common/printf.s:8
_strlen (strlen.o):
    _printf.o                 common/_printf.s:13
_strlower (strlower.o):
    _printf.o                 common/_printf.s:13
_textcolor (color.o):
    common.o                  common.s:21
_ultoa (ltoa.o):
    _printf.o                 common/_printf.s:12
_vcprintf (vcprintf.o):
    cprintf.o                 conio/cprintf.s:8
_vfprintf (vfprintf.o):
    printf.o                  common/printf.s:8
_wherex (wherex.o):
    menu.o                    menu.s:13
_wherey (wherey.o):
    menu.o                    menu.s:14
_write (write.o):
    fwrite.o                  common/fwrite.s:10
addeq0sp (addeqsp.o):
    common.o                  common.s:395
addeqysp (addeqsp.o):
    menu.o                    menu.s:179
addysp (addysp.o):
    open.o                    cbm/open.s:10
    printf.o                  common/printf.s:8
    incsp6.o                  runtime/incsp6.s:8
    incsp4.o                  runtime/incsp4.s:8
    fwrite.o                  common/fwrite.s:11
    cprintf.o                 conio/cprintf.s:8
    menu.o                    menu.s:179
axlong (axlong.o):
    _printf.o                 common/_printf.s:11
axulong (axlong.o):
    _printf.o                 common/_printf.s:11
callmain (callmain.o):
    crt0.o                    cx16/crt0.s:9
closecmdchannel (diskcmd.o):
    scratch.o                 cbm/scratch.s:8
    open.o                    cbm/open.s:12
    close.o                   cbm/close.s:9
cputdirect (cputc.o):
    cclear.o                  cbm/cclear.s:9
ctypemaskdirect (ctypemask.o):
    strlower.o                common/strlower.s:14
cursor (_cursor.o):
    cgetc.o                   cx16/cgetc.s:10
curunit (filevars.o):
    filename.o                cbm/filename.s:11
decsp1 (decsp1.o):
    main.o                    main.s:112
decsp2 (decsp2.o):
    common.o                  common.s:395
    command_menu.o            command_menu.s:229
decsp4 (decsp4.o):
    lpush.o                   runtime/lpush.s:12
    menu.o                    menu.s:179
decsp6 (decsp6.o):
    _printf.o                 common/_printf.s:11
    common.o                  common.s:395
    common.o                  common.s:395
donelib (condes.o):
    crt0.o                    cx16/crt0.s:8
fdtab (filedes.o):
    open.o                    cbm/filedes.inc:7
    close.o                   cbm/filedes.inc:7
    write.o                   cbm/filedes.inc:7
    read.o                    cbm/filedes.inc:7
fnaddmode (filename.o):
    open.o                    cbm/open.s:11
fncmd (filename.o):
    scratch.o                 cbm/scratch.s:9
    diskcmd.o                 cbm/diskcmd.s:14
fncomplete (filename.o):
    open.o                    cbm/open.s:11
fnisfile (filename.o):
    open.o                    cbm/open.s:13
fnlen (filename.o):
    diskcmd.o                 cbm/diskcmd.s:14
fnparse (filename.o):
    open.o                    cbm/open.s:11
fnset (filename.o):
    open.o                    cbm/open.s:11
fnunit (filename.o):
    scratch.o                 cbm/scratch.s:9
    open.o                    cbm/open.s:13
    diskcmd.o                 cbm/diskcmd.s:14
freefd (filedes.o):
    open.o                    cbm/filedes.inc:9
gotoxy (gotoxy.o):
    cputs.o                   conio/cputs.s:9
    cputc.o                   cx16/cputc.s:11
    cclear.o                  cbm/cclear.s:9
incsp1 (incsp1.o):
    main.o                    main.s:112
incsp2 (incsp2.o):
    popptr1.o                 runtime/popptr1.s:8
    command_menu.o            command_menu.s:229
incsp4 (incsp4.o):
    _fopen.o                  common/_fopen.s:11
    fread.o                   common/fread.s:12
    gamestate.o               gamestate.s:136
    gamestate.o               gamestate.s:136
    common.o                  common.s:395
incsp6 (incsp6.o):
    vfprintf.o                common/vfprintf.s:9
    fwrite.o                  common/fwrite.s:11
    fread.o                   common/fread.s:12
    common.o                  common.s:395
    common.o                  common.s:395
    common.o                  common.s:395
initlib (condes.o):
    crt0.o                    cx16/crt0.s:8
jmpvec (jmpvec.o):
    _sys.o                    common/_sys.s:8
ldax0sp (ldaxsp.o):
    fread.o                   common/fread.s:13
    menu.o                    menu.s:179
    gamestate.o               gamestate.s:136
    gamestate.o               gamestate.s:136
    common.o                  common.s:395
ldaxysp (ldaxsp.o):
    fwrite.o                  common/fwrite.s:11
    fread.o                   common/fread.s:13
    menu.o                    menu.s:179
    gamestate.o               gamestate.s:136
    gamestate.o               gamestate.s:136
mul8x16 (mul8.o):
    mul.o                     runtime/mul.s:8
mul8x16a (mul8.o):
    mul.o                     runtime/mul.s:8
negeax (lneg.o):
    ltoa.o                    common/ltoa.s:9
opencmdchannel (diskcmd.o):
    scratch.o                 cbm/scratch.s:8
    open.o                    cbm/open.s:12
plot (cputc.o):
    gotoy.o                   cx16/gotoy.s:9
    gotoxy.o                  cx16/gotoxy.s:9
    gotox.o                   cx16/gotox.s:9
popa (popa.o):
    gotoxy.o                  cx16/gotoxy.s:9
popax (incsp2.o):
    open.o                    cbm/open.s:10
    ltoa.o                    common/ltoa.s:9
    _printf.o                 common/_printf.s:11
    vcprintf.o                conio/vcprintf.s:8
    rwcommon.o                cbm/rwcommon.s:9
popptr1 (popptr1.o):
    ltoa.o                    common/ltoa.s:9
    vcprintf.o                conio/vcprintf.s:8
    umod.o                    runtime/umod.s:8
    udiv.o                    runtime/udiv.s:9
    rwcommon.o                cbm/rwcommon.s:9
    mul8.o                    runtime/mul8.s:9
    mul.o                     runtime/mul.s:9
ptr1 (zeropage.o):
    strlower.o                common/strlower.s:13
    ltoa.o                    common/ltoa.s:11
    filename.o                cbm/filename.s:12
    diskcmd.o                 cbm/diskcmd.s:15
    _printf.o                 /Users/rje/git/cc65/asminc/zeropage.inc:12
    _fopen.o                  common/_fopen.s:12
    zerobss.o                 common/zerobss.s:9
    write.o                   cbm/write.s:11
    vfprintf.o                common/vfprintf.s:11
    vcprintf.o                conio/vcprintf.s:10
    udiv.o                    runtime/udiv.s:10
    read.o                    cbm/read.s:13
    printf.o                  common/printf.s:9
    popptr1.o                 runtime/popptr1.s:9
    mul8.o                    runtime/mul8.s:10
    mul.o                     runtime/mul.s:10
    fwrite.o                  common/fwrite.s:14
    fread.o                   common/fread.s:17
    fclose.o                  common/fclose.s:11
    cputs.o                   conio/cputs.s:10
    cprintf.o                 conio/cprintf.s:9
    _sys.o                    common/_sys.s:9
    _heapmemavail.o           common/_heapmemavail.s:10
    common.o                  common.s:11
ptr2 (zeropage.o):
    strlower.o                common/strlower.s:13
    strlen.o                  common/strlen.s:12
    ltoa.o                    common/ltoa.s:11
    _printf.o                 /Users/rje/git/cc65/asminc/zeropage.inc:12
    write.o                   cbm/write.s:11
    vcprintf.o                conio/vcprintf.s:10
    rwcommon.o                cbm/rwcommon.s:10
    read.o                    cbm/read.s:13
    _heapmemavail.o           common/_heapmemavail.s:10
ptr3 (zeropage.o):
    ltoa.o                    common/ltoa.s:11
    write.o                   cbm/write.s:11
    vcprintf.o                conio/vcprintf.s:10
    rwcommon.o                cbm/rwcommon.s:10
    read.o                    cbm/read.s:13
ptr4 (zeropage.o):
    umod.o                    runtime/umod.s:9
    udiv.o                    runtime/udiv.s:10
    mul8.o                    runtime/mul8.s:10
    mul.o                     runtime/mul.s:10
push1 (push1.o):
    _printf.o                 common/_printf.s:11
    vfprintf.o                common/vfprintf.s:9
pusha (pusha.o):
    menu.o                    menu.s:179
    common.o                  common.s:395
    common.o                  common.s:395
    main.o                    main.s:112
pusha0 (pushax.o):
    push1.o                   runtime/push1.s:8
    fread.o                   common/fread.s:11
    gamestate.o               gamestate.s:136
    gamestate.o               gamestate.s:136
    gamestate.o               gamestate.s:136
    common.o                  common.s:395
    command_menu.o            command_menu.s:229
pushax (pushax.o):
    callmain.o                runtime/callmain.s:11
    _printf.o                 common/_printf.s:11
    vcprintf.o                conio/vcprintf.s:8
    printf.o                  common/printf.s:8
    fwrite.o                  common/fwrite.s:11
    fread.o                   common/fread.s:11
    fopen.o                   common/fopen.s:11
    cprintf.o                 conio/cprintf.s:8
    menu.o                    menu.s:179
    gamestate.o               gamestate.s:136
    gamestate.o               gamestate.s:136
    common.o                  common.s:395
    command_menu.o            command_menu.s:229
    command_menu.o            command_menu.s:229
    main.o                    main.s:112
pusheax (lpush.o):
    _printf.o                 common/_printf.s:11
pushw0sp (pushwsp.o):
    gamestate.o               gamestate.s:136
    gamestate.o               gamestate.s:136
pushwysp (pushwsp.o):
    vfprintf.o                common/vfprintf.s:9
    fwrite.o                  common/fwrite.s:11
    fread.o                   common/fread.s:14
    menu.o                    menu.s:179
    common.o                  common.s:395
readdiskerror (diskcmd.o):
    open.o                    cbm/open.s:12
    close.o                   cbm/close.s:9
regbank (zeropage.o):
    _printf.o                 /Users/rje/git/cc65/asminc/zeropage.inc:14
    fread.o                   common/fread.s:31
return0 (return0.o):
    _fopen.o                  common/_fopen.s:11
    _fdesc.o                  common/_fdesc.s:9
rwcommon (rwcommon.o):
    write.o                   cbm/write.s:10
    read.o                    cbm/read.s:11
scratch (scratch.o):
    open.o                    cbm/open.s:11
sp (zeropage.o):
    lpush.o                   runtime/lpush.s:13
    _printf.o                 /Users/rje/git/cc65/asminc/zeropage.inc:11
    _heap.o                   common/_heap.s:9
    _fopen.o                  common/_fopen.s:12
    vfprintf.o                common/vfprintf.s:11
    vcprintf.o                conio/vcprintf.s:10
    staxsp.o                  runtime/staxsp.s:8
    pushwsp.o                 runtime/pushwsp.s:8
    pushax.o                  runtime/pushax.s:8
    pusha.o                   runtime/pusha.s:8
    printf.o                  common/printf.s:9
    popptr1.o                 runtime/popptr1.s:9
    popa.o                    runtime/popa.s:8
    ldaxsp.o                  runtime/ldaxsp.s:8
    incsp2.o                  runtime/incsp2.s:8
    incsp1.o                  runtime/incsp1.s:8
    icmp.o                    runtime/icmp.s:9
    fread.o                   common/fread.s:17
    decsp6.o                  runtime/decsp6.s:8
    decsp4.o                  runtime/decsp4.s:8
    decsp2.o                  runtime/decsp2.s:8
    decsp1.o                  runtime/decsp1.s:8
    crt0.o                    /Users/rje/git/cc65/asminc/zeropage.inc:11
    cprintf.o                 conio/cprintf.s:9
    addysp.o                  runtime/addysp.s:8
    addeqsp.o                 runtime/addeqsp.s:8
    menu.o                    menu.s:10
    common.o                  common.s:10
    command_menu.o            command_menu.s:10
    main.o                    main.s:10
sreg (zeropage.o):
    lneg.o                    runtime/lneg.s:11
    ltoa.o                    common/ltoa.s:11
    lpush.o                   runtime/lpush.s:13
    axlong.o                  runtime/axlong.s:9
    _printf.o                 /Users/rje/git/cc65/asminc/zeropage.inc:11
    umod.o                    runtime/umod.s:9
    udiv.o                    runtime/udiv.s:10
    icmp.o                    runtime/icmp.s:9
stax0sp (staxsp.o):
    common.o                  common.s:395
staxysp (staxsp.o):
    menu.o                    menu.s:179
    common.o                  common.s:395
    common.o                  common.s:395
tmp1 (zeropage.o):
    ltoa.o                    common/ltoa.s:11
    filename.o                cbm/filename.s:12
    diskcmd.o                 cbm/diskcmd.s:15
    _printf.o                 /Users/rje/git/cc65/asminc/zeropage.inc:13
    vcprintf.o                conio/vcprintf.s:10
    read.o                    cbm/read.s:13
    mul.o                     runtime/mul.s:10
    cputs.o                   conio/cputs.s:10
    color.o                   cx16/color.s:11
    cclear.o                  cbm/cclear.s:10
tmp2 (zeropage.o):
    open.o                    cbm/open.s:15
    close.o                   cbm/close.s:10
    rwcommon.o                cbm/rwcommon.s:10
    read.o                    cbm/read.s:13
tmp3 (zeropage.o):
    open.o                    cbm/open.s:15
    read.o                    cbm/read.s:13
tosicmp (icmp.o):
    menu.o                    menu.s:179
tosudivax (udiv.o):
    fwrite.o                  common/fwrite.s:12
    fread.o                   common/fread.s:15
tosumoda0 (umod.o):
    gamestate.o               gamestate.s:136
tosumulax (mul.o):
    fwrite.o                  common/fwrite.s:12
    fread.o                   common/fread.s:15
udiv16 (udiv.o):
    umod.o                    runtime/umod.s:8
unittab (filedes.o):
    open.o                    cbm/filedes.inc:8
    close.o                   cbm/filedes.inc:8
    read.o                    cbm/filedes.inc:8
writefndiskcmd (diskcmd.o):
    scratch.o                 cbm/scratch.s:8
zerobss (zerobss.o):
    crt0.o                    cx16/crt0.s:9

