Modules list:
-------------
main.o:
    CODE              Offs=000000  Size=00009A  Align=00001  Fill=0000
    RODATA            Offs=000000  Size=000053  Align=00001  Fill=0000
    DATA              Offs=000000  Size=000048  Align=00001  Fill=0000
astrogation.o:
    CODE              Offs=00009A  Size=00046C  Align=00001  Fill=0000
    RODATA            Offs=000053  Size=000071  Align=00001  Fill=0000
command_menu.o:
    CODE              Offs=000506  Size=000118  Align=00001  Fill=0000
    RODATA            Offs=0000C4  Size=0000BF  Align=00001  Fill=0000
common.o:
    CODE              Offs=00061E  Size=00004B  Align=00001  Fill=0000
emplacement.o:
gamestate.o:
    CODE              Offs=000669  Size=00007F  Align=00001  Fill=0000
    RODATA            Offs=000183  Size=000006  Align=00001  Fill=0000
    BSS               Offs=000000  Size=000EF3  Align=00001  Fill=0000
map.o:
menu.o:
    CODE              Offs=0006E8  Size=000144  Align=00001  Fill=0000
missions.o:
    CODE              Offs=00082C  Size=000004  Align=00001  Fill=0000
player.o:
    CODE              Offs=000830  Size=000006  Align=00001  Fill=0000
ship.o:
    CODE              Offs=000836  Size=000003  Align=00001  Fill=0000
shipyard.o:
    CODE              Offs=000839  Size=000004  Align=00001  Fill=0000
starport.o:
    CODE              Offs=00083D  Size=000004  Align=00001  Fill=0000
/Users/rje/git/cc65/lib/cx16.lib(_cursor.o):
    BSS               Offs=000EF3  Size=000001  Align=00001  Fill=0000
/Users/rje/git/cc65/lib/cx16.lib(_directerrno.o):
    CODE              Offs=000841  Size=000009  Align=00001  Fill=0000
/Users/rje/git/cc65/lib/cx16.lib(_fdesc.o):
    CODE              Offs=00084A  Size=00001D  Align=00001  Fill=0000
/Users/rje/git/cc65/lib/cx16.lib(_file.o):
    DATA              Offs=000048  Size=00001E  Align=00001  Fill=0000
/Users/rje/git/cc65/lib/cx16.lib(_fopen.o):
    CODE              Offs=000867  Size=00007B  Align=00001  Fill=0000
    BSS               Offs=000EF4  Size=000002  Align=00001  Fill=0000
/Users/rje/git/cc65/lib/cx16.lib(_heap.o):
    DATA              Offs=000066  Size=00000A  Align=00001  Fill=0000
    ONCE              Offs=000000  Size=000010  Align=00001  Fill=0000
/Users/rje/git/cc65/lib/cx16.lib(_heapmemavail.o):
    CODE              Offs=0008E2  Size=00004E  Align=00001  Fill=0000
/Users/rje/git/cc65/lib/cx16.lib(_hextab.o):
    RODATA            Offs=000189  Size=000010  Align=00001  Fill=0000
/Users/rje/git/cc65/lib/cx16.lib(_longminstr.o):
    RODATA            Offs=000199  Size=00000C  Align=00001  Fill=0000
/Users/rje/git/cc65/lib/cx16.lib(_mappederrno.o):
    CODE              Offs=000930  Size=00000F  Align=00001  Fill=0000
/Users/rje/git/cc65/lib/cx16.lib(_oserror.o):
    BSS               Offs=000EF6  Size=000001  Align=00001  Fill=0000
/Users/rje/git/cc65/lib/cx16.lib(_printf.o):
    CODE              Offs=00093F  Size=0003A5  Align=00001  Fill=0000
    BSS               Offs=000EF7  Size=00002B  Align=00001  Fill=0000
    DATA              Offs=000070  Size=000003  Align=00001  Fill=0000
/Users/rje/git/cc65/lib/cx16.lib(_scanf.o):
    CODE              Offs=000CE4  Size=00075C  Align=00001  Fill=0000
    RODATA            Offs=0001A5  Size=000010  Align=00001  Fill=0000
    BSS               Offs=000F22  Size=000042  Align=00001  Fill=0000
/Users/rje/git/cc65/lib/cx16.lib(_seterrno.o):
    CODE              Offs=001440  Size=000009  Align=00001  Fill=0000
/Users/rje/git/cc65/lib/cx16.lib(_sys.o):
    CODE              Offs=001449  Size=000044  Align=00001  Fill=0000
/Users/rje/git/cc65/lib/cx16.lib(add.o):
    CODE              Offs=00148D  Size=000018  Align=00001  Fill=0000
/Users/rje/git/cc65/lib/cx16.lib(addeqsp.o):
    CODE              Offs=0014A5  Size=000011  Align=00001  Fill=0000
/Users/rje/git/cc65/lib/cx16.lib(addysp.o):
    CODE              Offs=0014B6  Size=00000E  Align=00001  Fill=0000
/Users/rje/git/cc65/lib/cx16.lib(aslax4.o):
    CODE              Offs=0014C4  Size=000011  Align=00001  Fill=0000
/Users/rje/git/cc65/lib/cx16.lib(axlong.o):
    CODE              Offs=0014D5  Size=00000D  Align=00001  Fill=0000
/Users/rje/git/cc65/lib/cx16.lib(c_bsout.o):
/Users/rje/git/cc65/lib/cx16.lib(callmain.o):
    CODE              Offs=0014E2  Size=000017  Align=00001  Fill=0000
    DATA              Offs=000073  Size=000004  Align=00001  Fill=0000
/Users/rje/git/cc65/lib/cx16.lib(cgetc.o):
    CODE              Offs=0014F9  Size=000067  Align=00001  Fill=0000
/Users/rje/git/cc65/lib/cx16.lib(close.o):
    CODE              Offs=001560  Size=000038  Align=00001  Fill=0000
/Users/rje/git/cc65/lib/cx16.lib(clrscr.o):
    CODE              Offs=001598  Size=000011  Align=00001  Fill=0000
/Users/rje/git/cc65/lib/cx16.lib(color.o):
    CODE              Offs=0015A9  Size=00002A  Align=00001  Fill=0000
/Users/rje/git/cc65/lib/cx16.lib(compl.o):
    CODE              Offs=0015D3  Size=000009  Align=00001  Fill=0000
/Users/rje/git/cc65/lib/cx16.lib(condes.o):
    CODE              Offs=0015DC  Size=00000C  Align=00001  Fill=0000
    DATA              Offs=000077  Size=000025  Align=00001  Fill=0000
    ONCE              Offs=000010  Size=00000C  Align=00001  Fill=0000
/Users/rje/git/cc65/lib/cx16.lib(cprintf.o):
    CODE              Offs=0015E8  Size=00002A  Align=00001  Fill=0000
    BSS               Offs=000F64  Size=000001  Align=00001  Fill=0000
/Users/rje/git/cc65/lib/cx16.lib(cputc.o):
    CODE              Offs=001612  Size=000062  Align=00001  Fill=0000
    RODATA            Offs=0001B5  Size=000008  Align=00001  Fill=0000
/Users/rje/git/cc65/lib/cx16.lib(cputs.o):
    CODE              Offs=001674  Size=000023  Align=00001  Fill=0000
/Users/rje/git/cc65/lib/cx16.lib(crt0.o):
    STARTUP           Offs=000000  Size=000021  Align=00001  Fill=0000
    ONCE              Offs=00001C  Size=00001B  Align=00001  Fill=0000
    INIT              Offs=000000  Size=000002  Align=00001  Fill=0000
/Users/rje/git/cc65/lib/cx16.lib(ctype.o):
    RODATA            Offs=0001BD  Size=00008B  Align=00001  Fill=0000
/Users/rje/git/cc65/lib/cx16.lib(ctypemask.o):
    CODE              Offs=001697  Size=00001E  Align=00001  Fill=0000
/Users/rje/git/cc65/lib/cx16.lib(decaxy.o):
    CODE              Offs=0016B5  Size=000009  Align=00001  Fill=0000
/Users/rje/git/cc65/lib/cx16.lib(decsp1.o):
    CODE              Offs=0016BE  Size=000009  Align=00001  Fill=0000
/Users/rje/git/cc65/lib/cx16.lib(decsp4.o):
    CODE              Offs=0016C7  Size=00000D  Align=00001  Fill=0000
/Users/rje/git/cc65/lib/cx16.lib(decsp6.o):
    CODE              Offs=0016D4  Size=00000D  Align=00001  Fill=0000
/Users/rje/git/cc65/lib/cx16.lib(diskcmd.o):
    CODE              Offs=0016E1  Size=0000C4  Align=00001  Fill=0000
    BSS               Offs=000F65  Size=000017  Align=00001  Fill=0000
/Users/rje/git/cc65/lib/cx16.lib(div.o):
    CODE              Offs=0017A5  Size=000015  Align=00001  Fill=0000
/Users/rje/git/cc65/lib/cx16.lib(errno.o):
    BSS               Offs=000F7C  Size=000002  Align=00001  Fill=0000
/Users/rje/git/cc65/lib/cx16.lib(exehdr.o):
    EXEHDR            Offs=000000  Size=00000C  Align=00001  Fill=0000
/Users/rje/git/cc65/lib/cx16.lib(fclose.o):
    CODE              Offs=0017BA  Size=000022  Align=00001  Fill=0000
/Users/rje/git/cc65/lib/cx16.lib(fgetc.o):
    CODE              Offs=0017DC  Size=000084  Align=00001  Fill=0000
/Users/rje/git/cc65/lib/cx16.lib(filedes.o):
    CODE              Offs=001860  Size=00000E  Align=00001  Fill=0000
    DATA              Offs=00009C  Size=000010  Align=00001  Fill=0000
/Users/rje/git/cc65/lib/cx16.lib(filename.o):
    CODE              Offs=00186E  Size=0000A0  Align=00001  Fill=0000
    BSS               Offs=000F7E  Size=000003  Align=00001  Fill=0000
    DATA              Offs=0000AC  Size=000024  Align=00001  Fill=0000
/Users/rje/git/cc65/lib/cx16.lib(filetype.o):
    DATA              Offs=0000D0  Size=000001  Align=00001  Fill=0000
/Users/rje/git/cc65/lib/cx16.lib(filevars.o):
    CODE              Offs=00190E  Size=000007  Align=00001  Fill=0000
    INIT              Offs=000002  Size=000001  Align=00001  Fill=0000
    ONCE              Offs=000037  Size=00000E  Align=00001  Fill=0000
/Users/rje/git/cc65/lib/cx16.lib(fmisc.o):
    CODE              Offs=001915  Size=000044  Align=00001  Fill=0000
/Users/rje/git/cc65/lib/cx16.lib(fopen.o):
    CODE              Offs=001959  Size=000018  Align=00001  Fill=0000
/Users/rje/git/cc65/lib/cx16.lib(fread.o):
    CODE              Offs=001971  Size=0000D3  Align=00001  Fill=0000
    BSS               Offs=000F81  Size=000003  Align=00001  Fill=0000
/Users/rje/git/cc65/lib/cx16.lib(fwrite.o):
    CODE              Offs=001A44  Size=00007B  Align=00001  Fill=0000
    BSS               Offs=000F84  Size=000002  Align=00001  Fill=0000
/Users/rje/git/cc65/lib/cx16.lib(gotox.o):
    CODE              Offs=001ABF  Size=000006  Align=00001  Fill=0000
/Users/rje/git/cc65/lib/cx16.lib(gotoxy.o):
    CODE              Offs=001AC5  Size=00000F  Align=00001  Fill=0000
/Users/rje/git/cc65/lib/cx16.lib(gotoy.o):
    CODE              Offs=001AD4  Size=000006  Align=00001  Fill=0000
/Users/rje/git/cc65/lib/cx16.lib(icmp.o):
    CODE              Offs=001ADA  Size=00002E  Align=00001  Fill=0000
/Users/rje/git/cc65/lib/cx16.lib(incax2.o):
    CODE              Offs=001B08  Size=000007  Align=00001  Fill=0000
/Users/rje/git/cc65/lib/cx16.lib(incsp1.o):
    CODE              Offs=001B0F  Size=000007  Align=00001  Fill=0000
/Users/rje/git/cc65/lib/cx16.lib(incsp2.o):
    CODE              Offs=001B16  Size=000015  Align=00001  Fill=0000
/Users/rje/git/cc65/lib/cx16.lib(incsp3.o):
    CODE              Offs=001B2B  Size=000005  Align=00001  Fill=0000
/Users/rje/git/cc65/lib/cx16.lib(incsp4.o):
    CODE              Offs=001B30  Size=000005  Align=00001  Fill=0000
/Users/rje/git/cc65/lib/cx16.lib(incsp6.o):
    CODE              Offs=001B35  Size=000005  Align=00001  Fill=0000
/Users/rje/git/cc65/lib/cx16.lib(incsp8.o):
    CODE              Offs=001B3A  Size=000005  Align=00001  Fill=0000
/Users/rje/git/cc65/lib/cx16.lib(isdigit.o):
    CODE              Offs=001B3F  Size=000008  Align=00001  Fill=0000
/Users/rje/git/cc65/lib/cx16.lib(isspace.o):
    CODE              Offs=001B47  Size=000008  Align=00001  Fill=0000
/Users/rje/git/cc65/lib/cx16.lib(isxdigit.o):
    CODE              Offs=001B4F  Size=000008  Align=00001  Fill=0000
/Users/rje/git/cc65/lib/cx16.lib(jmpvec.o):
    DATA              Offs=0000D1  Size=000003  Align=00001  Fill=0000
/Users/rje/git/cc65/lib/cx16.lib(kbhit.o):
    CODE              Offs=001B57  Size=000005  Align=00001  Fill=0000
/Users/rje/git/cc65/lib/cx16.lib(kernal.o):
/Users/rje/git/cc65/lib/cx16.lib(ladd.o):
    CODE              Offs=001B5C  Size=000024  Align=00001  Fill=0000
/Users/rje/git/cc65/lib/cx16.lib(ldaxi.o):
    CODE              Offs=001B80  Size=00000D  Align=00001  Fill=0000
/Users/rje/git/cc65/lib/cx16.lib(ldaxsp.o):
    CODE              Offs=001B8D  Size=000009  Align=00001  Fill=0000
/Users/rje/git/cc65/lib/cx16.lib(leaaxsp.o):
    CODE              Offs=001B96  Size=00000C  Align=00001  Fill=0000
/Users/rje/git/cc65/lib/cx16.lib(lmul.o):
    CODE              Offs=001BA2  Size=000059  Align=00001  Fill=0000
/Users/rje/git/cc65/lib/cx16.lib(lneg.o):
    CODE              Offs=001BFB  Size=00001E  Align=00001  Fill=0000
/Users/rje/git/cc65/lib/cx16.lib(loadaddr.o):
    LOADADDR          Offs=000000  Size=000002  Align=00001  Fill=0000
/Users/rje/git/cc65/lib/cx16.lib(longjmp.o):
    CODE              Offs=001C19  Size=000028  Align=00001  Fill=0000
/Users/rje/git/cc65/lib/cx16.lib(lpush.o):
    CODE              Offs=001C41  Size=00001E  Align=00001  Fill=0000
/Users/rje/git/cc65/lib/cx16.lib(ltoa.o):
    CODE              Offs=001C5F  Size=000093  Align=00001  Fill=0000
/Users/rje/git/cc65/lib/cx16.lib(makebool.o):
    CODE              Offs=001CF2  Size=00002C  Align=00001  Fill=0000
/Users/rje/git/cc65/lib/cx16.lib(mod.o):
    CODE              Offs=001D1E  Size=000011  Align=00001  Fill=0000
/Users/rje/git/cc65/lib/cx16.lib(mul.o):
    CODE              Offs=001D2F  Size=000045  Align=00001  Fill=0000
/Users/rje/git/cc65/lib/cx16.lib(mul8.o):
    CODE              Offs=001D74  Size=00003A  Align=00001  Fill=0000
/Users/rje/git/cc65/lib/cx16.lib(mulax10.o):
    CODE              Offs=001DAE  Size=000019  Align=00001  Fill=0000
/Users/rje/git/cc65/lib/cx16.lib(negabs.o):
    CODE              Offs=001DC7  Size=000012  Align=00001  Fill=0000
/Users/rje/git/cc65/lib/cx16.lib(open.o):
    CODE              Offs=001DD9  Size=0000BE  Align=00001  Fill=0000
/Users/rje/git/cc65/lib/cx16.lib(oserror.o):
    CODE              Offs=001E97  Size=000016  Align=00001  Fill=0000
    RODATA            Offs=000248  Size=00005A  Align=00001  Fill=0000
/Users/rje/git/cc65/lib/cx16.lib(popa.o):
    CODE              Offs=001EAD  Size=00000A  Align=00001  Fill=0000
/Users/rje/git/cc65/lib/cx16.lib(popptr1.o):
    CODE              Offs=001EB7  Size=00000E  Align=00001  Fill=0000
/Users/rje/git/cc65/lib/cx16.lib(printf.o):
    CODE              Offs=001EC5  Size=000033  Align=00001  Fill=0000
    BSS               Offs=000F86  Size=000001  Align=00001  Fill=0000
/Users/rje/git/cc65/lib/cx16.lib(push1.o):
    CODE              Offs=001EF8  Size=000005  Align=00001  Fill=0000
/Users/rje/git/cc65/lib/cx16.lib(pusha.o):
    CODE              Offs=001EFD  Size=000016  Align=00001  Fill=0000
/Users/rje/git/cc65/lib/cx16.lib(pushax.o):
    CODE              Offs=001F13  Size=00001A  Align=00001  Fill=0000
/Users/rje/git/cc65/lib/cx16.lib(pushwsp.o):
    CODE              Offs=001F2D  Size=00001C  Align=00001  Fill=0000
/Users/rje/git/cc65/lib/cx16.lib(read.o):
    CODE              Offs=001F49  Size=00007C  Align=00001  Fill=0000
    BSS               Offs=000F87  Size=000001  Align=00001  Fill=0000
    ONCE              Offs=000045  Size=00000C  Align=00001  Fill=0000
/Users/rje/git/cc65/lib/cx16.lib(regswap2.o):
    CODE              Offs=001FC5  Size=000016  Align=00001  Fill=0000
/Users/rje/git/cc65/lib/cx16.lib(return0.o):
    CODE              Offs=001FDB  Size=000004  Align=00001  Fill=0000
/Users/rje/git/cc65/lib/cx16.lib(rwcommon.o):
    CODE              Offs=001FDF  Size=00001A  Align=00001  Fill=0000
/Users/rje/git/cc65/lib/cx16.lib(scanf.o):
    CODE              Offs=001FF9  Size=000033  Align=00001  Fill=0000
    BSS               Offs=000F88  Size=000001  Align=00001  Fill=0000
/Users/rje/git/cc65/lib/cx16.lib(scratch.o):
    CODE              Offs=00202C  Size=000019  Align=00001  Fill=0000
/Users/rje/git/cc65/lib/cx16.lib(setjmp.o):
    CODE              Offs=002045  Size=000025  Align=00001  Fill=0000
/Users/rje/git/cc65/lib/cx16.lib(shelp.o):
    CODE              Offs=00206A  Size=000020  Align=00001  Fill=0000
/Users/rje/git/cc65/lib/cx16.lib(staxsp.o):
    CODE              Offs=00208A  Size=00000B  Align=00001  Fill=0000
/Users/rje/git/cc65/lib/cx16.lib(strlen.o):
    CODE              Offs=002095  Size=000016  Align=00001  Fill=0000
/Users/rje/git/cc65/lib/cx16.lib(strlower.o):
    CODE              Offs=0020AB  Size=000027  Align=00001  Fill=0000
/Users/rje/git/cc65/lib/cx16.lib(sub.o):
    CODE              Offs=0020D2  Size=000014  Align=00001  Fill=0000
/Users/rje/git/cc65/lib/cx16.lib(subysp.o):
    CODE              Offs=0020E6  Size=00000D  Align=00001  Fill=0000
/Users/rje/git/cc65/lib/cx16.lib(tolower.o):
    CODE              Offs=0020F3  Size=000012  Align=00001  Fill=0000
/Users/rje/git/cc65/lib/cx16.lib(udiv.o):
    CODE              Offs=002105  Size=00004F  Align=00001  Fill=0000
/Users/rje/git/cc65/lib/cx16.lib(umod.o):
    CODE              Offs=002154  Size=000011  Align=00001  Fill=0000
/Users/rje/git/cc65/lib/cx16.lib(ungetc.o):
    CODE              Offs=002165  Size=00002E  Align=00001  Fill=0000
/Users/rje/git/cc65/lib/cx16.lib(vcprintf.o):
    CODE              Offs=002193  Size=000078  Align=00001  Fill=0000
    DATA              Offs=0000D4  Size=000008  Align=00001  Fill=0000
/Users/rje/git/cc65/lib/cx16.lib(vfprintf.o):
    CODE              Offs=00220B  Size=000060  Align=00001  Fill=0000
    DATA              Offs=0000DC  Size=000008  Align=00001  Fill=0000
/Users/rje/git/cc65/lib/cx16.lib(vfscanf.o):
    CODE              Offs=00226B  Size=000033  Align=00001  Fill=0000
    DATA              Offs=0000E4  Size=000006  Align=00001  Fill=0000
/Users/rje/git/cc65/lib/cx16.lib(wherex.o):
    CODE              Offs=00229E  Size=000006  Align=00001  Fill=0000
/Users/rje/git/cc65/lib/cx16.lib(wherey.o):
    CODE              Offs=0022A4  Size=000006  Align=00001  Fill=0000
/Users/rje/git/cc65/lib/cx16.lib(write.o):
    CODE              Offs=0022AA  Size=000052  Align=00001  Fill=0000
    ONCE              Offs=000051  Size=000011  Align=00001  Fill=0000
/Users/rje/git/cc65/lib/cx16.lib(zerobss.o):
    CODE              Offs=0022FC  Size=000023  Align=00001  Fill=0000
/Users/rje/git/cc65/lib/cx16.lib(zeropage.o):
    ZEROPAGE          Offs=000000  Size=00001A  Align=00001  Fill=0000


Segment list:
-------------
Name                   Start     End    Size  Align
----------------------------------------------------
ZEROPAGE              000022  00003B  00001A  00001
LOADADDR              0007FF  000800  000002  00001
EXEHDR                000801  00080C  00000C  00001
STARTUP               00080D  00082D  000021  00001
CODE                  00082E  002B4C  00231F  00001
RODATA                002B4D  002DF2  0002A6  00001
DATA                  002DF3  002EDC  0000EA  00001
INIT                  002EDD  002EDF  000003  00001
BSS                   002EE0  003E68  000F89  00001
ONCE                  002EE0  002F49  00006A  00001


Exports list by name:
---------------------
BASIN                     00FFCF RLA    BSOUT                     00FFD2 RLA    
CHKIN                     00FFC6 RLA    CHROUT                    00FFD2 RLA    
CKOUT                     00FFC9 RLA    CLOSE                     00FFC3 RLA    
CLRCH                     00FFCC RLA    GETIN                     00FFE4 RLA    
KBDBUF_PEEK               00FEBD RLA    OPEN                      00FFC0 RLA    
PLOT                      00FFF0 RLA    READST                    00FFB7 RLA    
SETLFS                    00FFBA RLA    SETNAM                    00FFBD RLA    
__BSS_RUN__               002EE0 RLA    __BSS_SIZE__              000F89 REA    
__CONSTRUCTOR_COUNT__     000004 REA    __CONSTRUCTOR_TABLE__     002F42 RLA    
__DESTRUCTOR_COUNT__      000002 REA    __DESTRUCTOR_TABLE__      002DEF RLA    
__EXEHDR__                000001 REA    __HEADER_LAST__           00080D RLA    
__HIMEM__                 009F00 REA    __LOADADDR__              000001 REA    
__MAIN_SIZE__             0096F3 REA    __MAIN_START__            00080D RLA    
__ONCE_RUN__              002EE0 RLA    __STACKSIZE__             000800 REA    
__STARTUP__               000001 REA    __ctype                   002D0A RLA    
__ctypeidx                002D15 RLA    __directerrno             00106F RLA    
__errno                   003E5C RLA    __fdesc                   001078 RLA    
__filetab                 002E3B RLA    __filetype                002EC3 RLA    
__fopen                   001095 RLA    __heapend                 002E5D RLA    
__heapfirst               002E5F RLA    __heapmemavail            001110 RLA    
__heapptr                 002E5B RLA    __hextab                  002CD6 RLA    
__longminstr              002CE6 RLA    __mappederrno             00115E RLA    
__oserror                 003DD6 RLA    __osmaperrno              0026C5 RLA    
__printf                  001260 RLA    __scanf                   001512 RLA    
__seterrno                001C6E RLA    __setjmp                  002873 RLA    
__sys                     001C77 RLA    _abs                      0025F5 RLA    
_astrogation_menu         0009D9 RLA    _cbm_k_bsout              00FFD2 RLA    
_cgetc                    001D27 RLA    _close                    001D8E RLA    
_clrscr                   001DC6 RLA    _command_menu             000D34 RLA    
_cprintf                  001E16 RLA    _cputc                    001E45 RLA    
_cputcxy                  001E40 RLA    _cputsxy                  001EA2 RLA    
_fclose                   001FE8 RLA    _ferror                   002166 RLA    
_fgetc                    00200A RLA    _fopen                    002187 RLA    
_fread                    00219F RLA    _fwrite                   002272 RLA    
_gamestate_load           000EDD RLA    _gamestate_nextTurn       000E97 RLA    
_gamestate_save           000EA9 RLA    _gotox                    0022ED RLA    
_gotoxy                   0022F6 RLA    _gotoy                    002302 RLA    
_isdigit                  00236D RLA    _isspace                  002375 RLA    
_isxdigit                 00237D RLA    _kbhit                    002385 RLA    
_longjmp                  002447 RLA    _ltoa                     0024A5 RLA    
_main                     00082E RLA    _menu_draw                000F16 RLA    
_missions_view            00105A RLA    _open                     00261B RLA    
_playerShip               002DF3 RLA    _player_login             00105F RLA    
_player_register          00105E RLA    _printf                   0026F3 RLA    
_read                     002777 RLA    _scanf                    002827 RLA    
_set_PET_font             000E4C RLA    _ship_travel              001064 RLA    
_shipyard_upgrade         001067 RLA    _starport_trade           00106B RLA    
_stdin                    002E53 RLA    _stdout                   002E55 RLA    
_strlen                   0028C3 RLA    _strlower                 0028D9 RLA    
_textcolor                001DD7 RLA    _tolower                  002921 RLA    
_ultoa                    0024E4 RLA    _ungetc                   002993 RLA    
_vcprintf                 002A09 RLA    _vfprintf                 002A70 RLA    
_vfscanf                  002A99 RLA    _wherex                   002ACC RLA    
_wherey                   002AD2 RLA    _write                    002AD8 RLA    
addeqysp                  001CD5 RLA    addysp                    001CE5 RLA    
addysp1                   001CE4 RLA    aslax4                    001CF2 RLA    
axlong                    001D03 RLA    axulong                   001D09 RLA    
booleq                    002526 RLA    callmain                  001D10 RLA    
closeallfiles             002607  LAI   closecmdchannel           001F45 RLA    
complax                   001E01 RLA    ctypemask                 001EC5 RLA    
ctypemaskdirect           001EC9 RLA    cursor                    003DD3 RLA    
curunit                   002EDF RLA    decaxy                    001EE3 RLA    
decsp1                    001EEC RLA    decsp4                    001EF5 RLA    
decsp6                    001F02 RLA    donelib                   001E0A RLA    
fdtab                     002E8F RLA    fnaddmode                 00212B RLA    
fncmd                     002E9F RLA    fncomplete                002123 RLA    
fnisfile                  003E60 RLA    fnlen                     003E5F RLA    
fnparse                   0020B7 RLA    fnset                     002119 RLA    
fnunit                    003E5E RLA    freefd                    00208E RLA    
gotoxy                    0022F3 RLA    incax2                    002336 RLA    
incsp1                    00233D RLA    incsp2                    00234B RLA    
incsp3                    002359 RLA    incsp4                    00235E RLA    
incsp6                    002363 RLA    incsp8                    002368 RLA    
initcurunit               002F17  LAI   initheap                  002EE0  LAI   
initlib                   002EF0 RLA    initstdin                 002F25  LAI   
initstdout                002F31  LAI   jmpvec                    002EC4 RLA    
ldax0sp                   0023BB RLA    ldaxi                     0023AE RLA    
ldaxysp                   0023BD RLA    leaa0sp                   0023C4 RLA    
mul8x16                   0025A4 RLA    mul8x16a                  0025AE RLA    
mulax10                   0025DC RLA    negax                     0025F9 RLA    
negeax                    002429 RLA    opencmdchannel            001F18 RLA    
plot                      001E71 RLA    popa                      0026DB RLA    
popax                     002344 RLA    popptr1                   0026E5 RLA    
popsargsudiv16            002898 RLA    ptr1                      00002A RLZ    
ptr2                      00002C RLZ    ptr3                      00002E RLZ    
ptr4                      000030 RLZ    push1                     002726 RLA    
pusha                     00272F RLA    pusha0                    002743 RLA    
pushax                    002745 RLA    pusheax                   002476 RLA    
pushw0sp                  00275B RLA    pushwysp                  00275D RLA    
readdiskerror             001F60 RLA    regbank                   000036 RLZ    
regsave                   000026 RLZ    regswap2                  0027F3 RLA    
return0                   002809 RLA    rwcommon                  00280D RLA    
scratch                   00285A RLA    sp                        000022 RLZ    
sreg                      000024 RLZ    stax0sp                   0028B8 RLA    
staxysp                   0028BA RLA    subysp                    002914 RLA    
tmp1                      000032 RLZ    tmp2                      000033 RLZ    
tmp3                      000034 RLZ    tmp4                      000035 RLZ    
tosaddax                  001CBD RLA    tosaddeax                 002390 RLA    
tosdiva0                  001FD3 RLA    tosicmp                   00230A RLA    
tosmoda0                  00254C RLA    tosmuleax                 0023D4 RLA    
tossuba0                  002900 RLA    tosudivax                 002935 RLA    
tosumoda0                 002982 RLA    tosumulax                 00255D RLA    
udiv16                    002944 RLA    unittab                   002E97 RLA    
updatedevnum              00213C  LAI   writefndiskcmd            001F98 RLA    
zerobss                   002B2A RLA    


Exports list by value:
----------------------
__LOADADDR__              000001 REA    __STARTUP__               000001 REA    
__EXEHDR__                000001 REA    __DESTRUCTOR_COUNT__      000002 REA    
__CONSTRUCTOR_COUNT__     000004 REA    sp                        000022 RLZ    
sreg                      000024 RLZ    regsave                   000026 RLZ    
ptr1                      00002A RLZ    ptr2                      00002C RLZ    
ptr3                      00002E RLZ    ptr4                      000030 RLZ    
tmp1                      000032 RLZ    tmp2                      000033 RLZ    
tmp3                      000034 RLZ    tmp4                      000035 RLZ    
regbank                   000036 RLZ    __STACKSIZE__             000800 REA    
__HEADER_LAST__           00080D RLA    __MAIN_START__            00080D RLA    
_main                     00082E RLA    _astrogation_menu         0009D9 RLA    
_command_menu             000D34 RLA    _set_PET_font             000E4C RLA    
_gamestate_nextTurn       000E97 RLA    _gamestate_save           000EA9 RLA    
_gamestate_load           000EDD RLA    _menu_draw                000F16 RLA    
__BSS_SIZE__              000F89 REA    _missions_view            00105A RLA    
_player_register          00105E RLA    _player_login             00105F RLA    
_ship_travel              001064 RLA    _shipyard_upgrade         001067 RLA    
_starport_trade           00106B RLA    __directerrno             00106F RLA    
__fdesc                   001078 RLA    __fopen                   001095 RLA    
__heapmemavail            001110 RLA    __mappederrno             00115E RLA    
__printf                  001260 RLA    __scanf                   001512 RLA    
__seterrno                001C6E RLA    __sys                     001C77 RLA    
tosaddax                  001CBD RLA    addeqysp                  001CD5 RLA    
addysp1                   001CE4 RLA    addysp                    001CE5 RLA    
aslax4                    001CF2 RLA    axlong                    001D03 RLA    
axulong                   001D09 RLA    callmain                  001D10 RLA    
_cgetc                    001D27 RLA    _close                    001D8E RLA    
_clrscr                   001DC6 RLA    _textcolor                001DD7 RLA    
complax                   001E01 RLA    donelib                   001E0A RLA    
_cprintf                  001E16 RLA    _cputcxy                  001E40 RLA    
_cputc                    001E45 RLA    plot                      001E71 RLA    
_cputsxy                  001EA2 RLA    ctypemask                 001EC5 RLA    
ctypemaskdirect           001EC9 RLA    decaxy                    001EE3 RLA    
decsp1                    001EEC RLA    decsp4                    001EF5 RLA    
decsp6                    001F02 RLA    opencmdchannel            001F18 RLA    
closecmdchannel           001F45 RLA    readdiskerror             001F60 RLA    
writefndiskcmd            001F98 RLA    tosdiva0                  001FD3 RLA    
_fclose                   001FE8 RLA    _fgetc                    00200A RLA    
freefd                    00208E RLA    fnparse                   0020B7 RLA    
fnset                     002119 RLA    fncomplete                002123 RLA    
fnaddmode                 00212B RLA    updatedevnum              00213C  LAI   
_ferror                   002166 RLA    _fopen                    002187 RLA    
_fread                    00219F RLA    _fwrite                   002272 RLA    
_gotox                    0022ED RLA    gotoxy                    0022F3 RLA    
_gotoxy                   0022F6 RLA    _gotoy                    002302 RLA    
tosicmp                   00230A RLA    incax2                    002336 RLA    
incsp1                    00233D RLA    popax                     002344 RLA    
incsp2                    00234B RLA    incsp3                    002359 RLA    
incsp4                    00235E RLA    incsp6                    002363 RLA    
incsp8                    002368 RLA    _isdigit                  00236D RLA    
_isspace                  002375 RLA    _isxdigit                 00237D RLA    
_kbhit                    002385 RLA    tosaddeax                 002390 RLA    
ldaxi                     0023AE RLA    ldax0sp                   0023BB RLA    
ldaxysp                   0023BD RLA    leaa0sp                   0023C4 RLA    
tosmuleax                 0023D4 RLA    negeax                    002429 RLA    
_longjmp                  002447 RLA    pusheax                   002476 RLA    
_ltoa                     0024A5 RLA    _ultoa                    0024E4 RLA    
booleq                    002526 RLA    tosmoda0                  00254C RLA    
tosumulax                 00255D RLA    mul8x16                   0025A4 RLA    
mul8x16a                  0025AE RLA    mulax10                   0025DC RLA    
_abs                      0025F5 RLA    negax                     0025F9 RLA    
closeallfiles             002607  LAI   _open                     00261B RLA    
__osmaperrno              0026C5 RLA    popa                      0026DB RLA    
popptr1                   0026E5 RLA    _printf                   0026F3 RLA    
push1                     002726 RLA    pusha                     00272F RLA    
pusha0                    002743 RLA    pushax                    002745 RLA    
pushw0sp                  00275B RLA    pushwysp                  00275D RLA    
_read                     002777 RLA    regswap2                  0027F3 RLA    
return0                   002809 RLA    rwcommon                  00280D RLA    
_scanf                    002827 RLA    scratch                   00285A RLA    
__setjmp                  002873 RLA    popsargsudiv16            002898 RLA    
stax0sp                   0028B8 RLA    staxysp                   0028BA RLA    
_strlen                   0028C3 RLA    _strlower                 0028D9 RLA    
tossuba0                  002900 RLA    subysp                    002914 RLA    
_tolower                  002921 RLA    tosudivax                 002935 RLA    
udiv16                    002944 RLA    tosumoda0                 002982 RLA    
_ungetc                   002993 RLA    _vcprintf                 002A09 RLA    
_vfprintf                 002A70 RLA    _vfscanf                  002A99 RLA    
_wherex                   002ACC RLA    _wherey                   002AD2 RLA    
_write                    002AD8 RLA    zerobss                   002B2A RLA    
__hextab                  002CD6 RLA    __longminstr              002CE6 RLA    
__ctype                   002D0A RLA    __ctypeidx                002D15 RLA    
__DESTRUCTOR_TABLE__      002DEF RLA    _playerShip               002DF3 RLA    
__filetab                 002E3B RLA    _stdin                    002E53 RLA    
_stdout                   002E55 RLA    __heapptr                 002E5B RLA    
__heapend                 002E5D RLA    __heapfirst               002E5F RLA    
fdtab                     002E8F RLA    unittab                   002E97 RLA    
fncmd                     002E9F RLA    __filetype                002EC3 RLA    
jmpvec                    002EC4 RLA    curunit                   002EDF RLA    
__ONCE_RUN__              002EE0 RLA    __BSS_RUN__               002EE0 RLA    
initheap                  002EE0  LAI   initlib                   002EF0 RLA    
initcurunit               002F17  LAI   initstdin                 002F25  LAI   
initstdout                002F31  LAI   __CONSTRUCTOR_TABLE__     002F42 RLA    
cursor                    003DD3 RLA    __oserror                 003DD6 RLA    
__errno                   003E5C RLA    fnunit                    003E5E RLA    
fnlen                     003E5F RLA    fnisfile                  003E60 RLA    
__MAIN_SIZE__             0096F3 REA    __HIMEM__                 009F00 REA    
KBDBUF_PEEK               00FEBD RLA    READST                    00FFB7 RLA    
SETLFS                    00FFBA RLA    SETNAM                    00FFBD RLA    
OPEN                      00FFC0 RLA    CLOSE                     00FFC3 RLA    
CHKIN                     00FFC6 RLA    CKOUT                     00FFC9 RLA    
CLRCH                     00FFCC RLA    BASIN                     00FFCF RLA    
CHROUT                    00FFD2 RLA    _cbm_k_bsout              00FFD2 RLA    
BSOUT                     00FFD2 RLA    GETIN                     00FFE4 RLA    
PLOT                      00FFF0 RLA    


Imports list:
-------------
BASIN (kernal.o):
    diskcmd.o                 cbm/cbm.inc:47
    read.o                    cbm/cbm.inc:47
BSOUT (kernal.o):
    diskcmd.o                 cbm/cbm.inc:49
    write.o                   cbm/cbm.inc:49
    read.o                    cbm/cbm.inc:49
    c_bsout.o                 cbm/cbm.inc:49
CHKIN (kernal.o):
    diskcmd.o                 cbm/cbm.inc:44
    read.o                    cbm/cbm.inc:44
CHROUT (kernal.o):
    crt0.o                    cx16/crt0.s:10
    clrscr.o                  cx16/clrscr.s:10
    c_bsout.o                 cbm/cbm.inc:50
CKOUT (kernal.o):
    diskcmd.o                 cbm/cbm.inc:45
    write.o                   cbm/cbm.inc:45
CLOSE (kernal.o):
    open.o                    cbm/cbm.inc:36
    diskcmd.o                 cbm/cbm.inc:36
    close.o                   cbm/cbm.inc:36
CLRCH (kernal.o):
    diskcmd.o                 cbm/cbm.inc:46
    write.o                   cbm/cbm.inc:46
    read.o                    cbm/cbm.inc:46
GETIN (kernal.o):
    cgetc.o                   cx16/cgetc.s:10
KBDBUF_PEEK (kernal.o):
    kbhit.o                   cx16/kbhit.s:10
OPEN (kernal.o):
    open.o                    cbm/cbm.inc:35
    diskcmd.o                 cbm/cbm.inc:35
    write.o                   cbm/cbm.inc:35
    read.o                    cbm/cbm.inc:35
PLOT (kernal.o):
    cputc.o                   cx16/cputc.s:11
READST (kernal.o):
    write.o                   cbm/cbm.inc:32
    read.o                    cbm/cbm.inc:32
SETLFS (kernal.o):
    open.o                    cbm/cbm.inc:33
    diskcmd.o                 cbm/cbm.inc:33
    write.o                   cbm/cbm.inc:33
    read.o                    cbm/cbm.inc:33
SETNAM (kernal.o):
    filename.o                cbm/cbm.inc:34
    diskcmd.o                 cbm/cbm.inc:34
__BSS_RUN__ ([linker generated]):
    _heap.o                   common/_heap.s:8
    zerobss.o                 common/zerobss.s:8
__BSS_SIZE__ ([linker generated]):
    _heap.o                   common/_heap.s:8
    zerobss.o                 common/zerobss.s:8
__CONSTRUCTOR_COUNT__ ([linker generated]):
    condes.o                  runtime/condes.s:18
__CONSTRUCTOR_TABLE__ ([linker generated]):
    condes.o                  runtime/condes.s:18
__DESTRUCTOR_COUNT__ ([linker generated]):
    condes.o                  runtime/condes.s:19
__DESTRUCTOR_TABLE__ ([linker generated]):
    condes.o                  runtime/condes.s:19
__EXEHDR__ (exehdr.o):
    [linker generated]        /Users/rje/git/cc65/cfg/cx16.cfg:6
__HEADER_LAST__ ([linker generated]):
    [linker generated]        /Users/rje/git/cc65/cfg/cx16.cfg:14
    [linker generated]        /Users/rje/git/cc65/cfg/cx16.cfg:14
__HIMEM__ ([linker generated]):
    [linker generated]        /Users/rje/git/cc65/cfg/cx16.cfg:15
    [linker generated]        /Users/rje/git/cc65/cfg/cx16.cfg:14
__LOADADDR__ (loadaddr.o):
    [linker generated]        /Users/rje/git/cc65/cfg/cx16.cfg:5
__MAIN_SIZE__ ([linker generated]):
    crt0.o                    cx16/crt0.s:11
__MAIN_START__ ([linker generated]):
    crt0.o                    cx16/crt0.s:11
__ONCE_RUN__ ([linker generated]):
    [linker generated]        /Users/rje/git/cc65/cfg/cx16.cfg:15
    [linker generated]        /Users/rje/git/cc65/cfg/cx16.cfg:15
__STACKSIZE__ ([linker generated]):
    _heap.o                   common/_heap.s:8
    [linker generated]        /Users/rje/git/cc65/cfg/cx16.cfg:15
__STARTUP__ (crt0.o):
    main.o                    main.s:13
__ctype (ctype.o):
    ctypemask.o               common/ctypemask.s:23
__ctypeidx (ctype.o):
    ctypemask.o               common/ctypemask.s:24
__directerrno (_directerrno.o):
    open.o                    /Users/rje/git/cc65/asminc/errno.inc:10
    close.o                   /Users/rje/git/cc65/asminc/errno.inc:10
    write.o                   /Users/rje/git/cc65/asminc/errno.inc:10
    read.o                    /Users/rje/git/cc65/asminc/errno.inc:10
__errno (errno.o):
    _seterrno.o               /Users/rje/git/cc65/asminc/errno.inc:7
__fdesc (_fdesc.o):
    fopen.o                   common/fopen.s:10
__filetab (_file.o):
    _fdesc.o                  /Users/rje/git/cc65/asminc/_file.inc:25
__filetype (filetype.o):
    filename.o                cbm/filename.s:11
__fopen (_fopen.o):
    fopen.o                   common/fopen.s:10
__heapend (_heap.o):
    _heapmemavail.o           /Users/rje/git/cc65/asminc/_heap.inc:33
__heapfirst (_heap.o):
    _heapmemavail.o           /Users/rje/git/cc65/asminc/_heap.inc:34
__heapmemavail (_heapmemavail.o):
    main.o                    main.s:15
__heapptr (_heap.o):
    _heapmemavail.o           /Users/rje/git/cc65/asminc/_heap.inc:32
__hextab (_hextab.o):
    ltoa.o                    common/ltoa.s:10
__longminstr (_longminstr.o):
    ltoa.o                    common/ltoa.s:10
__mappederrno (_mappederrno.o):
    open.o                    /Users/rje/git/cc65/asminc/errno.inc:10
    close.o                   /Users/rje/git/cc65/asminc/errno.inc:10
    write.o                   /Users/rje/git/cc65/asminc/errno.inc:10
    read.o                    /Users/rje/git/cc65/asminc/errno.inc:10
__oserror (_oserror.o):
    open.o                    /Users/rje/git/cc65/asminc/errno.inc:7
    _mappederrno.o            /Users/rje/git/cc65/asminc/errno.inc:7
    _directerrno.o            /Users/rje/git/cc65/asminc/errno.inc:7
    write.o                   /Users/rje/git/cc65/asminc/errno.inc:7
    read.o                    /Users/rje/git/cc65/asminc/errno.inc:7
__osmaperrno (oserror.o):
    _mappederrno.o            /Users/rje/git/cc65/asminc/errno.inc:8
__printf (_printf.o):
    vfprintf.o                common/vfprintf.s:10
    vcprintf.o                conio/vcprintf.s:9
__scanf (_scanf.o):
    vfscanf.o                 common/_scanf.inc:17
__seterrno (_seterrno.o):
    ungetc.o                  /Users/rje/git/cc65/asminc/errno.inc:9
    fmisc.o                   /Users/rje/git/cc65/asminc/errno.inc:9
    _scanf.o                  ../libwrk/cx16/_scanf.s:16
    _mappederrno.o            /Users/rje/git/cc65/asminc/errno.inc:9
    _fopen.o                  /Users/rje/git/cc65/asminc/errno.inc:9
    _directerrno.o            /Users/rje/git/cc65/asminc/errno.inc:9
    fwrite.o                  /Users/rje/git/cc65/asminc/errno.inc:9
    fread.o                   /Users/rje/git/cc65/asminc/errno.inc:9
    fopen.o                   /Users/rje/git/cc65/asminc/errno.inc:9
    fclose.o                  /Users/rje/git/cc65/asminc/errno.inc:9
__setjmp (setjmp.o):
    _scanf.o                  ../libwrk/cx16/_scanf.s:14
__sys (_sys.o):
    common.o                  common.s:13
_abs (negabs.o):
    astrogation.o             astrogation.s:20
_astrogation_menu (astrogation.o):
    ship.o                    ship.s:14
_cbm_k_bsout (c_bsout.o):
    common.o                  common.s:14
_cgetc (cgetc.o):
    command_menu.o            command_menu.s:17
    main.o                    main.s:20
_close (close.o):
    open.o                    cbm/open.s:14
    fclose.o                  common/fclose.s:10
_clrscr (clrscr.o):
    common.o                  common.s:15
    command_menu.o            command_menu.s:14
    astrogation.o             astrogation.s:13
    main.o                    main.s:16
_command_menu (command_menu.o):
    main.o                    main.s:26
_cprintf (cprintf.o):
    astrogation.o             astrogation.s:16
_cputc (cputc.o):
    vcprintf.o                conio/vcprintf.s:9
    cputs.o                   conio/cputs.s:9
_cputcxy (cputc.o):
    menu.o                    menu.s:15
_cputsxy (cputs.o):
    menu.o                    menu.s:16
    command_menu.o            command_menu.s:16
    astrogation.o             astrogation.s:15
    main.o                    main.s:19
_fclose (fclose.o):
    gamestate.o               gamestate.s:13
_ferror (fmisc.o):
    vfscanf.o                 common/vfscanf.s:9
_fgetc (fgetc.o):
    vfscanf.o                 common/vfscanf.s:9
_fopen (fopen.o):
    gamestate.o               gamestate.s:14
_fread (fread.o):
    gamestate.o               gamestate.s:15
_fwrite (fwrite.o):
    vfprintf.o                common/vfprintf.s:10
    gamestate.o               gamestate.s:16
_gamestate_load (gamestate.o):
    main.o                    main.s:25
_gamestate_nextTurn (gamestate.o):
    command_menu.o            command_menu.s:20
_gamestate_save (gamestate.o):
    command_menu.o            command_menu.s:21
_gotox (gotox.o):
    main.o                    main.s:17
_gotoxy (gotoxy.o):
    command_menu.o            command_menu.s:15
    astrogation.o             astrogation.s:14
    main.o                    main.s:18
_gotoy (gotoy.o):
    common.o                  common.s:16
_isdigit (isdigit.o):
    _scanf.o                  ../libwrk/cx16/_scanf.s:17
_isspace (isspace.o):
    _scanf.o                  ../libwrk/cx16/_scanf.s:18
_isxdigit (isxdigit.o):
    _scanf.o                  ../libwrk/cx16/_scanf.s:19
_kbhit (kbhit.o):
    cgetc.o                   cx16/cgetc.s:10
_longjmp (longjmp.o):
    _scanf.o                  ../libwrk/cx16/_scanf.s:15
_ltoa (ltoa.o):
    _printf.o                 common/_printf.s:12
_main (main.o):
    callmain.o                runtime/callmain.s:11
_menu_draw (menu.o):
    command_menu.o            command_menu.s:19
    astrogation.o             astrogation.s:23
    main.o                    main.s:27
_missions_view (missions.o):
    command_menu.o            command_menu.s:25
_open (open.o):
    _fopen.o                  common/_fopen.s:10
_playerShip (main.o):
    astrogation.o             astrogation.s:24
_player_login (player.o):
    main.o                    main.s:24
_player_register (player.o):
    main.o                    main.s:23
_printf (printf.o):
    command_menu.o            command_menu.s:13
    astrogation.o             astrogation.s:18
    main.o                    main.s:14
_read (read.o):
    fgetc.o                   ../libwrk/cx16/fgetc.s:14
    fread.o                   common/fread.s:10
_scanf (scanf.o):
    astrogation.o             astrogation.s:19
_set_PET_font (common.o):
    main.o                    main.s:22
_ship_travel (ship.o):
    command_menu.o            command_menu.s:23
_shipyard_upgrade (shipyard.o):
    command_menu.o            command_menu.s:24
_starport_trade (starport.o):
    command_menu.o            command_menu.s:22
_stdin (_file.o):
    scanf.o                   common/scanf.s:10
_stdout (_file.o):
    printf.o                  common/printf.s:8
_strlen (strlen.o):
    _printf.o                 common/_printf.s:13
_strlower (strlower.o):
    _printf.o                 common/_printf.s:13
_textcolor (color.o):
    common.o                  common.s:17
    astrogation.o             astrogation.s:17
    main.o                    main.s:21
_tolower (tolower.o):
    _scanf.o                  ../libwrk/cx16/_scanf.s:20
_ultoa (ltoa.o):
    _printf.o                 common/_printf.s:12
_ungetc (ungetc.o):
    vfscanf.o                 common/vfscanf.s:9
_vcprintf (vcprintf.o):
    cprintf.o                 conio/cprintf.s:8
_vfprintf (vfprintf.o):
    printf.o                  common/printf.s:8
_vfscanf (vfscanf.o):
    scanf.o                   common/scanf.s:10
_wherex (wherex.o):
    menu.o                    menu.s:13
_wherey (wherey.o):
    menu.o                    menu.s:14
_write (write.o):
    fwrite.o                  common/fwrite.s:10
addeqysp (addeqsp.o):
    menu.o                    menu.s:179
    astrogation.o             astrogation.s:614
    astrogation.o             astrogation.s:614
addysp (addysp.o):
    open.o                    cbm/open.s:10
    incsp8.o                  runtime/incsp8.s:8
    incsp3.o                  runtime/incsp3.s:8
    scanf.o                   common/scanf.s:10
    printf.o                  common/printf.s:8
    incsp6.o                  runtime/incsp6.s:8
    incsp4.o                  runtime/incsp4.s:8
    fwrite.o                  common/fwrite.s:11
    cprintf.o                 conio/cprintf.s:8
    menu.o                    menu.s:179
    astrogation.o             astrogation.s:614
    astrogation.o             astrogation.s:614
    astrogation.o             astrogation.s:614
addysp1 (addysp.o):
    lmul.o                    runtime/lmul.s:9
    ladd.o                    runtime/ladd.s:8
    sub.o                     runtime/sub.s:8
aslax4 (aslax4.o):
    astrogation.o             astrogation.s:614
axlong (axlong.o):
    _printf.o                 common/_printf.s:11
axulong (axlong.o):
    _scanf.o                  ../libwrk/cx16/_scanf.s:1057
    _scanf.o                  ../libwrk/cx16/_scanf.s:1057
    _printf.o                 common/_printf.s:11
booleq (makebool.o):
    _scanf.o                  ../libwrk/cx16/_scanf.s:1057
callmain (callmain.o):
    crt0.o                    cx16/crt0.s:9
closecmdchannel (diskcmd.o):
    scratch.o                 cbm/scratch.s:8
    open.o                    cbm/open.s:12
    close.o                   cbm/close.s:9
complax (compl.o):
    _scanf.o                  ../libwrk/cx16/_scanf.s:1057
ctypemask (ctypemask.o):
    isxdigit.o                common/isxdigit.s:15
    isspace.o                 common/isspace.s:15
    isdigit.o                 common/isdigit.s:15
ctypemaskdirect (ctypemask.o):
    tolower.o                 common/tolower.s:15
    strlower.o                common/strlower.s:14
cursor (_cursor.o):
    cgetc.o                   cx16/cgetc.s:10
curunit (filevars.o):
    filename.o                cbm/filename.s:11
decaxy (decaxy.o):
    _scanf.o                  ../libwrk/cx16/_scanf.s:1057
decsp1 (decsp1.o):
    fgetc.o                   ../libwrk/cx16/fgetc.s:94
    command_menu.o            command_menu.s:202
    main.o                    main.s:169
decsp4 (decsp4.o):
    lpush.o                   runtime/lpush.s:12
    menu.o                    menu.s:179
decsp6 (decsp6.o):
    _printf.o                 common/_printf.s:11
    common.o                  common.s:77
    common.o                  common.s:77
    astrogation.o             astrogation.s:614
donelib (condes.o):
    crt0.o                    cx16/crt0.s:8
fdtab (filedes.o):
    open.o                    cbm/filedes.inc:7
    close.o                   cbm/filedes.inc:7
    write.o                   cbm/filedes.inc:7
    read.o                    cbm/filedes.inc:7
fnaddmode (filename.o):
    open.o                    cbm/open.s:11
fncmd (filename.o):
    scratch.o                 cbm/scratch.s:9
    diskcmd.o                 cbm/diskcmd.s:14
fncomplete (filename.o):
    open.o                    cbm/open.s:11
fnisfile (filename.o):
    open.o                    cbm/open.s:13
fnlen (filename.o):
    diskcmd.o                 cbm/diskcmd.s:14
fnparse (filename.o):
    open.o                    cbm/open.s:11
fnset (filename.o):
    open.o                    cbm/open.s:11
fnunit (filename.o):
    scratch.o                 cbm/scratch.s:9
    open.o                    cbm/open.s:13
    diskcmd.o                 cbm/diskcmd.s:14
freefd (filedes.o):
    open.o                    cbm/filedes.inc:9
gotoxy (gotoxy.o):
    cputs.o                   conio/cputs.s:9
    cputc.o                   cx16/cputc.s:11
incax2 (incax2.o):
    astrogation.o             astrogation.s:614
incsp1 (incsp1.o):
    _scanf.o                  ../libwrk/cx16/_scanf.s:1057
    _scanf.o                  ../libwrk/cx16/_scanf.s:1057
    _scanf.o                  ../libwrk/cx16/_scanf.s:1057
    _scanf.o                  ../libwrk/cx16/_scanf.s:1057
    _scanf.o                  ../libwrk/cx16/_scanf.s:1057
    main.o                    main.s:169
incsp2 (incsp2.o):
    popptr1.o                 runtime/popptr1.s:8
    command_menu.o            command_menu.s:202
    astrogation.o             astrogation.s:614
incsp3 (incsp3.o):
    fgetc.o                   ../libwrk/cx16/fgetc.s:94
incsp4 (incsp4.o):
    _fopen.o                  common/_fopen.s:11
    fread.o                   common/fread.s:12
    gamestate.o               gamestate.s:136
    gamestate.o               gamestate.s:136
incsp6 (incsp6.o):
    vfprintf.o                common/vfprintf.s:9
    fwrite.o                  common/fwrite.s:11
    fread.o                   common/fread.s:12
    common.o                  common.s:77
    common.o                  common.s:77
incsp8 (incsp8.o):
    _scanf.o                  ../libwrk/cx16/_scanf.s:1057
initlib (condes.o):
    crt0.o                    cx16/crt0.s:8
jmpvec (jmpvec.o):
    _scanf.o                  ../libwrk/cx16/_scanf.s:1057
    _scanf.o                  ../libwrk/cx16/_scanf.s:1057
    _sys.o                    common/_sys.s:8
ldax0sp (ldaxsp.o):
    fread.o                   common/fread.s:13
    menu.o                    menu.s:179
    gamestate.o               gamestate.s:136
    gamestate.o               gamestate.s:136
    astrogation.o             astrogation.s:614
    astrogation.o             astrogation.s:614
ldaxi (ldaxi.o):
    _scanf.o                  ../libwrk/cx16/_scanf.s:1057
    _scanf.o                  ../libwrk/cx16/_scanf.s:1057
ldaxysp (ldaxsp.o):
    _scanf.o                  ../libwrk/cx16/_scanf.s:1057
    fwrite.o                  common/fwrite.s:11
    fread.o                   common/fread.s:13
    menu.o                    menu.s:179
    gamestate.o               gamestate.s:136
    gamestate.o               gamestate.s:136
    astrogation.o             astrogation.s:614
    astrogation.o             astrogation.s:614
    astrogation.o             astrogation.s:614
leaa0sp (leaaxsp.o):
    fgetc.o                   ../libwrk/cx16/fgetc.s:94
    astrogation.o             astrogation.s:614
mul8x16 (mul8.o):
    mul.o                     runtime/mul.s:8
mul8x16a (mul8.o):
    mul.o                     runtime/mul.s:8
mulax10 (mulax10.o):
    _scanf.o                  ../libwrk/cx16/_scanf.s:1057
negax (negabs.o):
    shelp.o                   runtime/shelp.s:11
    mod.o                     runtime/mod.s:11
    div.o                     runtime/div.s:11
negeax (lneg.o):
    ltoa.o                    common/ltoa.s:9
    _scanf.o                  ../libwrk/cx16/_scanf.s:1057
opencmdchannel (diskcmd.o):
    scratch.o                 cbm/scratch.s:8
    open.o                    cbm/open.s:12
plot (cputc.o):
    gotoy.o                   cx16/gotoy.s:9
    gotoxy.o                  cx16/gotoxy.s:9
    gotox.o                   cx16/gotox.s:9
popa (popa.o):
    gotoxy.o                  cx16/gotoxy.s:9
popax (incsp2.o):
    ungetc.o                  common/ungetc.s:10
    open.o                    cbm/open.s:10
    ltoa.o                    common/ltoa.s:9
    _printf.o                 common/_printf.s:11
    vcprintf.o                conio/vcprintf.s:8
    shelp.o                   runtime/shelp.s:11
    rwcommon.o                cbm/rwcommon.s:9
popptr1 (popptr1.o):
    ltoa.o                    common/ltoa.s:9
    longjmp.o                 common/longjmp.s:9
    vcprintf.o                conio/vcprintf.s:8
    umod.o                    runtime/umod.s:8
    udiv.o                    runtime/udiv.s:9
    rwcommon.o                cbm/rwcommon.s:9
    mul8.o                    runtime/mul8.s:9
    mul.o                     runtime/mul.s:9
popsargsudiv16 (shelp.o):
    mod.o                     runtime/mod.s:11
    div.o                     runtime/div.s:11
ptr1 (zeropage.o):
    ungetc.o                  common/ungetc.s:11
    strlower.o                common/strlower.s:13
    setjmp.o                  common/setjmp.s:11
    mulax10.o                 runtime/mulax10.s:9
    ltoa.o                    common/ltoa.s:11
    longjmp.o                 common/longjmp.s:10
    lmul.o                    runtime/lmul.s:10
    ldaxi.o                   runtime/ldaxi.s:8
    fmisc.o                   common/fmisc.s:9
    filename.o                cbm/filename.s:12
    diskcmd.o                 cbm/diskcmd.s:15
    _scanf.o                  ../libwrk/cx16/_scanf.s:11
    _printf.o                 /Users/rje/git/cc65/asminc/zeropage.inc:12
    _fopen.o                  common/_fopen.s:12
    zerobss.o                 common/zerobss.s:9
    write.o                   cbm/write.s:11
    vfprintf.o                common/vfprintf.s:11
    vcprintf.o                conio/vcprintf.s:10
    udiv.o                    runtime/udiv.s:10
    shelp.o                   runtime/shelp.s:12
    scanf.o                   common/scanf.s:11
    read.o                    cbm/read.s:13
    printf.o                  common/printf.s:9
    popptr1.o                 runtime/popptr1.s:9
    mul8.o                    runtime/mul8.s:10
    mul.o                     runtime/mul.s:10
    fwrite.o                  common/fwrite.s:14
    fread.o                   common/fread.s:17
    fclose.o                  common/fclose.s:11
    div.o                     runtime/div.s:12
    cputs.o                   conio/cputs.s:10
    cprintf.o                 conio/cprintf.s:9
    _sys.o                    common/_sys.s:9
    _heapmemavail.o           common/_heapmemavail.s:10
    astrogation.o             astrogation.s:11
ptr2 (zeropage.o):
    strlower.o                common/strlower.s:13
    strlen.o                  common/strlen.s:12
    ltoa.o                    common/ltoa.s:11
    longjmp.o                 common/longjmp.s:10
    _printf.o                 /Users/rje/git/cc65/asminc/zeropage.inc:12
    write.o                   cbm/write.s:11
    vcprintf.o                conio/vcprintf.s:10
    rwcommon.o                cbm/rwcommon.s:10
    read.o                    cbm/read.s:13
    _heapmemavail.o           common/_heapmemavail.s:10
ptr3 (zeropage.o):
    ltoa.o                    common/ltoa.s:11
    lmul.o                    runtime/lmul.s:10
    write.o                   cbm/write.s:11
    vfscanf.o                 /Users/rje/git/cc65/asminc/zeropage.inc:12
    vcprintf.o                conio/vcprintf.s:10
    rwcommon.o                cbm/rwcommon.s:10
    read.o                    cbm/read.s:13
ptr4 (zeropage.o):
    lmul.o                    runtime/lmul.s:10
    umod.o                    runtime/umod.s:9
    udiv.o                    runtime/udiv.s:10
    shelp.o                   runtime/shelp.s:12
    mul8.o                    runtime/mul8.s:10
    mul.o                     runtime/mul.s:10
push1 (push1.o):
    _printf.o                 common/_printf.s:11
    vfprintf.o                common/vfprintf.s:9
pusha (pusha.o):
    _scanf.o                  ../libwrk/cx16/_scanf.s:1057
    _scanf.o                  ../libwrk/cx16/_scanf.s:1057
    _scanf.o                  ../libwrk/cx16/_scanf.s:1057
    _scanf.o                  ../libwrk/cx16/_scanf.s:1057
    _scanf.o                  ../libwrk/cx16/_scanf.s:1057
    menu.o                    menu.s:179
    command_menu.o            command_menu.s:202
    astrogation.o             astrogation.s:614
    main.o                    main.s:169
pusha0 (pushax.o):
    push1.o                   runtime/push1.s:8
    fgetc.o                   ../libwrk/cx16/fgetc.s:94
    _scanf.o                  ../libwrk/cx16/_scanf.s:1057
    fread.o                   common/fread.s:11
    gamestate.o               gamestate.s:136
    gamestate.o               gamestate.s:136
    gamestate.o               gamestate.s:136
    command_menu.o            command_menu.s:202
    astrogation.o             astrogation.s:614
pushax (pushax.o):
    fgetc.o                   ../libwrk/cx16/fgetc.s:94
    callmain.o                runtime/callmain.s:11
    _scanf.o                  ../libwrk/cx16/_scanf.s:1057
    _scanf.o                  ../libwrk/cx16/_scanf.s:1057
    _printf.o                 common/_printf.s:11
    vcprintf.o                conio/vcprintf.s:8
    scanf.o                   common/scanf.s:10
    printf.o                  common/printf.s:8
    fwrite.o                  common/fwrite.s:11
    fread.o                   common/fread.s:11
    fopen.o                   common/fopen.s:11
    cprintf.o                 conio/cprintf.s:8
    menu.o                    menu.s:179
    gamestate.o               gamestate.s:136
    gamestate.o               gamestate.s:136
    command_menu.o            command_menu.s:202
    command_menu.o            command_menu.s:202
    astrogation.o             astrogation.s:614
    astrogation.o             astrogation.s:614
    astrogation.o             astrogation.s:614
    main.o                    main.s:169
pusheax (lpush.o):
    _scanf.o                  ../libwrk/cx16/_scanf.s:1057
    _printf.o                 common/_printf.s:11
pushw0sp (pushwsp.o):
    gamestate.o               gamestate.s:136
    gamestate.o               gamestate.s:136
    astrogation.o             astrogation.s:614
pushwysp (pushwsp.o):
    vfprintf.o                common/vfprintf.s:9
    fwrite.o                  common/fwrite.s:11
    fread.o                   common/fread.s:14
    menu.o                    menu.s:179
    astrogation.o             astrogation.s:614
    astrogation.o             astrogation.s:614
readdiskerror (diskcmd.o):
    open.o                    cbm/open.s:12
    close.o                   cbm/close.s:9
regbank (zeropage.o):
    regswap2.o                runtime/regswap2.s:8
    fgetc.o                   ../libwrk/cx16/fgetc.s:10
    _scanf.o                  ../libwrk/cx16/_scanf.s:10
    _printf.o                 /Users/rje/git/cc65/asminc/zeropage.inc:14
    fread.o                   common/fread.s:31
regsave (zeropage.o):
    _scanf.o                  ../libwrk/cx16/_scanf.s:10
regswap2 (regswap2.o):
    fgetc.o                   ../libwrk/cx16/fgetc.s:94
return0 (return0.o):
    setjmp.o                  common/setjmp.s:10
    fmisc.o                   common/fmisc.s:8
    _fopen.o                  common/_fopen.s:11
    _fdesc.o                  common/_fdesc.s:9
rwcommon (rwcommon.o):
    write.o                   cbm/write.s:10
    read.o                    cbm/read.s:11
scratch (scratch.o):
    open.o                    cbm/open.s:11
sp (zeropage.o):
    setjmp.o                  common/setjmp.s:11
    regswap2.o                runtime/regswap2.s:8
    lpush.o                   runtime/lpush.s:13
    longjmp.o                 common/longjmp.s:10
    lmul.o                    runtime/lmul.s:10
    ladd.o                    runtime/ladd.s:9
    fgetc.o                   ../libwrk/cx16/fgetc.s:10
    _scanf.o                  ../libwrk/cx16/_scanf.s:10
    _printf.o                 /Users/rje/git/cc65/asminc/zeropage.inc:11
    _heap.o                   common/_heap.s:9
    _fopen.o                  common/_fopen.s:12
    vfscanf.o                 /Users/rje/git/cc65/asminc/zeropage.inc:11
    vfprintf.o                common/vfprintf.s:11
    vcprintf.o                conio/vcprintf.s:10
    subysp.o                  runtime/subysp.s:9
    sub.o                     runtime/sub.s:9
    staxsp.o                  runtime/staxsp.s:8
    scanf.o                   common/scanf.s:11
    pushwsp.o                 runtime/pushwsp.s:8
    pushax.o                  runtime/pushax.s:8
    pusha.o                   runtime/pusha.s:8
    printf.o                  common/printf.s:9
    popptr1.o                 runtime/popptr1.s:9
    popa.o                    runtime/popa.s:8
    leaaxsp.o                 runtime/leaaxsp.s:8
    ldaxsp.o                  runtime/ldaxsp.s:8
    incsp2.o                  runtime/incsp2.s:8
    incsp1.o                  runtime/incsp1.s:8
    icmp.o                    runtime/icmp.s:9
    fread.o                   common/fread.s:17
    decsp6.o                  runtime/decsp6.s:8
    decsp4.o                  runtime/decsp4.s:8
    decsp1.o                  runtime/decsp1.s:8
    crt0.o                    /Users/rje/git/cc65/asminc/zeropage.inc:11
    cprintf.o                 conio/cprintf.s:9
    addysp.o                  runtime/addysp.s:8
    addeqsp.o                 runtime/addeqsp.s:8
    add.o                     runtime/add.s:12
    menu.o                    menu.s:10
    common.o                  common.s:10
    command_menu.o            command_menu.s:10
    astrogation.o             astrogation.s:10
    main.o                    main.s:10
sreg (zeropage.o):
    ltoa.o                    common/ltoa.s:11
    lpush.o                   runtime/lpush.s:13
    lneg.o                    runtime/lneg.s:11
    lmul.o                    runtime/lmul.s:10
    ladd.o                    runtime/ladd.s:9
    axlong.o                  runtime/axlong.s:9
    _scanf.o                  ../libwrk/cx16/_scanf.s:10
    _printf.o                 /Users/rje/git/cc65/asminc/zeropage.inc:11
    umod.o                    runtime/umod.s:9
    udiv.o                    runtime/udiv.s:10
    mod.o                     runtime/mod.s:12
    icmp.o                    runtime/icmp.s:9
stax0sp (staxsp.o):
    astrogation.o             astrogation.s:614
    astrogation.o             astrogation.s:614
    astrogation.o             astrogation.s:614
staxysp (staxsp.o):
    menu.o                    menu.s:179
    common.o                  common.s:77
    common.o                  common.s:77
    astrogation.o             astrogation.s:614
    astrogation.o             astrogation.s:614
subysp (subysp.o):
    astrogation.o             astrogation.s:614
tmp1 (zeropage.o):
    ungetc.o                  common/ungetc.s:11
    ltoa.o                    common/ltoa.s:11
    ladd.o                    runtime/ladd.s:9
    filename.o                cbm/filename.s:12
    diskcmd.o                 cbm/diskcmd.s:15
    decaxy.o                  runtime/decaxy.s:8
    _printf.o                 /Users/rje/git/cc65/asminc/zeropage.inc:13
    vcprintf.o                conio/vcprintf.s:10
    shelp.o                   runtime/shelp.s:12
    read.o                    cbm/read.s:13
    mul.o                     runtime/mul.s:10
    mod.o                     runtime/mod.s:12
    div.o                     runtime/div.s:12
    cputs.o                   conio/cputs.s:10
    color.o                   cx16/color.s:11
    aslax4.o                  runtime/aslax4.s:8
tmp2 (zeropage.o):
    open.o                    cbm/open.s:15
    lmul.o                    runtime/lmul.s:10
    close.o                   cbm/close.s:10
    shelp.o                   runtime/shelp.s:12
    rwcommon.o                cbm/rwcommon.s:10
    read.o                    cbm/read.s:13
    div.o                     runtime/div.s:12
tmp3 (zeropage.o):
    open.o                    cbm/open.s:15
    lmul.o                    runtime/lmul.s:10
    read.o                    cbm/read.s:13
tmp4 (zeropage.o):
    lmul.o                    runtime/lmul.s:10
tosaddax (add.o):
    astrogation.o             astrogation.s:614
tosaddeax (ladd.o):
    _scanf.o                  ../libwrk/cx16/_scanf.s:1057
tosdiva0 (div.o):
    astrogation.o             astrogation.s:614
    astrogation.o             astrogation.s:614
tosicmp (icmp.o):
    menu.o                    menu.s:179
    astrogation.o             astrogation.s:614
    astrogation.o             astrogation.s:614
tosmoda0 (mod.o):
    astrogation.o             astrogation.s:614
tosmuleax (lmul.o):
    _scanf.o                  ../libwrk/cx16/_scanf.s:1057
tossuba0 (sub.o):
    _scanf.o                  ../libwrk/cx16/_scanf.s:1057
    astrogation.o             astrogation.s:614
tosudivax (udiv.o):
    fwrite.o                  common/fwrite.s:12
    fread.o                   common/fread.s:15
tosumoda0 (umod.o):
    gamestate.o               gamestate.s:136
tosumulax (mul.o):
    fwrite.o                  common/fwrite.s:12
    fread.o                   common/fread.s:15
udiv16 (udiv.o):
    umod.o                    runtime/umod.s:8
    shelp.o                   runtime/shelp.s:11
unittab (filedes.o):
    open.o                    cbm/filedes.inc:8
    close.o                   cbm/filedes.inc:8
    read.o                    cbm/filedes.inc:8
writefndiskcmd (diskcmd.o):
    scratch.o                 cbm/scratch.s:8
zerobss (zerobss.o):
    crt0.o                    cx16/crt0.s:9

